Archive member included because of file (symbol)

.\CortexM3\ARM_GCC_441\Debug\LEDPong.a(PlayerBT1.o)
                              .\CortexM3\ARM_GCC_441\Debug\main.o (PlayerBT1_Start)
.\CortexM3\ARM_GCC_441\Debug\LEDPong.a(CyBootAsmGnu.o)
                              .\CortexM3\ARM_GCC_441\Debug\LEDPong.a(PlayerBT1.o) (CyEnterCriticalSection)
.\CortexM3\ARM_GCC_441\Debug\LEDPong.a(CyLib.o)
                              .\CortexM3\ARM_GCC_441\Debug\Cm3Start.o (CyResetStatus)
.\CortexM3\ARM_GCC_441\Debug\LEDPong.a(cyPm.o)
                              .\CortexM3\ARM_GCC_441\Debug\LEDPong.a(CyLib.o) (CyPmReadStatus)
.\CortexM3\ARM_GCC_441\Debug\LEDPong.a(LCD.o)
                              .\CortexM3\ARM_GCC_441\Debug\main.o (LCD_WriteControl)
.\CortexM3\ARM_GCC_441\Debug\LEDPong.a(cyfitter_cfg.o)
                              .\CortexM3\ARM_GCC_441\Debug\Cm3Start.o (cyfitter_cfg)
.\CortexM3\ARM_GCC_441\Debug\LEDPong.a(CyFlash.o)
                              .\CortexM3\ARM_GCC_441\Debug\LEDPong.a(cyPm.o) (CyFlash_SetWaitCycles)
.\CortexM3\ARM_GCC_441\Debug\LEDPong.a(CySpc.o)
                              .\CortexM3\ARM_GCC_441\Debug\LEDPong.a(CyFlash.o) (CySpcStart)
c:/program files (x86)/cypress/psoc creator/2.2/psoc creator/import/gnu_cs/arm/4.4.1/bin/../lib/gcc/arm-none-eabi/4.4.1/../../../../arm-none-eabi/lib/thumb2\libc.a(lib_a-memcpy.o)
                              .\CortexM3\ARM_GCC_441\Debug\LEDPong.a(cyPm.o) (memcpy)
c:/program files (x86)/cypress/psoc creator/2.2/psoc creator/import/gnu_cs/arm/4.4.1/bin/../lib/gcc/arm-none-eabi/4.4.1/../../../../arm-none-eabi/lib/thumb2\libc.a(lib_a-memset.o)
                              .\CortexM3\ARM_GCC_441\Debug\LEDPong.a(cyPm.o) (memset)
c:/program files (x86)/cypress/psoc creator/2.2/psoc creator/import/gnu_cs/arm/4.4.1/bin/../lib/gcc/arm-none-eabi/4.4.1/../../../../arm-none-eabi/lib/thumb2\libcs3.a(start_c.o)
                              (__cs3_start_c)
c:/program files (x86)/cypress/psoc creator/2.2/psoc creator/import/gnu_cs/arm/4.4.1/bin/../lib/gcc/arm-none-eabi/4.4.1/../../../../arm-none-eabi/lib/thumb2\libcs3micro.a(micro_isr_interrupt.o)
                              (__cs3_isr_nmi)
c:/program files (x86)/cypress/psoc creator/2.2/psoc creator/import/gnu_cs/arm/4.4.1/bin/../lib/gcc/arm-none-eabi/4.4.1/../../../../arm-none-eabi/lib/thumb2\libc.a(lib_a-init.o)
                              c:/program files (x86)/cypress/psoc creator/2.2/psoc creator/import/gnu_cs/arm/4.4.1/bin/../lib/gcc/arm-none-eabi/4.4.1/../../../../arm-none-eabi/lib/thumb2\libcs3.a(start_c.o) (__libc_init_array)

Allocating common symbols
Common symbol       size              file

CyResetStatus       0x1               .\CortexM3\ARM_GCC_441\Debug\LEDPong.a(CyLib.o)
dieTemperature      0x2               .\CortexM3\ARM_GCC_441\Debug\LEDPong.a(CyFlash.o)

Discarded input sections

 .text          0x00000000        0x0 c:/program files (x86)/cypress/psoc creator/2.2/psoc creator/import/gnu_cs/arm/4.4.1/bin/../lib/gcc/arm-none-eabi/4.4.1/thumb2/crti.o
 .data          0x00000000        0x0 c:/program files (x86)/cypress/psoc creator/2.2/psoc creator/import/gnu_cs/arm/4.4.1/bin/../lib/gcc/arm-none-eabi/4.4.1/thumb2/crti.o
 .bss           0x00000000        0x0 c:/program files (x86)/cypress/psoc creator/2.2/psoc creator/import/gnu_cs/arm/4.4.1/bin/../lib/gcc/arm-none-eabi/4.4.1/thumb2/crti.o
 .data          0x00000000        0x4 c:/program files (x86)/cypress/psoc creator/2.2/psoc creator/import/gnu_cs/arm/4.4.1/bin/../lib/gcc/arm-none-eabi/4.4.1/thumb2/crtbegin.o
 .text          0x00000000        0x0 .\CortexM3\ARM_GCC_441\Debug\main.o
 .data          0x00000000        0x0 .\CortexM3\ARM_GCC_441\Debug\main.o
 .bss           0x00000000        0x0 .\CortexM3\ARM_GCC_441\Debug\main.o
 .text          0x00000000        0x0 .\CortexM3\ARM_GCC_441\Debug\Cm3Start.o
 .data          0x00000000        0x0 .\CortexM3\ARM_GCC_441\Debug\Cm3Start.o
 .bss           0x00000000        0x0 .\CortexM3\ARM_GCC_441\Debug\Cm3Start.o
 .text          0x00000000        0x0 .\CortexM3\ARM_GCC_441\Debug\LEDPong.a(PlayerBT1.o)
 .data          0x00000000        0x0 .\CortexM3\ARM_GCC_441\Debug\LEDPong.a(PlayerBT1.o)
 .text.PlayerBT1_Stop
                0x00000000       0x6c .\CortexM3\ARM_GCC_441\Debug\LEDPong.a(PlayerBT1.o)
 .text.PlayerBT1_ReadControlRegister
                0x00000000       0x10 .\CortexM3\ARM_GCC_441\Debug\LEDPong.a(PlayerBT1.o)
 .text.PlayerBT1_WriteControlRegister
                0x00000000       0x14 .\CortexM3\ARM_GCC_441\Debug\LEDPong.a(PlayerBT1.o)
 .text.PlayerBT1_SetRxInterruptMode
                0x00000000       0x20 .\CortexM3\ARM_GCC_441\Debug\LEDPong.a(PlayerBT1.o)
 .text.PlayerBT1_ReadRxData
                0x00000000       0x20 .\CortexM3\ARM_GCC_441\Debug\LEDPong.a(PlayerBT1.o)
 .text.PlayerBT1_ReadRxStatus
                0x00000000       0x28 .\CortexM3\ARM_GCC_441\Debug\LEDPong.a(PlayerBT1.o)
 .text.PlayerBT1_GetByte
                0x00000000       0x24 .\CortexM3\ARM_GCC_441\Debug\LEDPong.a(PlayerBT1.o)
 .text.PlayerBT1_GetRxBufferSize
                0x00000000       0x34 .\CortexM3\ARM_GCC_441\Debug\LEDPong.a(PlayerBT1.o)
 .text.PlayerBT1_ClearRxBuffer
                0x00000000       0x54 .\CortexM3\ARM_GCC_441\Debug\LEDPong.a(PlayerBT1.o)
 .text.PlayerBT1_SetRxAddressMode
                0x00000000       0x14 .\CortexM3\ARM_GCC_441\Debug\LEDPong.a(PlayerBT1.o)
 .text.PlayerBT1_SetRxAddress1
                0x00000000       0x20 .\CortexM3\ARM_GCC_441\Debug\LEDPong.a(PlayerBT1.o)
 .text.PlayerBT1_SetRxAddress2
                0x00000000       0x20 .\CortexM3\ARM_GCC_441\Debug\LEDPong.a(PlayerBT1.o)
 .text.PlayerBT1_SetTxInterruptMode
                0x00000000       0x20 .\CortexM3\ARM_GCC_441\Debug\LEDPong.a(PlayerBT1.o)
 .text.PlayerBT1_WriteTxData
                0x00000000       0x30 .\CortexM3\ARM_GCC_441\Debug\LEDPong.a(PlayerBT1.o)
 .text.PlayerBT1_ReadTxStatus
                0x00000000       0x18 .\CortexM3\ARM_GCC_441\Debug\LEDPong.a(PlayerBT1.o)
 .text.PlayerBT1_PutChar
                0x00000000       0x34 .\CortexM3\ARM_GCC_441\Debug\LEDPong.a(PlayerBT1.o)
 .text.PlayerBT1_PutString
                0x00000000       0x48 .\CortexM3\ARM_GCC_441\Debug\LEDPong.a(PlayerBT1.o)
 .text.PlayerBT1_PutArray
                0x00000000       0x48 .\CortexM3\ARM_GCC_441\Debug\LEDPong.a(PlayerBT1.o)
 .text.PlayerBT1_PutCRLF
                0x00000000       0x38 .\CortexM3\ARM_GCC_441\Debug\LEDPong.a(PlayerBT1.o)
 .text.PlayerBT1_GetTxBufferSize
                0x00000000       0x4c .\CortexM3\ARM_GCC_441\Debug\LEDPong.a(PlayerBT1.o)
 .text.PlayerBT1_ClearTxBuffer
                0x00000000       0x54 .\CortexM3\ARM_GCC_441\Debug\LEDPong.a(PlayerBT1.o)
 .text.PlayerBT1_SendBreak
                0x00000000       0xcc .\CortexM3\ARM_GCC_441\Debug\LEDPong.a(PlayerBT1.o)
 .text.PlayerBT1_SetTxAddressMode
                0x00000000       0x14 .\CortexM3\ARM_GCC_441\Debug\LEDPong.a(PlayerBT1.o)
 .data          0x00000000        0x0 .\CortexM3\ARM_GCC_441\Debug\LEDPong.a(CyBootAsmGnu.o)
 .bss           0x00000000        0x0 .\CortexM3\ARM_GCC_441\Debug\LEDPong.a(CyBootAsmGnu.o)
 .text          0x00000000        0x0 .\CortexM3\ARM_GCC_441\Debug\LEDPong.a(CyLib.o)
 .bss           0x00000000        0x0 .\CortexM3\ARM_GCC_441\Debug\LEDPong.a(CyLib.o)
 .text.CyPLL_OUT_Start
                0x00000000       0xdc .\CortexM3\ARM_GCC_441\Debug\LEDPong.a(CyLib.o)
 .text.CyPLL_OUT_Stop
                0x00000000       0x24 .\CortexM3\ARM_GCC_441\Debug\LEDPong.a(CyLib.o)
 .text.CyPLL_OUT_SetPQ
                0x00000000       0xac .\CortexM3\ARM_GCC_441\Debug\LEDPong.a(CyLib.o)
 .text.CyPLL_OUT_SetSource
                0x00000000       0x64 .\CortexM3\ARM_GCC_441\Debug\LEDPong.a(CyLib.o)
 .text.CyIMO_Start
                0x00000000       0xd0 .\CortexM3\ARM_GCC_441\Debug\LEDPong.a(CyLib.o)
 .text.CyIMO_Stop
                0x00000000       0x24 .\CortexM3\ARM_GCC_441\Debug\LEDPong.a(CyLib.o)
 .text.CyUSB_PowerOnCheck
                0x00000000       0x74 .\CortexM3\ARM_GCC_441\Debug\LEDPong.a(CyLib.o)
 .text.CyIMO_SetTrimValue
                0x00000000      0x12c .\CortexM3\ARM_GCC_441\Debug\LEDPong.a(CyLib.o)
 .text.CyIMO_SetFreq
                0x00000000      0x1b4 .\CortexM3\ARM_GCC_441\Debug\LEDPong.a(CyLib.o)
 .text.CyIMO_SetSource
                0x00000000       0xb8 .\CortexM3\ARM_GCC_441\Debug\LEDPong.a(CyLib.o)
 .text.CyIMO_EnableDoubler
                0x00000000       0x28 .\CortexM3\ARM_GCC_441\Debug\LEDPong.a(CyLib.o)
 .text.CyIMO_DisableDoubler
                0x00000000       0x24 .\CortexM3\ARM_GCC_441\Debug\LEDPong.a(CyLib.o)
 .text.CyMasterClk_SetSource
                0x00000000       0x70 .\CortexM3\ARM_GCC_441\Debug\LEDPong.a(CyLib.o)
 .text.CyMasterClk_SetDivider
                0x00000000       0x20 .\CortexM3\ARM_GCC_441\Debug\LEDPong.a(CyLib.o)
 .text.CyBusClk_Internal_SetDivider
                0x00000000       0x9c .\CortexM3\ARM_GCC_441\Debug\LEDPong.a(CyLib.o)
 .text.CyBusClk_SetDivider
                0x00000000       0xcc .\CortexM3\ARM_GCC_441\Debug\LEDPong.a(CyLib.o)
 .text.CyUsbClk_SetSource
                0x00000000       0x3c .\CortexM3\ARM_GCC_441\Debug\LEDPong.a(CyLib.o)
 .text.CyILO_Start1K
                0x00000000       0x28 .\CortexM3\ARM_GCC_441\Debug\LEDPong.a(CyLib.o)
 .text.CyILO_Stop1K
                0x00000000       0x24 .\CortexM3\ARM_GCC_441\Debug\LEDPong.a(CyLib.o)
 .text.CyILO_Start100K
                0x00000000       0x28 .\CortexM3\ARM_GCC_441\Debug\LEDPong.a(CyLib.o)
 .text.CyILO_Stop100K
                0x00000000       0x24 .\CortexM3\ARM_GCC_441\Debug\LEDPong.a(CyLib.o)
 .text.CyILO_Enable33K
                0x00000000       0x28 .\CortexM3\ARM_GCC_441\Debug\LEDPong.a(CyLib.o)
 .text.CyILO_Disable33K
                0x00000000       0x24 .\CortexM3\ARM_GCC_441\Debug\LEDPong.a(CyLib.o)
 .text.CyILO_SetSource
                0x00000000       0x44 .\CortexM3\ARM_GCC_441\Debug\LEDPong.a(CyLib.o)
 .text.CyILO_SetPowerMode
                0x00000000       0x58 .\CortexM3\ARM_GCC_441\Debug\LEDPong.a(CyLib.o)
 .text.CyXTAL_32KHZ_Start
                0x00000000       0xa4 .\CortexM3\ARM_GCC_441\Debug\LEDPong.a(CyLib.o)
 .text.CyXTAL_32KHZ_Stop
                0x00000000       0x60 .\CortexM3\ARM_GCC_441\Debug\LEDPong.a(CyLib.o)
 .text.CyXTAL_32KHZ_ReadStatus
                0x00000000       0x1c .\CortexM3\ARM_GCC_441\Debug\LEDPong.a(CyLib.o)
 .text.CyXTAL_32KHZ_SetPowerMode
                0x00000000       0xf8 .\CortexM3\ARM_GCC_441\Debug\LEDPong.a(CyLib.o)
 .text.CyXTAL_Start
                0x00000000       0xe4 .\CortexM3\ARM_GCC_441\Debug\LEDPong.a(CyLib.o)
 .text.CyXTAL_Stop
                0x00000000       0x24 .\CortexM3\ARM_GCC_441\Debug\LEDPong.a(CyLib.o)
 .text.CyXTAL_SetStartup
                0x00000000       0x3c .\CortexM3\ARM_GCC_441\Debug\LEDPong.a(CyLib.o)
 .text.CyHalt   0x00000000       0x18 .\CortexM3\ARM_GCC_441\Debug\LEDPong.a(CyLib.o)
 .text.CySoftwareReset
                0x00000000       0x18 .\CortexM3\ARM_GCC_441\Debug\LEDPong.a(CyLib.o)
 .text.CyDelayFreq
                0x00000000       0xac .\CortexM3\ARM_GCC_441\Debug\LEDPong.a(CyLib.o)
 .text.CyWdtStart
                0x00000000       0x98 .\CortexM3\ARM_GCC_441\Debug\LEDPong.a(CyLib.o)
 .text.CyWdtClear
                0x00000000       0x44 .\CortexM3\ARM_GCC_441\Debug\LEDPong.a(CyLib.o)
 .text.CyVdLvDigitEnable
                0x00000000       0x94 .\CortexM3\ARM_GCC_441\Debug\LEDPong.a(CyLib.o)
 .text.CyVdLvAnalogEnable
                0x00000000       0x98 .\CortexM3\ARM_GCC_441\Debug\LEDPong.a(CyLib.o)
 .text.CyVdLvDigitDisable
                0x00000000       0x38 .\CortexM3\ARM_GCC_441\Debug\LEDPong.a(CyLib.o)
 .text.CyVdLvAnalogDisable
                0x00000000       0x38 .\CortexM3\ARM_GCC_441\Debug\LEDPong.a(CyLib.o)
 .text.CyVdHvAnalogEnable
                0x00000000       0x60 .\CortexM3\ARM_GCC_441\Debug\LEDPong.a(CyLib.o)
 .text.CyVdHvAnalogDisable
                0x00000000       0x24 .\CortexM3\ARM_GCC_441\Debug\LEDPong.a(CyLib.o)
 .text.CyVdStickyStatus
                0x00000000       0x48 .\CortexM3\ARM_GCC_441\Debug\LEDPong.a(CyLib.o)
 .text.CyVdRealTimeStatus
                0x00000000       0x30 .\CortexM3\ARM_GCC_441\Debug\LEDPong.a(CyLib.o)
 .text.CyDisableInts
                0x00000000       0x3c .\CortexM3\ARM_GCC_441\Debug\LEDPong.a(CyLib.o)
 .text.CyEnableInts
                0x00000000       0x2c .\CortexM3\ARM_GCC_441\Debug\LEDPong.a(CyLib.o)
 .text.CyFlushCache
                0x00000000       0x7c .\CortexM3\ARM_GCC_441\Debug\LEDPong.a(CyLib.o)
 .text.CyIntSetSysVector
                0x00000000       0x58 .\CortexM3\ARM_GCC_441\Debug\LEDPong.a(CyLib.o)
 .text.CyIntGetSysVector
                0x00000000       0x40 .\CortexM3\ARM_GCC_441\Debug\LEDPong.a(CyLib.o)
 .text.CyIntSetVector
                0x00000000       0x60 .\CortexM3\ARM_GCC_441\Debug\LEDPong.a(CyLib.o)
 .text.CyIntGetVector
                0x00000000       0x44 .\CortexM3\ARM_GCC_441\Debug\LEDPong.a(CyLib.o)
 .text.CyIntSetPriority
                0x00000000       0x4c .\CortexM3\ARM_GCC_441\Debug\LEDPong.a(CyLib.o)
 .text.CyIntGetPriority
                0x00000000       0x3c .\CortexM3\ARM_GCC_441\Debug\LEDPong.a(CyLib.o)
 .text.CyIntGetState
                0x00000000       0x40 .\CortexM3\ARM_GCC_441\Debug\LEDPong.a(CyLib.o)
 .text          0x00000000        0x0 .\CortexM3\ARM_GCC_441\Debug\LEDPong.a(cyPm.o)
 .data          0x00000000        0x0 .\CortexM3\ARM_GCC_441\Debug\LEDPong.a(cyPm.o)
 .bss           0x00000000       0xbc .\CortexM3\ARM_GCC_441\Debug\LEDPong.a(cyPm.o)
 .rodata        0x00000000       0x10 .\CortexM3\ARM_GCC_441\Debug\LEDPong.a(cyPm.o)
 .text.CyPmSaveClocks
                0x00000000      0x350 .\CortexM3\ARM_GCC_441\Debug\LEDPong.a(cyPm.o)
 .text.CyPmRestoreClocks
                0x00000000      0x3c0 .\CortexM3\ARM_GCC_441\Debug\LEDPong.a(cyPm.o)
 .text.CyPmAltAct
                0x00000000       0x64 .\CortexM3\ARM_GCC_441\Debug\LEDPong.a(cyPm.o)
 .text.CyPmSleep
                0x00000000      0x130 .\CortexM3\ARM_GCC_441\Debug\LEDPong.a(cyPm.o)
 .text.CyPmHibernate
                0x00000000      0x10c .\CortexM3\ARM_GCC_441\Debug\LEDPong.a(cyPm.o)
 .text.CyPmReadStatus
                0x00000000       0x7c .\CortexM3\ARM_GCC_441\Debug\LEDPong.a(cyPm.o)
 .text.CyPmHibSaveSet
                0x00000000       0x60 .\CortexM3\ARM_GCC_441\Debug\LEDPong.a(cyPm.o)
 .text.CyPmHibRestore
                0x00000000       0x38 .\CortexM3\ARM_GCC_441\Debug\LEDPong.a(cyPm.o)
 .text.CyPmCtwSetInterval
                0x00000000       0xd8 .\CortexM3\ARM_GCC_441\Debug\LEDPong.a(cyPm.o)
 .text.CyPmOppsSet
                0x00000000       0x54 .\CortexM3\ARM_GCC_441\Debug\LEDPong.a(cyPm.o)
 .text.CyPmFtwSetInterval
                0x00000000       0xdc .\CortexM3\ARM_GCC_441\Debug\LEDPong.a(cyPm.o)
 .text.CyPmSavePicuInterrupts
                0x00000000       0x4c .\CortexM3\ARM_GCC_441\Debug\LEDPong.a(cyPm.o)
 .text.CyPmDisablePicuInterrupts
                0x00000000       0x44 .\CortexM3\ARM_GCC_441\Debug\LEDPong.a(cyPm.o)
 .text.CyPmRestorePicuInterrupts
                0x00000000       0x4c .\CortexM3\ARM_GCC_441\Debug\LEDPong.a(cyPm.o)
 .text.CyPmSlpSaveSet
                0x00000000      0x130 .\CortexM3\ARM_GCC_441\Debug\LEDPong.a(cyPm.o)
 .text.CyPmSlpRestore
                0x00000000       0xa4 .\CortexM3\ARM_GCC_441\Debug\LEDPong.a(cyPm.o)
 .text.CyPmHibSlpSaveSet
                0x00000000      0xbd8 .\CortexM3\ARM_GCC_441\Debug\LEDPong.a(cyPm.o)
 .text.CyPmHibSlpRestore
                0x00000000      0x6f0 .\CortexM3\ARM_GCC_441\Debug\LEDPong.a(cyPm.o)
 .text.CyPmHviLviSaveDisable
                0x00000000      0x114 .\CortexM3\ARM_GCC_441\Debug\LEDPong.a(cyPm.o)
 .text.CyPmHviLviRestore
                0x00000000       0x7c .\CortexM3\ARM_GCC_441\Debug\LEDPong.a(cyPm.o)
 .text          0x00000000        0x0 .\CortexM3\ARM_GCC_441\Debug\LEDPong.a(LCD.o)
 .data          0x00000000        0x0 .\CortexM3\ARM_GCC_441\Debug\LEDPong.a(LCD.o)
 .text.LCD_Stop
                0x00000000       0x1c .\CortexM3\ARM_GCC_441\Debug\LEDPong.a(LCD.o)
 .text.LCD_PrintString
                0x00000000       0x40 .\CortexM3\ARM_GCC_441\Debug\LEDPong.a(LCD.o)
 .text.LCD_PrintInt16
                0x00000000       0x2c .\CortexM3\ARM_GCC_441\Debug\LEDPong.a(LCD.o)
 .text.LCD_PrintNumber
                0x00000000      0x110 .\CortexM3\ARM_GCC_441\Debug\LEDPong.a(LCD.o)
 .text          0x00000000        0x0 .\CortexM3\ARM_GCC_441\Debug\LEDPong.a(cyfitter_cfg.o)
 .data          0x00000000        0x0 .\CortexM3\ARM_GCC_441\Debug\LEDPong.a(cyfitter_cfg.o)
 .bss           0x00000000        0x0 .\CortexM3\ARM_GCC_441\Debug\LEDPong.a(cyfitter_cfg.o)
 .text.CYCONFIGCPYCODE8
                0x00000000       0x20 .\CortexM3\ARM_GCC_441\Debug\LEDPong.a(cyfitter_cfg.o)
 .text.CYCONFIGCPYCODE
                0x00000000       0x20 .\CortexM3\ARM_GCC_441\Debug\LEDPong.a(cyfitter_cfg.o)
 .text.SetAnalogRoutingPumps
                0x00000000       0x30 .\CortexM3\ARM_GCC_441\Debug\LEDPong.a(cyfitter_cfg.o)
 .text          0x00000000        0x0 .\CortexM3\ARM_GCC_441\Debug\LEDPong.a(CyFlash.o)
 .data          0x00000000        0x0 .\CortexM3\ARM_GCC_441\Debug\LEDPong.a(CyFlash.o)
 .bss           0x00000000        0x4 .\CortexM3\ARM_GCC_441\Debug\LEDPong.a(CyFlash.o)
 .text.CyFlash_Start
                0x00000000       0x50 .\CortexM3\ARM_GCC_441\Debug\LEDPong.a(CyFlash.o)
 .text.CyFlash_Stop
                0x00000000       0x40 .\CortexM3\ARM_GCC_441\Debug\LEDPong.a(CyFlash.o)
 .text.CySetTempInt
                0x00000000       0x98 .\CortexM3\ARM_GCC_441\Debug\LEDPong.a(CyFlash.o)
 .text.CySetTemp
                0x00000000       0x28 .\CortexM3\ARM_GCC_441\Debug\LEDPong.a(CyFlash.o)
 .text.CySetFlashEEBuffer
                0x00000000       0x50 .\CortexM3\ARM_GCC_441\Debug\LEDPong.a(CyFlash.o)
 .text.CyWriteRowData
                0x00000000       0xac .\CortexM3\ARM_GCC_441\Debug\LEDPong.a(CyFlash.o)
 .text.CyWriteRowFull
                0x00000000      0x124 .\CortexM3\ARM_GCC_441\Debug\LEDPong.a(CyFlash.o)
 .text.CyFlash_SetWaitCycles
                0x00000000       0xc4 .\CortexM3\ARM_GCC_441\Debug\LEDPong.a(CyFlash.o)
 .text.CyEEPROM_ReadReserve
                0x00000000       0x3c .\CortexM3\ARM_GCC_441\Debug\LEDPong.a(CyFlash.o)
 .text.CyEEPROM_ReadRelease
                0x00000000       0x20 .\CortexM3\ARM_GCC_441\Debug\LEDPong.a(CyFlash.o)
 COMMON         0x00000000        0x2 .\CortexM3\ARM_GCC_441\Debug\LEDPong.a(CyFlash.o)
 .text          0x00000000        0x0 .\CortexM3\ARM_GCC_441\Debug\LEDPong.a(CySpc.o)
 .data          0x00000000        0x0 .\CortexM3\ARM_GCC_441\Debug\LEDPong.a(CySpc.o)
 .bss           0x00000000        0x1 .\CortexM3\ARM_GCC_441\Debug\LEDPong.a(CySpc.o)
 .text.CySpcStart
                0x00000000       0x58 .\CortexM3\ARM_GCC_441\Debug\LEDPong.a(CySpc.o)
 .text.CySpcStop
                0x00000000       0x54 .\CortexM3\ARM_GCC_441\Debug\LEDPong.a(CySpc.o)
 .text.CySpcReadData
                0x00000000       0x64 .\CortexM3\ARM_GCC_441\Debug\LEDPong.a(CySpc.o)
 .text.CySpcLoadMultiByte
                0x00000000      0x118 .\CortexM3\ARM_GCC_441\Debug\LEDPong.a(CySpc.o)
 .text.CySpcLoadRow
                0x00000000       0xbc .\CortexM3\ARM_GCC_441\Debug\LEDPong.a(CySpc.o)
 .text.CySpcWriteRow
                0x00000000       0xcc .\CortexM3\ARM_GCC_441\Debug\LEDPong.a(CySpc.o)
 .text.CySpcEraseSector
                0x00000000       0x9c .\CortexM3\ARM_GCC_441\Debug\LEDPong.a(CySpc.o)
 .text.CySpcGetTemp
                0x00000000       0xc4 .\CortexM3\ARM_GCC_441\Debug\LEDPong.a(CySpc.o)
 .text.CySpcLock
                0x00000000       0x4c .\CortexM3\ARM_GCC_441\Debug\LEDPong.a(CySpc.o)
 .text.CySpcUnlock
                0x00000000       0x2c .\CortexM3\ARM_GCC_441\Debug\LEDPong.a(CySpc.o)
 .data          0x00000000        0x0 c:/program files (x86)/cypress/psoc creator/2.2/psoc creator/import/gnu_cs/arm/4.4.1/bin/../lib/gcc/arm-none-eabi/4.4.1/../../../../arm-none-eabi/lib/thumb2\libc.a(lib_a-memcpy.o)
 .bss           0x00000000        0x0 c:/program files (x86)/cypress/psoc creator/2.2/psoc creator/import/gnu_cs/arm/4.4.1/bin/../lib/gcc/arm-none-eabi/4.4.1/../../../../arm-none-eabi/lib/thumb2\libc.a(lib_a-memcpy.o)
 .data          0x00000000        0x0 c:/program files (x86)/cypress/psoc creator/2.2/psoc creator/import/gnu_cs/arm/4.4.1/bin/../lib/gcc/arm-none-eabi/4.4.1/../../../../arm-none-eabi/lib/thumb2\libc.a(lib_a-memset.o)
 .bss           0x00000000        0x0 c:/program files (x86)/cypress/psoc creator/2.2/psoc creator/import/gnu_cs/arm/4.4.1/bin/../lib/gcc/arm-none-eabi/4.4.1/../../../../arm-none-eabi/lib/thumb2\libc.a(lib_a-memset.o)
 .text          0x00000000        0x0 c:/program files (x86)/cypress/psoc creator/2.2/psoc creator/import/gnu_cs/arm/4.4.1/bin/../lib/gcc/arm-none-eabi/4.4.1/thumb2/crtend.o
 .data          0x00000000        0x0 c:/program files (x86)/cypress/psoc creator/2.2/psoc creator/import/gnu_cs/arm/4.4.1/bin/../lib/gcc/arm-none-eabi/4.4.1/thumb2/crtend.o
 .bss           0x00000000        0x0 c:/program files (x86)/cypress/psoc creator/2.2/psoc creator/import/gnu_cs/arm/4.4.1/bin/../lib/gcc/arm-none-eabi/4.4.1/thumb2/crtend.o
 .text          0x00000000        0x0 c:/program files (x86)/cypress/psoc creator/2.2/psoc creator/import/gnu_cs/arm/4.4.1/bin/../lib/gcc/arm-none-eabi/4.4.1/thumb2/crtn.o
 .data          0x00000000        0x0 c:/program files (x86)/cypress/psoc creator/2.2/psoc creator/import/gnu_cs/arm/4.4.1/bin/../lib/gcc/arm-none-eabi/4.4.1/thumb2/crtn.o
 .bss           0x00000000        0x0 c:/program files (x86)/cypress/psoc creator/2.2/psoc creator/import/gnu_cs/arm/4.4.1/bin/../lib/gcc/arm-none-eabi/4.4.1/thumb2/crtn.o
 .data          0x00000000        0x0 c:/program files (x86)/cypress/psoc creator/2.2/psoc creator/import/gnu_cs/arm/4.4.1/bin/../lib/gcc/arm-none-eabi/4.4.1/../../../../arm-none-eabi/lib/thumb2\libcs3.a(start_c.o)
 .bss           0x00000000        0x0 c:/program files (x86)/cypress/psoc creator/2.2/psoc creator/import/gnu_cs/arm/4.4.1/bin/../lib/gcc/arm-none-eabi/4.4.1/../../../../arm-none-eabi/lib/thumb2\libcs3.a(start_c.o)
 .data          0x00000000        0x0 c:/program files (x86)/cypress/psoc creator/2.2/psoc creator/import/gnu_cs/arm/4.4.1/bin/../lib/gcc/arm-none-eabi/4.4.1/../../../../arm-none-eabi/lib/thumb2\libcs3micro.a(micro_isr_interrupt.o)
 .bss           0x00000000        0x0 c:/program files (x86)/cypress/psoc creator/2.2/psoc creator/import/gnu_cs/arm/4.4.1/bin/../lib/gcc/arm-none-eabi/4.4.1/../../../../arm-none-eabi/lib/thumb2\libcs3micro.a(micro_isr_interrupt.o)
 .data          0x00000000        0x0 c:/program files (x86)/cypress/psoc creator/2.2/psoc creator/import/gnu_cs/arm/4.4.1/bin/../lib/gcc/arm-none-eabi/4.4.1/../../../../arm-none-eabi/lib/thumb2\libc.a(lib_a-init.o)
 .bss           0x00000000        0x0 c:/program files (x86)/cypress/psoc creator/2.2/psoc creator/import/gnu_cs/arm/4.4.1/bin/../lib/gcc/arm-none-eabi/4.4.1/../../../../arm-none-eabi/lib/thumb2\libc.a(lib_a-init.o)

Memory Configuration

Name             Origin             Length             Attributes
rom              0x00000000         0x00040000         xr
ram              0x1fff8000         0x0000b000         xrw
*default*        0x00000000         0xffffffff

Linker script and memory map

LOAD c:/program files (x86)/cypress/psoc creator/2.2/psoc creator/import/gnu_cs/arm/4.4.1/bin/../lib/gcc/arm-none-eabi/4.4.1/thumb2/crti.o
LOAD c:/program files (x86)/cypress/psoc creator/2.2/psoc creator/import/gnu_cs/arm/4.4.1/bin/../lib/gcc/arm-none-eabi/4.4.1/thumb2/crtbegin.o
START GROUP
LOAD .\CortexM3\ARM_GCC_441\Debug\main.o
LOAD .\CortexM3\ARM_GCC_441\Debug\Cm3Start.o
LOAD .\CortexM3\ARM_GCC_441\Debug\LEDPong.a
LOAD C:\Program Files (x86)\Cypress\PSoC Creator\2.2\PSoC Creator\psoc\content\cycomponentlibrary\CyComponentLibrary.cylib\CortexM3\ARM_GCC_441\Debug\CyComponentLibrary.a
END GROUP
START GROUP
LOAD c:/program files (x86)/cypress/psoc creator/2.2/psoc creator/import/gnu_cs/arm/4.4.1/bin/../lib/gcc/arm-none-eabi/4.4.1/thumb2\libgcc.a
LOAD c:/program files (x86)/cypress/psoc creator/2.2/psoc creator/import/gnu_cs/arm/4.4.1/bin/../lib/gcc/arm-none-eabi/4.4.1/../../../../arm-none-eabi/lib/thumb2\libc.a
END GROUP
LOAD c:/program files (x86)/cypress/psoc creator/2.2/psoc creator/import/gnu_cs/arm/4.4.1/bin/../lib/gcc/arm-none-eabi/4.4.1/thumb2/crtend.o
LOAD c:/program files (x86)/cypress/psoc creator/2.2/psoc creator/import/gnu_cs/arm/4.4.1/bin/../lib/gcc/arm-none-eabi/4.4.1/thumb2/crtn.o
START GROUP
LOAD c:/program files (x86)/cypress/psoc creator/2.2/psoc creator/import/gnu_cs/arm/4.4.1/bin/../lib/gcc/arm-none-eabi/4.4.1/thumb2\libgcc.a
LOAD c:/program files (x86)/cypress/psoc creator/2.2/psoc creator/import/gnu_cs/arm/4.4.1/bin/../lib/gcc/arm-none-eabi/4.4.1/../../../../arm-none-eabi/lib/thumb2\libc.a
LOAD c:/program files (x86)/cypress/psoc creator/2.2/psoc creator/import/gnu_cs/arm/4.4.1/bin/../lib/gcc/arm-none-eabi/4.4.1/../../../../arm-none-eabi/lib/thumb2\libcs3.a
LOAD c:/program files (x86)/cypress/psoc creator/2.2/psoc creator/import/gnu_cs/arm/4.4.1/bin/../lib/gcc/arm-none-eabi/4.4.1/../../../../arm-none-eabi/lib/thumb2\libcs3unhosted.a
LOAD c:/program files (x86)/cypress/psoc creator/2.2/psoc creator/import/gnu_cs/arm/4.4.1/bin/../lib/gcc/arm-none-eabi/4.4.1/../../../../arm-none-eabi/lib/thumb2\libcs3micro.a
END GROUP
                0x1fff8128                PROVIDE (__cs3_heap_start, _end)
                0x00000001                PROVIDE (__cs3_region_num, ((__cs3_regions_end - __cs3_regions) / 0x14))
                0x20008000                PROVIDE (__cs3_stack, 0x20008000)
                0x20004000                PROVIDE (__cs3_heap_end, (__cs3_stack - 0x4000))

.text           0x00000000     0x11f4
 CREATE_OBJECT_SYMBOLS
                0x00000000                PROVIDE (__cs3_interrupt_vector, RomVectors)
 *(.romvectors)
 .romvectors    0x00000000       0x10 .\CortexM3\ARM_GCC_441\Debug\Cm3Start.o
                0x00000000                RomVectors
 *(.cs3.interrupt_vector)
                0x00000001                ASSERT ((. != __cs3_interrupt_vector), No interrupt vector)
                0x0000012c                PROVIDE (__cs3_reset, Reset)
 *(.cs3.reset)
                0x00000001                ASSERT ((. != __cs3_reset), No reset code)
 *(.dma_init)
                0x00000001                ASSERT ((((0x0 + .) <= 0x10000) || 0x1), DMA Init must be within the first 64k of flash)
 *(.text.cs3.init)
 .text.cs3.init
                0x00000010       0x5c c:/program files (x86)/cypress/psoc creator/2.2/psoc creator/import/gnu_cs/arm/4.4.1/bin/../lib/gcc/arm-none-eabi/4.4.1/../../../../arm-none-eabi/lib/thumb2\libcs3.a(start_c.o)
                0x00000010                __cs3_start_c
 *(.text .text.* .gnu.linkonce.t.*)
 .text          0x0000006c       0x30 c:/program files (x86)/cypress/psoc creator/2.2/psoc creator/import/gnu_cs/arm/4.4.1/bin/../lib/gcc/arm-none-eabi/4.4.1/thumb2/crtbegin.o
 .text.main     0x0000009c       0x88 .\CortexM3\ARM_GCC_441\Debug\main.o
                0x0000009c                main
 .text.IntDefaultHandler
                0x00000124        0x8 .\CortexM3\ARM_GCC_441\Debug\Cm3Start.o
                0x00000124                IntDefaultHandler
 .text.Reset    0x0000012c       0x24 .\CortexM3\ARM_GCC_441\Debug\Cm3Start.o
                0x0000012c                Reset
 .text.initialize_psoc
                0x00000150       0xb4 .\CortexM3\ARM_GCC_441\Debug\Cm3Start.o
                0x00000150                initialize_psoc
 .text.PlayerBT1_Start
                0x00000204       0x2c .\CortexM3\ARM_GCC_441\Debug\LEDPong.a(PlayerBT1.o)
                0x00000204                PlayerBT1_Start
 .text.PlayerBT1_Init
                0x00000230       0x50 .\CortexM3\ARM_GCC_441\Debug\LEDPong.a(PlayerBT1.o)
                0x00000230                PlayerBT1_Init
 .text.PlayerBT1_Enable
                0x00000280       0x74 .\CortexM3\ARM_GCC_441\Debug\LEDPong.a(PlayerBT1.o)
                0x00000280                PlayerBT1_Enable
 .text.PlayerBT1_GetChar
                0x000002f4       0x4c .\CortexM3\ARM_GCC_441\Debug\LEDPong.a(PlayerBT1.o)
                0x000002f4                PlayerBT1_GetChar
 .text          0x00000340       0x20 .\CortexM3\ARM_GCC_441\Debug\LEDPong.a(CyBootAsmGnu.o)
                0x00000340                CyDelayCycles
                0x00000350                CyEnterCriticalSection
                0x00000358                CyExitCriticalSection
 .text.CyDelay  0x00000360       0x48 .\CortexM3\ARM_GCC_441\Debug\LEDPong.a(CyLib.o)
                0x00000360                CyDelay
 .text.CyDelayUs
                0x000003a8       0x28 .\CortexM3\ARM_GCC_441\Debug\LEDPong.a(CyLib.o)
                0x000003a8                CyDelayUs
 .text.LCD_Init
                0x000003d0       0x90 .\CortexM3\ARM_GCC_441\Debug\LEDPong.a(LCD.o)
                0x000003d0                LCD_Init
 .text.LCD_Enable
                0x00000460       0x1c .\CortexM3\ARM_GCC_441\Debug\LEDPong.a(LCD.o)
                0x00000460                LCD_Enable
 .text.LCD_Start
                0x0000047c       0x2c .\CortexM3\ARM_GCC_441\Debug\LEDPong.a(LCD.o)
                0x0000047c                LCD_Start
 .text.LCD_Position
                0x000004a8       0x74 .\CortexM3\ARM_GCC_441\Debug\LEDPong.a(LCD.o)
                0x000004a8                LCD_Position
 .text.LCD_PutChar
                0x0000051c       0x1c .\CortexM3\ARM_GCC_441\Debug\LEDPong.a(LCD.o)
                0x0000051c                LCD_PutChar
 .text.LCD_WriteData
                0x00000538       0x38 .\CortexM3\ARM_GCC_441\Debug\LEDPong.a(LCD.o)
                0x00000538                LCD_WriteData
 .text.LCD_WriteControl
                0x00000570       0x38 .\CortexM3\ARM_GCC_441\Debug\LEDPong.a(LCD.o)
                0x00000570                LCD_WriteControl
 .text.LCD_IsReady
                0x000005a8      0x1fc .\CortexM3\ARM_GCC_441\Debug\LEDPong.a(LCD.o)
                0x000005a8                LCD_IsReady
 .text.LCD_WrDatNib
                0x000007a4       0xac .\CortexM3\ARM_GCC_441\Debug\LEDPong.a(LCD.o)
 .text.LCD_WrCntrlNib
                0x00000850       0x8c .\CortexM3\ARM_GCC_441\Debug\LEDPong.a(LCD.o)
 .text.LCD_PrintInt8
                0x000008dc       0x44 .\CortexM3\ARM_GCC_441\Debug\LEDPong.a(LCD.o)
                0x000008dc                LCD_PrintInt8
 .text.CYMEMZERO8
                0x00000920       0x3c .\CortexM3\ARM_GCC_441\Debug\LEDPong.a(cyfitter_cfg.o)
 .text.CYCONFIGCPY8
                0x0000095c       0x48 .\CortexM3\ARM_GCC_441\Debug\LEDPong.a(cyfitter_cfg.o)
 .text.CYMEMZERO
                0x000009a4       0x20 .\CortexM3\ARM_GCC_441\Debug\LEDPong.a(cyfitter_cfg.o)
 .text.CYCONFIGCPY
                0x000009c4       0x20 .\CortexM3\ARM_GCC_441\Debug\LEDPong.a(cyfitter_cfg.o)
 .text.cfg_write_bytes32
                0x000009e4       0x84 .\CortexM3\ARM_GCC_441\Debug\LEDPong.a(cyfitter_cfg.o)
 .text.ClockSetup
                0x00000a68      0x114 .\CortexM3\ARM_GCC_441\Debug\LEDPong.a(cyfitter_cfg.o)
 .text.AnalogSetDefault
                0x00000b7c       0x98 .\CortexM3\ARM_GCC_441\Debug\LEDPong.a(cyfitter_cfg.o)
 .text.cyfitter_cfg
                0x00000c14      0x2f8 .\CortexM3\ARM_GCC_441\Debug\LEDPong.a(cyfitter_cfg.o)
                0x00000c14                cyfitter_cfg
 .text          0x00000f0c      0x190 c:/program files (x86)/cypress/psoc creator/2.2/psoc creator/import/gnu_cs/arm/4.4.1/bin/../lib/gcc/arm-none-eabi/4.4.1/../../../../arm-none-eabi/lib/thumb2\libc.a(lib_a-memcpy.o)
                0x00000f0c                memcpy
 .text          0x0000109c       0xd4 c:/program files (x86)/cypress/psoc creator/2.2/psoc creator/import/gnu_cs/arm/4.4.1/bin/../lib/gcc/arm-none-eabi/4.4.1/../../../../arm-none-eabi/lib/thumb2\libc.a(lib_a-memset.o)
                0x0000109c                memset
 .text          0x00001170       0x30 c:/program files (x86)/cypress/psoc creator/2.2/psoc creator/import/gnu_cs/arm/4.4.1/bin/../lib/gcc/arm-none-eabi/4.4.1/../../../../arm-none-eabi/lib/thumb2\libcs3.a(start_c.o)
                0x00001170                __cs3_premain
 .text          0x000011a0        0x2 c:/program files (x86)/cypress/psoc creator/2.2/psoc creator/import/gnu_cs/arm/4.4.1/bin/../lib/gcc/arm-none-eabi/4.4.1/../../../../arm-none-eabi/lib/thumb2\libcs3micro.a(micro_isr_interrupt.o)
                0x000011a0                __cs3_isr_external_24
                0x000011a0                __cs3_isr_external_9
                0x000011a0                __cs3_isr_external_14
                0x000011a0                __cs3_isr_reserved_9
                0x000011a0                __cs3_isr_external_4
                0x000011a0                __cs3_isr_external_21
                0x000011a0                __cs3_isr_external_0
                0x000011a0                __cs3_isr_external_27
                0x000011a0                __cs3_isr_external_11
                0x000011a0                __cs3_isr_usage_fault
                0x000011a0                __cs3_isr_svcall
                0x000011a0                __cs3_isr_external_3
                0x000011a0                __cs3_isr_mpu_fault
                0x000011a0                __cs3_isr_external_16
                0x000011a0                __cs3_isr_pendsv
                0x000011a0                __cs3_isr_external_31
                0x000011a0                __cs3_isr_nmi
                0x000011a0                __cs3_isr_external_5
                0x000011a0                __cs3_isr_external_6
                0x000011a0                __cs3_isr_external_12
                0x000011a0                __cs3_isr_hard_fault
                0x000011a0                __cs3_isr_bus_fault
                0x000011a0                __cs3_isr_external_1
                0x000011a0                __cs3_isr_external_13
                0x000011a0                __cs3_isr_external_30
                0x000011a0                __cs3_isr_external_23
                0x000011a0                __cs3_isr_external_20
                0x000011a0                __cs3_isr_debug
                0x000011a0                __cs3_isr_reserved_13
                0x000011a0                __cs3_isr_external_8
                0x000011a0                __cs3_isr_external_26
                0x000011a0                __cs3_isr_reserved_8
                0x000011a0                __cs3_isr_reserved_7
                0x000011a0                __cs3_isr_external_7
                0x000011a0                __cs3_isr_external_28
                0x000011a0                __cs3_isr_systick
                0x000011a0                __cs3_isr_external_22
                0x000011a0                __cs3_isr_external_10
                0x000011a0                __cs3_isr_external_15
                0x000011a0                __cs3_isr_interrupt
                0x000011a0                __cs3_isr_external_18
                0x000011a0                __cs3_isr_external_29
                0x000011a0                __cs3_isr_external_25
                0x000011a0                __cs3_isr_reserved_10
                0x000011a0                __cs3_isr_external_2
                0x000011a0                __cs3_isr_external_17
                0x000011a0                __cs3_isr_external_19
 *fill*         0x000011a2        0x2 00
 .text          0x000011a4       0x50 c:/program files (x86)/cypress/psoc creator/2.2/psoc creator/import/gnu_cs/arm/4.4.1/bin/../lib/gcc/arm-none-eabi/4.4.1/../../../../arm-none-eabi/lib/thumb2\libc.a(lib_a-init.o)
                0x000011a4                __libc_init_array
 *(.plt)
 *(.gnu.warning)
 *(.glue_7t)
 .glue_7t       0x00000000        0x0 linker stubs
 *(.glue_7)
 .glue_7        0x00000000        0x0 linker stubs
 *(.vfp11_veneer)
 .vfp11_veneer  0x00000000        0x0 linker stubs
 *(.bootloader)
 *(.ARM.extab* .gnu.linkonce.armextab.*)
 *(.gcc_except_table)

.v4_bx          0x000011f4        0x0
 .v4_bx         0x00000000        0x0 linker stubs

.eh_frame_hdr
 *(.eh_frame_hdr)

.eh_frame
 *(.eh_frame)
                0x000011f4                PROVIDE (__exidx_start, .)

.ARM.exidx
 *(.ARM.exidx* .gnu.linkonce.armexidx.*)
                0x000011f4                __exidx_end = .

.rodata         0x000011f4       0x8c
 *(.rodata .rodata.* .gnu.linkonce.r.*)
 .rodata        0x000011f4       0x10 .\CortexM3\ARM_GCC_441\Debug\LEDPong.a(LCD.o)
 .rodata        0x00001204       0x44 .\CortexM3\ARM_GCC_441\Debug\LEDPong.a(cyfitter_cfg.o)
                0x00001248                . = ALIGN (0x4)
 *(.init)
 .init          0x00001248        0x4 c:/program files (x86)/cypress/psoc creator/2.2/psoc creator/import/gnu_cs/arm/4.4.1/bin/../lib/gcc/arm-none-eabi/4.4.1/thumb2/crti.o
                0x00001248                _init
 .init          0x0000124c        0x8 c:/program files (x86)/cypress/psoc creator/2.2/psoc creator/import/gnu_cs/arm/4.4.1/bin/../lib/gcc/arm-none-eabi/4.4.1/thumb2/crtn.o
                0x00001254                . = ALIGN (0x4)
                0x00001254                __preinit_array_start = .
 *(.preinit_array)
                0x00001254                __preinit_array_end = .
                0x00001254                . = ALIGN (0x4)
                0x00001254                __init_array_start = .
 *(SORT(.init_array.*))
 *(.init_array)
 .init_array    0x00001254        0x4 c:/program files (x86)/cypress/psoc creator/2.2/psoc creator/import/gnu_cs/arm/4.4.1/bin/../lib/gcc/arm-none-eabi/4.4.1/thumb2/crtbegin.o
 .init_array    0x00001258        0x4 .\CortexM3\ARM_GCC_441\Debug\Cm3Start.o
                0x0000125c                __init_array_end = .
                0x0000125c                . = ALIGN (0x4)
 *(.fini)
 .fini          0x0000125c        0x4 c:/program files (x86)/cypress/psoc creator/2.2/psoc creator/import/gnu_cs/arm/4.4.1/bin/../lib/gcc/arm-none-eabi/4.4.1/thumb2/crti.o
                0x0000125c                _fini
 .fini          0x00001260        0x8 c:/program files (x86)/cypress/psoc creator/2.2/psoc creator/import/gnu_cs/arm/4.4.1/bin/../lib/gcc/arm-none-eabi/4.4.1/thumb2/crtn.o
                0x00001268                . = ALIGN (0x4)
                0x00001268                __fini_array_start = .
 *(.fini_array)
 .fini_array    0x00001268        0x4 c:/program files (x86)/cypress/psoc creator/2.2/psoc creator/import/gnu_cs/arm/4.4.1/bin/../lib/gcc/arm-none-eabi/4.4.1/thumb2/crtbegin.o
 *(SORT(.fini_array.*))
                0x0000126c                __fini_array_end = .
                0x0000126c                . = ALIGN (0x4)
 *crtbegin.o(.ctors)
 *(EXCLUDE_FILE(*crtend.o) .ctors)
 *(SORT(.ctors.*))
 *crtend.o(.ctors)
                0x0000126c                . = ALIGN (0x4)
 *crtbegin.o(.dtors)
 *(EXCLUDE_FILE(*crtend.o) .dtors)
 *(SORT(.dtors.*))
 *crtend.o(.dtors)
                0x0000126c                . = ALIGN (0x4)
                0x0000126c                __cs3_regions = .
                0x0000126c        0x4 LONG 0x0
                0x00001270        0x4 LONG 0x1280 __cs3_region_init_ram
                0x00001274        0x4 LONG 0x1fff8108 __cs3_region_start_data
                0x00001278        0x4 LONG 0x18 __cs3_region_init_size_ram
                0x0000127c        0x4 LONG 0x8 __cs3_region_zero_size_ram
                0x00001280                __cs3_regions_end = .
                0x00001280                . = ALIGN (0x8)
                0x00001280                _etext = .

.ramvectors     0x1fff8000      0x100
                0x1fff8000                __cs3_region_start_ram = .
 *(.cs3.region-head.ram)
                0x1fff8001                ASSERT ((. == __cs3_region_start_ram), .cs3.region-head.ram not permitted)
 *(.ramvectors)
 .ramvectors    0x1fff8000      0x100 .\CortexM3\ARM_GCC_441\Debug\Cm3Start.o
                0x1fff8000                CyRamVectors

.noinit         0x1fff8100        0x4
 *(.noinit)
 .noinit        0x1fff8100        0x4 .\CortexM3\ARM_GCC_441\Debug\Cm3Start.o

.data           0x1fff8108       0x18 load address 0x00001280
                0x1fff8108                __cs3_region_start_data = .
 *(.jcr)
 .jcr           0x1fff8108        0x0 c:/program files (x86)/cypress/psoc creator/2.2/psoc creator/import/gnu_cs/arm/4.4.1/bin/../lib/gcc/arm-none-eabi/4.4.1/thumb2/crtbegin.o
 .jcr           0x1fff8108        0x4 c:/program files (x86)/cypress/psoc creator/2.2/psoc creator/import/gnu_cs/arm/4.4.1/bin/../lib/gcc/arm-none-eabi/4.4.1/thumb2/crtend.o
 *(.got.plt)
 *(.got)
 *(.shdata)
 *(.data .data.* .gnu.linkonce.d.*)
 .data          0x1fff810c       0x10 .\CortexM3\ARM_GCC_441\Debug\LEDPong.a(CyLib.o)
                0x1fff810c                cydelay_freq_hz
                0x1fff8110                cydelay_freq_khz
                0x1fff8114                cydelay_freq_mhz
                0x1fff8118                cydelay_32k_ms
                0x1fff8120                . = ALIGN (0x8)
 *fill*         0x1fff811c        0x4 00
 *(.ram)
                0x1fff8120                _edata = .

.bss            0x1fff8120        0x8 load address 0x00001298
 *(.shbss)
 *(.bss .bss.* .gnu.linkonce.b.*)
 .bss           0x1fff8120        0x1 c:/program files (x86)/cypress/psoc creator/2.2/psoc creator/import/gnu_cs/arm/4.4.1/bin/../lib/gcc/arm-none-eabi/4.4.1/thumb2/crtbegin.o
 .bss           0x1fff8121        0x2 .\CortexM3\ARM_GCC_441\Debug\LEDPong.a(PlayerBT1.o)
                0x1fff8121                PlayerBT1_initVar
 .bss           0x1fff8123        0x2 .\CortexM3\ARM_GCC_441\Debug\LEDPong.a(LCD.o)
                0x1fff8123                LCD_enableState
                0x1fff8124                LCD_initVar
 *(COMMON)
 COMMON         0x1fff8125        0x1 .\CortexM3\ARM_GCC_441\Debug\LEDPong.a(CyLib.o)
                0x1fff8125                CyResetStatus
                0x1fff8128                . = ALIGN (0x8)
 *fill*         0x1fff8126        0x2 00
 *(.ram.b)
                0x1fff8128                _end = .
                0x1fff8128                __end = .
                0x20003000                __cs3_region_end_ram = (__cs3_region_start_ram + 0xb000)
                0x0000b000                __cs3_region_size_ram = 0xb000
                0x00001280                __cs3_region_init_ram = LOADADDR (.data)
                0x00000018                __cs3_region_init_size_ram = (_edata - ADDR (.data))
                0x00000008                __cs3_region_zero_size_ram = (_end - _edata)

.stab
 *(.stab)

.stabstr
 *(.stabstr)

.debug
 *(.debug)

.line
 *(.line)

.debug_srcinfo
 *(.debug_srcinfo)

.debug_sfnames
 *(.debug_sfnames)

.comment        0x00000000      0x183
 .comment       0x00000000       0x2b .\CortexM3\ARM_GCC_441\Debug\main.o
 .comment       0x0000002b       0x2b .\CortexM3\ARM_GCC_441\Debug\Cm3Start.o
 .comment       0x00000056       0x2b .\CortexM3\ARM_GCC_441\Debug\LEDPong.a(PlayerBT1.o)
 .comment       0x00000081       0x2b .\CortexM3\ARM_GCC_441\Debug\LEDPong.a(CyLib.o)
 .comment       0x000000ac       0x2b .\CortexM3\ARM_GCC_441\Debug\LEDPong.a(cyPm.o)
 .comment       0x000000d7       0x2b .\CortexM3\ARM_GCC_441\Debug\LEDPong.a(LCD.o)
 .comment       0x00000102       0x2b .\CortexM3\ARM_GCC_441\Debug\LEDPong.a(cyfitter_cfg.o)
 .comment       0x0000012d       0x2b .\CortexM3\ARM_GCC_441\Debug\LEDPong.a(CyFlash.o)
 .comment       0x00000158       0x2b .\CortexM3\ARM_GCC_441\Debug\LEDPong.a(CySpc.o)

.debug_aranges  0x00000000      0x5c8
 *(.debug_aranges)
 .debug_aranges
                0x00000000       0x20 .\CortexM3\ARM_GCC_441\Debug\main.o
 .debug_aranges
                0x00000020       0x30 .\CortexM3\ARM_GCC_441\Debug\Cm3Start.o
 .debug_aranges
                0x00000050       0xf0 .\CortexM3\ARM_GCC_441\Debug\LEDPong.a(PlayerBT1.o)
 .debug_aranges
                0x00000140       0x20 .\CortexM3\ARM_GCC_441\Debug\LEDPong.a(CyBootAsmGnu.o)
 .debug_aranges
                0x00000160      0x1e0 .\CortexM3\ARM_GCC_441\Debug\LEDPong.a(CyLib.o)
 .debug_aranges
                0x00000340       0xb8 .\CortexM3\ARM_GCC_441\Debug\LEDPong.a(cyPm.o)
 .debug_aranges
                0x000003f8       0x90 .\CortexM3\ARM_GCC_441\Debug\LEDPong.a(LCD.o)
 .debug_aranges
                0x00000488       0x70 .\CortexM3\ARM_GCC_441\Debug\LEDPong.a(cyfitter_cfg.o)
 .debug_aranges
                0x000004f8       0x68 .\CortexM3\ARM_GCC_441\Debug\LEDPong.a(CyFlash.o)
 .debug_aranges
                0x00000560       0x68 .\CortexM3\ARM_GCC_441\Debug\LEDPong.a(CySpc.o)

.debug_pubnames
                0x00000000      0xbe8
 *(.debug_pubnames)
 .debug_pubnames
                0x00000000       0x1b .\CortexM3\ARM_GCC_441\Debug\main.o
 .debug_pubnames
                0x0000001b       0x66 .\CortexM3\ARM_GCC_441\Debug\Cm3Start.o
 .debug_pubnames
                0x00000081      0x2f0 .\CortexM3\ARM_GCC_441\Debug\LEDPong.a(PlayerBT1.o)
 .debug_pubnames
                0x00000371      0x4be .\CortexM3\ARM_GCC_441\Debug\LEDPong.a(CyLib.o)
 .debug_pubnames
                0x0000082f       0xbb .\CortexM3\ARM_GCC_441\Debug\LEDPong.a(cyPm.o)
 .debug_pubnames
                0x000008ea      0x112 .\CortexM3\ARM_GCC_441\Debug\LEDPong.a(LCD.o)
 .debug_pubnames
                0x000009fc       0x3d .\CortexM3\ARM_GCC_441\Debug\LEDPong.a(cyfitter_cfg.o)
 .debug_pubnames
                0x00000a39       0xdf .\CortexM3\ARM_GCC_441\Debug\LEDPong.a(CyFlash.o)
 .debug_pubnames
                0x00000b18       0xd0 .\CortexM3\ARM_GCC_441\Debug\LEDPong.a(CySpc.o)

.debug_info     0x00000000     0x29c6
 *(.debug_info .gnu.linkonce.wi.*)
 .debug_info    0x00000000       0xf4 .\CortexM3\ARM_GCC_441\Debug\main.o
 .debug_info    0x000000f4      0x168 .\CortexM3\ARM_GCC_441\Debug\Cm3Start.o
 .debug_info    0x0000025c      0x55c .\CortexM3\ARM_GCC_441\Debug\LEDPong.a(PlayerBT1.o)
 .debug_info    0x000007b8       0x88 .\CortexM3\ARM_GCC_441\Debug\LEDPong.a(CyBootAsmGnu.o)
 .debug_info    0x00000840      0xbce .\CortexM3\ARM_GCC_441\Debug\LEDPong.a(CyLib.o)
 .debug_info    0x0000140e      0x63e .\CortexM3\ARM_GCC_441\Debug\LEDPong.a(cyPm.o)
 .debug_info    0x00001a4c      0x3af .\CortexM3\ARM_GCC_441\Debug\LEDPong.a(LCD.o)
 .debug_info    0x00001dfb      0x517 .\CortexM3\ARM_GCC_441\Debug\LEDPong.a(cyfitter_cfg.o)
 .debug_info    0x00002312      0x308 .\CortexM3\ARM_GCC_441\Debug\LEDPong.a(CyFlash.o)
 .debug_info    0x0000261a      0x3ac .\CortexM3\ARM_GCC_441\Debug\LEDPong.a(CySpc.o)

.debug_abbrev   0x00000000      0xa50
 *(.debug_abbrev)
 .debug_abbrev  0x00000000       0x8d .\CortexM3\ARM_GCC_441\Debug\main.o
 .debug_abbrev  0x0000008d       0xec .\CortexM3\ARM_GCC_441\Debug\Cm3Start.o
 .debug_abbrev  0x00000179      0x10c .\CortexM3\ARM_GCC_441\Debug\LEDPong.a(PlayerBT1.o)
 .debug_abbrev  0x00000285       0x14 .\CortexM3\ARM_GCC_441\Debug\LEDPong.a(CyBootAsmGnu.o)
 .debug_abbrev  0x00000299      0x182 .\CortexM3\ARM_GCC_441\Debug\LEDPong.a(CyLib.o)
 .debug_abbrev  0x0000041b      0x13e .\CortexM3\ARM_GCC_441\Debug\LEDPong.a(cyPm.o)
 .debug_abbrev  0x00000559      0x118 .\CortexM3\ARM_GCC_441\Debug\LEDPong.a(LCD.o)
 .debug_abbrev  0x00000671      0x187 .\CortexM3\ARM_GCC_441\Debug\LEDPong.a(cyfitter_cfg.o)
 .debug_abbrev  0x000007f8      0x14a .\CortexM3\ARM_GCC_441\Debug\LEDPong.a(CyFlash.o)
 .debug_abbrev  0x00000942      0x10e .\CortexM3\ARM_GCC_441\Debug\LEDPong.a(CySpc.o)

.debug_line     0x00000000     0x14fe
 *(.debug_line)
 .debug_line    0x00000000       0x83 .\CortexM3\ARM_GCC_441\Debug\main.o
 .debug_line    0x00000083       0xb8 .\CortexM3\ARM_GCC_441\Debug\Cm3Start.o
 .debug_line    0x0000013b      0x2b7 .\CortexM3\ARM_GCC_441\Debug\LEDPong.a(PlayerBT1.o)
 .debug_line    0x000003f2       0x67 .\CortexM3\ARM_GCC_441\Debug\LEDPong.a(CyBootAsmGnu.o)
 .debug_line    0x00000459      0x5c7 .\CortexM3\ARM_GCC_441\Debug\LEDPong.a(CyLib.o)
 .debug_line    0x00000a20      0x3f2 .\CortexM3\ARM_GCC_441\Debug\LEDPong.a(cyPm.o)
 .debug_line    0x00000e12      0x1d9 .\CortexM3\ARM_GCC_441\Debug\LEDPong.a(LCD.o)
 .debug_line    0x00000feb      0x21d .\CortexM3\ARM_GCC_441\Debug\LEDPong.a(cyfitter_cfg.o)
 .debug_line    0x00001208      0x170 .\CortexM3\ARM_GCC_441\Debug\LEDPong.a(CyFlash.o)
 .debug_line    0x00001378      0x186 .\CortexM3\ARM_GCC_441\Debug\LEDPong.a(CySpc.o)

.debug_frame    0x00000000     0x1344
 *(.debug_frame)
 .debug_frame   0x00000000       0x30 .\CortexM3\ARM_GCC_441\Debug\main.o
 .debug_frame   0x00000030       0x5c .\CortexM3\ARM_GCC_441\Debug\Cm3Start.o
 .debug_frame   0x0000008c      0x328 .\CortexM3\ARM_GCC_441\Debug\LEDPong.a(PlayerBT1.o)
 .debug_frame   0x000003b4      0x6b8 .\CortexM3\ARM_GCC_441\Debug\LEDPong.a(CyLib.o)
 .debug_frame   0x00000a6c      0x25c .\CortexM3\ARM_GCC_441\Debug\LEDPong.a(cyPm.o)
 .debug_frame   0x00000cc8      0x1e0 .\CortexM3\ARM_GCC_441\Debug\LEDPong.a(LCD.o)
 .debug_frame   0x00000ea8      0x158 .\CortexM3\ARM_GCC_441\Debug\LEDPong.a(cyfitter_cfg.o)
 .debug_frame   0x00001000      0x140 .\CortexM3\ARM_GCC_441\Debug\LEDPong.a(CyFlash.o)
 .debug_frame   0x00001140      0x13c .\CortexM3\ARM_GCC_441\Debug\LEDPong.a(CySpc.o)
 .debug_frame   0x0000127c       0x34 c:/program files (x86)/cypress/psoc creator/2.2/psoc creator/import/gnu_cs/arm/4.4.1/bin/../lib/gcc/arm-none-eabi/4.4.1/../../../../arm-none-eabi/lib/thumb2\libc.a(lib_a-memcpy.o)
 .debug_frame   0x000012b0       0x28 c:/program files (x86)/cypress/psoc creator/2.2/psoc creator/import/gnu_cs/arm/4.4.1/bin/../lib/gcc/arm-none-eabi/4.4.1/../../../../arm-none-eabi/lib/thumb2\libc.a(lib_a-memset.o)
 .debug_frame   0x000012d8       0x40 c:/program files (x86)/cypress/psoc creator/2.2/psoc creator/import/gnu_cs/arm/4.4.1/bin/../lib/gcc/arm-none-eabi/4.4.1/../../../../arm-none-eabi/lib/thumb2\libcs3.a(start_c.o)
 .debug_frame   0x00001318       0x2c c:/program files (x86)/cypress/psoc creator/2.2/psoc creator/import/gnu_cs/arm/4.4.1/bin/../lib/gcc/arm-none-eabi/4.4.1/../../../../arm-none-eabi/lib/thumb2\libc.a(lib_a-init.o)

.debug_str      0x00000000     0x12f0
 *(.debug_str)
 .debug_str     0x00000000       0xd8 .\CortexM3\ARM_GCC_441\Debug\main.o
                                0x111 (size before relaxing)
 .debug_str     0x000000d8       0x95 .\CortexM3\ARM_GCC_441\Debug\Cm3Start.o
                                0x17a (size before relaxing)
 .debug_str     0x0000016d      0x31b .\CortexM3\ARM_GCC_441\Debug\LEDPong.a(PlayerBT1.o)
                                0x40f (size before relaxing)
 .debug_str     0x00000488      0x5bc .\CortexM3\ARM_GCC_441\Debug\LEDPong.a(CyLib.o)
                                0x6d9 (size before relaxing)
 .debug_str     0x00000a44      0x3bd .\CortexM3\ARM_GCC_441\Debug\LEDPong.a(cyPm.o)
                                0x4b7 (size before relaxing)
 .debug_str     0x00000e01      0x151 .\CortexM3\ARM_GCC_441\Debug\LEDPong.a(LCD.o)
                                0x253 (size before relaxing)
 .debug_str     0x00000f52      0x186 .\CortexM3\ARM_GCC_441\Debug\LEDPong.a(cyfitter_cfg.o)
                                0x28c (size before relaxing)
 .debug_str     0x000010d8      0x113 .\CortexM3\ARM_GCC_441\Debug\LEDPong.a(CyFlash.o)
                                0x22b (size before relaxing)
 .debug_str     0x000011eb      0x105 .\CortexM3\ARM_GCC_441\Debug\LEDPong.a(CySpc.o)
                                0x21e (size before relaxing)

.debug_loc      0x00000000     0x1eab
 *(.debug_loc)
 .debug_loc     0x00000000       0x37 .\CortexM3\ARM_GCC_441\Debug\main.o
 .debug_loc     0x00000037       0x62 .\CortexM3\ARM_GCC_441\Debug\Cm3Start.o
 .debug_loc     0x00000099      0x591 .\CortexM3\ARM_GCC_441\Debug\LEDPong.a(PlayerBT1.o)
 .debug_loc     0x0000062a      0xb67 .\CortexM3\ARM_GCC_441\Debug\LEDPong.a(CyLib.o)
 .debug_loc     0x00001191      0x3b0 .\CortexM3\ARM_GCC_441\Debug\LEDPong.a(cyPm.o)
 .debug_loc     0x00001541      0x309 .\CortexM3\ARM_GCC_441\Debug\LEDPong.a(LCD.o)
 .debug_loc     0x0000184a      0x245 .\CortexM3\ARM_GCC_441\Debug\LEDPong.a(cyfitter_cfg.o)
 .debug_loc     0x00001a8f      0x1f6 .\CortexM3\ARM_GCC_441\Debug\LEDPong.a(CyFlash.o)
 .debug_loc     0x00001c85      0x226 .\CortexM3\ARM_GCC_441\Debug\LEDPong.a(CySpc.o)

.debug_macinfo
 *(.debug_macinfo)

.debug_ranges   0x00000000      0x560
 *(.debug_ranges)
 .debug_ranges  0x00000000       0x18 .\CortexM3\ARM_GCC_441\Debug\main.o
 .debug_ranges  0x00000018       0x28 .\CortexM3\ARM_GCC_441\Debug\Cm3Start.o
 .debug_ranges  0x00000040       0xe8 .\CortexM3\ARM_GCC_441\Debug\LEDPong.a(PlayerBT1.o)
 .debug_ranges  0x00000128      0x1d8 .\CortexM3\ARM_GCC_441\Debug\LEDPong.a(CyLib.o)
 .debug_ranges  0x00000300       0xb0 .\CortexM3\ARM_GCC_441\Debug\LEDPong.a(cyPm.o)
 .debug_ranges  0x000003b0       0x88 .\CortexM3\ARM_GCC_441\Debug\LEDPong.a(LCD.o)
 .debug_ranges  0x00000438       0x68 .\CortexM3\ARM_GCC_441\Debug\LEDPong.a(cyfitter_cfg.o)
 .debug_ranges  0x000004a0       0x60 .\CortexM3\ARM_GCC_441\Debug\LEDPong.a(CyFlash.o)
 .debug_ranges  0x00000500       0x60 .\CortexM3\ARM_GCC_441\Debug\LEDPong.a(CySpc.o)

.debug_weaknames
 *(.debug_weaknames)

.debug_funcnames
 *(.debug_funcnames)

.debug_typenames
 *(.debug_typenames)

.debug_varnames
 *(.debug_varnames)

.note.gnu.arm.ident
 *(.note.gnu.arm.ident)

.ARM.attributes
                0x00000000       0x25
 *(.ARM.attributes)
 .ARM.attributes
                0x00000000       0x19 c:/program files (x86)/cypress/psoc creator/2.2/psoc creator/import/gnu_cs/arm/4.4.1/bin/../lib/gcc/arm-none-eabi/4.4.1/thumb2/crti.o
 .ARM.attributes
                0x00000019       0x29 c:/program files (x86)/cypress/psoc creator/2.2/psoc creator/import/gnu_cs/arm/4.4.1/bin/../lib/gcc/arm-none-eabi/4.4.1/thumb2/crtbegin.o
 .ARM.attributes
                0x00000042       0x31 .\CortexM3\ARM_GCC_441\Debug\main.o
 .ARM.attributes
                0x00000073       0x31 .\CortexM3\ARM_GCC_441\Debug\Cm3Start.o
 .ARM.attributes
                0x000000a4       0x31 .\CortexM3\ARM_GCC_441\Debug\LEDPong.a(PlayerBT1.o)
 .ARM.attributes
                0x000000d5       0x21 .\CortexM3\ARM_GCC_441\Debug\LEDPong.a(CyBootAsmGnu.o)
 .ARM.attributes
                0x000000f6       0x31 .\CortexM3\ARM_GCC_441\Debug\LEDPong.a(CyLib.o)
 .ARM.attributes
                0x00000127       0x31 .\CortexM3\ARM_GCC_441\Debug\LEDPong.a(cyPm.o)
 .ARM.attributes
                0x00000158       0x31 .\CortexM3\ARM_GCC_441\Debug\LEDPong.a(LCD.o)
 .ARM.attributes
                0x00000189       0x31 .\CortexM3\ARM_GCC_441\Debug\LEDPong.a(cyfitter_cfg.o)
 .ARM.attributes
                0x000001ba       0x31 .\CortexM3\ARM_GCC_441\Debug\LEDPong.a(CyFlash.o)
 .ARM.attributes
                0x000001eb       0x31 .\CortexM3\ARM_GCC_441\Debug\LEDPong.a(CySpc.o)
 .ARM.attributes
                0x0000021c       0x29 c:/program files (x86)/cypress/psoc creator/2.2/psoc creator/import/gnu_cs/arm/4.4.1/bin/../lib/gcc/arm-none-eabi/4.4.1/../../../../arm-none-eabi/lib/thumb2\libc.a(lib_a-memcpy.o)
 .ARM.attributes
                0x00000245       0x29 c:/program files (x86)/cypress/psoc creator/2.2/psoc creator/import/gnu_cs/arm/4.4.1/bin/../lib/gcc/arm-none-eabi/4.4.1/../../../../arm-none-eabi/lib/thumb2\libc.a(lib_a-memset.o)
 .ARM.attributes
                0x0000026e       0x29 c:/program files (x86)/cypress/psoc creator/2.2/psoc creator/import/gnu_cs/arm/4.4.1/bin/../lib/gcc/arm-none-eabi/4.4.1/thumb2/crtend.o
 .ARM.attributes
                0x00000297       0x19 c:/program files (x86)/cypress/psoc creator/2.2/psoc creator/import/gnu_cs/arm/4.4.1/bin/../lib/gcc/arm-none-eabi/4.4.1/thumb2/crtn.o
 .ARM.attributes
                0x000002b0       0x29 c:/program files (x86)/cypress/psoc creator/2.2/psoc creator/import/gnu_cs/arm/4.4.1/bin/../lib/gcc/arm-none-eabi/4.4.1/../../../../arm-none-eabi/lib/thumb2\libcs3.a(start_c.o)
 .ARM.attributes
                0x000002d9       0x19 c:/program files (x86)/cypress/psoc creator/2.2/psoc creator/import/gnu_cs/arm/4.4.1/bin/../lib/gcc/arm-none-eabi/4.4.1/../../../../arm-none-eabi/lib/thumb2\libcs3micro.a(micro_isr_interrupt.o)
 .ARM.attributes
                0x000002f2       0x29 c:/program files (x86)/cypress/psoc creator/2.2/psoc creator/import/gnu_cs/arm/4.4.1/bin/../lib/gcc/arm-none-eabi/4.4.1/../../../../arm-none-eabi/lib/thumb2\libc.a(lib_a-init.o)

/DISCARD/
 *(.note.GNU-stack)
OUTPUT(.\CortexM3\ARM_GCC_441\Debug\LEDPong.elf elf32-littlearm)
