ARM GAS  C:\Users\Miles\AppData\Local\Temp\ccfRerUr.s 			page 1


   1              		.syntax unified
   2              		.cpu cortex-m3
   3              		.fpu softvfp
   4              		.eabi_attribute 20, 1
   5              		.eabi_attribute 21, 1
   6              		.eabi_attribute 23, 3
   7              		.eabi_attribute 24, 1
   8              		.eabi_attribute 25, 1
   9              		.eabi_attribute 26, 1
  10              		.eabi_attribute 30, 6
  11              		.eabi_attribute 18, 4
  12              		.thumb
  13              		.file	"Player1_Rx.c"
  14              		.section	.debug_abbrev,"",%progbits
  15              	.Ldebug_abbrev0:
  16              		.section	.debug_info,"",%progbits
  17              	.Ldebug_info0:
  18              		.section	.debug_line,"",%progbits
  19              	.Ldebug_line0:
  20 0000 5C010000 		.text
  20      02006200 
  20      00000201 
  20      FB0E0D00 
  20      01010101 
  21              	.Ltext0:
  22              		.cfi_sections	.debug_frame
  23              		.global	Player1_Rx
  24              		.bss
  25              		.align	2
  26              		.type	Player1_Rx, %object
  27              		.size	Player1_Rx, 4
  28              	Player1_Rx:
  29 0000 00000000 		.space	4
  30              		.global	Player1_Rx_flag
  31              		.type	Player1_Rx_flag, %object
  32              		.size	Player1_Rx_flag, 1
  33              	Player1_Rx_flag:
  34 0004 00       		.space	1
  35 0005 000000   		.section	.text.Player1_Rx_Start,"ax",%progbits
  36              		.align	2
  37              		.global	Player1_Rx_Start
  38              		.thumb
  39              		.thumb_func
  40              		.type	Player1_Rx_Start, %function
  41              	Player1_Rx_Start:
  42              	.LFB0:
  43              		.file 1 ".\\Generated_Source\\PSoC5\\Player1_Rx.c"
   1:.\Generated_Source\PSoC5/Player1_Rx.c **** /*******************************************************************************
   2:.\Generated_Source\PSoC5/Player1_Rx.c **** * File Name: Player1_Rx.c  
   3:.\Generated_Source\PSoC5/Player1_Rx.c **** * Version 1.70
   4:.\Generated_Source\PSoC5/Player1_Rx.c **** *
   5:.\Generated_Source\PSoC5/Player1_Rx.c **** *  Description:
   6:.\Generated_Source\PSoC5/Player1_Rx.c **** *   API for controlling the state of an interrupt.
   7:.\Generated_Source\PSoC5/Player1_Rx.c **** *
   8:.\Generated_Source\PSoC5/Player1_Rx.c **** *
   9:.\Generated_Source\PSoC5/Player1_Rx.c **** *  Note:
  10:.\Generated_Source\PSoC5/Player1_Rx.c **** *
ARM GAS  C:\Users\Miles\AppData\Local\Temp\ccfRerUr.s 			page 2


  11:.\Generated_Source\PSoC5/Player1_Rx.c **** ********************************************************************************
  12:.\Generated_Source\PSoC5/Player1_Rx.c **** * Copyright 2008-2012, Cypress Semiconductor Corporation.  All rights reserved.
  13:.\Generated_Source\PSoC5/Player1_Rx.c **** * You may use this file only in accordance with the license, terms, conditions, 
  14:.\Generated_Source\PSoC5/Player1_Rx.c **** * disclaimers, and limitations in the end user license agreement accompanying 
  15:.\Generated_Source\PSoC5/Player1_Rx.c **** * the software package with which this file was provided.
  16:.\Generated_Source\PSoC5/Player1_Rx.c **** *******************************************************************************/
  17:.\Generated_Source\PSoC5/Player1_Rx.c **** 
  18:.\Generated_Source\PSoC5/Player1_Rx.c **** 
  19:.\Generated_Source\PSoC5/Player1_Rx.c **** #include <CYDEVICE_TRM.H>
  20:.\Generated_Source\PSoC5/Player1_Rx.c **** #include <CYLIB.H>
  21:.\Generated_Source\PSoC5/Player1_Rx.c **** #include <Player1_Rx.H>
  22:.\Generated_Source\PSoC5/Player1_Rx.c **** 
  23:.\Generated_Source\PSoC5/Player1_Rx.c **** #if !defined(Player1_Rx__REMOVED) /* Check for removal by optimization */
  24:.\Generated_Source\PSoC5/Player1_Rx.c **** 
  25:.\Generated_Source\PSoC5/Player1_Rx.c **** /*******************************************************************************
  26:.\Generated_Source\PSoC5/Player1_Rx.c **** *  Place your includes, defines and code here 
  27:.\Generated_Source\PSoC5/Player1_Rx.c **** ********************************************************************************/
  28:.\Generated_Source\PSoC5/Player1_Rx.c **** /* `#START Player1_Rx_intc` */
  29:.\Generated_Source\PSoC5/Player1_Rx.c **** #include <PlayerBT1.H>
  30:.\Generated_Source\PSoC5/Player1_Rx.c **** unsigned int Player1_Rx = 0;
  31:.\Generated_Source\PSoC5/Player1_Rx.c **** uint8 Player1_Rx_flag = 0;
  32:.\Generated_Source\PSoC5/Player1_Rx.c **** /* `#END` */
  33:.\Generated_Source\PSoC5/Player1_Rx.c **** 
  34:.\Generated_Source\PSoC5/Player1_Rx.c **** #ifndef CYINT_IRQ_BASE
  35:.\Generated_Source\PSoC5/Player1_Rx.c **** #define CYINT_IRQ_BASE      16
  36:.\Generated_Source\PSoC5/Player1_Rx.c **** #endif /* CYINT_IRQ_BASE */
  37:.\Generated_Source\PSoC5/Player1_Rx.c **** #ifndef CYINT_VECT_TABLE
  38:.\Generated_Source\PSoC5/Player1_Rx.c **** #define CYINT_VECT_TABLE    ((cyisraddress **) CYREG_NVIC_VECT_OFFSET)
  39:.\Generated_Source\PSoC5/Player1_Rx.c **** #endif /* CYINT_VECT_TABLE */
  40:.\Generated_Source\PSoC5/Player1_Rx.c **** 
  41:.\Generated_Source\PSoC5/Player1_Rx.c **** /* Declared in startup, used to set unused interrupts to. */
  42:.\Generated_Source\PSoC5/Player1_Rx.c **** CY_ISR_PROTO(IntDefaultHandler);
  43:.\Generated_Source\PSoC5/Player1_Rx.c **** 
  44:.\Generated_Source\PSoC5/Player1_Rx.c **** 
  45:.\Generated_Source\PSoC5/Player1_Rx.c **** /*******************************************************************************
  46:.\Generated_Source\PSoC5/Player1_Rx.c **** * Function Name: Player1_Rx_Start
  47:.\Generated_Source\PSoC5/Player1_Rx.c **** ********************************************************************************
  48:.\Generated_Source\PSoC5/Player1_Rx.c **** *
  49:.\Generated_Source\PSoC5/Player1_Rx.c **** * Summary:
  50:.\Generated_Source\PSoC5/Player1_Rx.c **** *  Set up the interrupt and enable it.
  51:.\Generated_Source\PSoC5/Player1_Rx.c **** *
  52:.\Generated_Source\PSoC5/Player1_Rx.c **** * Parameters:  
  53:.\Generated_Source\PSoC5/Player1_Rx.c **** *   None
  54:.\Generated_Source\PSoC5/Player1_Rx.c **** *
  55:.\Generated_Source\PSoC5/Player1_Rx.c **** * Return:
  56:.\Generated_Source\PSoC5/Player1_Rx.c **** *   None
  57:.\Generated_Source\PSoC5/Player1_Rx.c **** *
  58:.\Generated_Source\PSoC5/Player1_Rx.c **** *******************************************************************************/
  59:.\Generated_Source\PSoC5/Player1_Rx.c **** void Player1_Rx_Start(void)
  60:.\Generated_Source\PSoC5/Player1_Rx.c **** {
  44              		.loc 1 60 0
  45              		.cfi_startproc
  46              		@ args = 0, pretend = 0, frame = 0
  47              		@ frame_needed = 1, uses_anonymous_args = 0
  48 0000 80B5     		push	{r7, lr}
  49              	.LCFI0:
  50              		.cfi_def_cfa_offset 8
ARM GAS  C:\Users\Miles\AppData\Local\Temp\ccfRerUr.s 			page 3


  51 0002 00AF     		add	r7, sp, #0
  52              		.cfi_offset 14, -4
  53              		.cfi_offset 7, -8
  54              	.LCFI1:
  55              		.cfi_def_cfa_register 7
  61:.\Generated_Source\PSoC5/Player1_Rx.c ****     /* For all we know the interrupt is active. */
  62:.\Generated_Source\PSoC5/Player1_Rx.c ****     Player1_Rx_Disable();
  56              		.loc 1 62 0
  57 0004 FFF7FEFF 		bl	Player1_Rx_Disable
  63:.\Generated_Source\PSoC5/Player1_Rx.c **** 
  64:.\Generated_Source\PSoC5/Player1_Rx.c ****     /* Set the ISR to point to the Player1_Rx Interrupt. */
  65:.\Generated_Source\PSoC5/Player1_Rx.c ****     Player1_Rx_SetVector(&Player1_Rx_Interrupt);
  58              		.loc 1 65 0
  59 0008 40F20000 		movw	r0, #:lower16:Player1_Rx_Interrupt
  60 000c C0F20000 		movt	r0, #:upper16:Player1_Rx_Interrupt
  61 0010 FFF7FEFF 		bl	Player1_Rx_SetVector
  66:.\Generated_Source\PSoC5/Player1_Rx.c **** 
  67:.\Generated_Source\PSoC5/Player1_Rx.c ****     /* Set the priority. */
  68:.\Generated_Source\PSoC5/Player1_Rx.c ****     Player1_Rx_SetPriority((uint8)Player1_Rx_INTC_PRIOR_NUMBER);
  62              		.loc 1 68 0
  63 0014 4FF00700 		mov	r0, #7
  64 0018 FFF7FEFF 		bl	Player1_Rx_SetPriority
  69:.\Generated_Source\PSoC5/Player1_Rx.c **** 
  70:.\Generated_Source\PSoC5/Player1_Rx.c ****     /* Enable it. */
  71:.\Generated_Source\PSoC5/Player1_Rx.c ****     Player1_Rx_Enable();
  65              		.loc 1 71 0
  66 001c FFF7FEFF 		bl	Player1_Rx_Enable
  72:.\Generated_Source\PSoC5/Player1_Rx.c **** }
  67              		.loc 1 72 0
  68 0020 80BD     		pop	{r7, pc}
  69              		.cfi_endproc
  70              	.LFE0:
  71              		.size	Player1_Rx_Start, .-Player1_Rx_Start
  72 0022 00BF     		.section	.text.Player1_Rx_StartEx,"ax",%progbits
  73              		.align	2
  74              		.global	Player1_Rx_StartEx
  75              		.thumb
  76              		.thumb_func
  77              		.type	Player1_Rx_StartEx, %function
  78              	Player1_Rx_StartEx:
  79              	.LFB1:
  73:.\Generated_Source\PSoC5/Player1_Rx.c **** 
  74:.\Generated_Source\PSoC5/Player1_Rx.c **** 
  75:.\Generated_Source\PSoC5/Player1_Rx.c **** /*******************************************************************************
  76:.\Generated_Source\PSoC5/Player1_Rx.c **** * Function Name: Player1_Rx_StartEx
  77:.\Generated_Source\PSoC5/Player1_Rx.c **** ********************************************************************************
  78:.\Generated_Source\PSoC5/Player1_Rx.c **** *
  79:.\Generated_Source\PSoC5/Player1_Rx.c **** * Summary:
  80:.\Generated_Source\PSoC5/Player1_Rx.c **** *  Set up the interrupt and enable it.
  81:.\Generated_Source\PSoC5/Player1_Rx.c **** *
  82:.\Generated_Source\PSoC5/Player1_Rx.c **** * Parameters:  
  83:.\Generated_Source\PSoC5/Player1_Rx.c **** *   address: Address of the ISR to set in the interrupt vector table.
  84:.\Generated_Source\PSoC5/Player1_Rx.c **** *
  85:.\Generated_Source\PSoC5/Player1_Rx.c **** * Return:
  86:.\Generated_Source\PSoC5/Player1_Rx.c **** *   None
  87:.\Generated_Source\PSoC5/Player1_Rx.c **** *
  88:.\Generated_Source\PSoC5/Player1_Rx.c **** *******************************************************************************/
ARM GAS  C:\Users\Miles\AppData\Local\Temp\ccfRerUr.s 			page 4


  89:.\Generated_Source\PSoC5/Player1_Rx.c **** void Player1_Rx_StartEx(cyisraddress address)
  90:.\Generated_Source\PSoC5/Player1_Rx.c **** {
  80              		.loc 1 90 0
  81              		.cfi_startproc
  82              		@ args = 0, pretend = 0, frame = 8
  83              		@ frame_needed = 1, uses_anonymous_args = 0
  84 0000 80B5     		push	{r7, lr}
  85              	.LCFI2:
  86              		.cfi_def_cfa_offset 8
  87 0002 82B0     		sub	sp, sp, #8
  88              	.LCFI3:
  89              		.cfi_def_cfa_offset 16
  90 0004 00AF     		add	r7, sp, #0
  91              		.cfi_offset 14, -4
  92              		.cfi_offset 7, -8
  93              	.LCFI4:
  94              		.cfi_def_cfa_register 7
  95 0006 7860     		str	r0, [r7, #4]
  91:.\Generated_Source\PSoC5/Player1_Rx.c ****     /* For all we know the interrupt is active. */
  92:.\Generated_Source\PSoC5/Player1_Rx.c ****     Player1_Rx_Disable();
  96              		.loc 1 92 0
  97 0008 FFF7FEFF 		bl	Player1_Rx_Disable
  93:.\Generated_Source\PSoC5/Player1_Rx.c **** 
  94:.\Generated_Source\PSoC5/Player1_Rx.c ****     /* Set the ISR to point to the Player1_Rx Interrupt. */
  95:.\Generated_Source\PSoC5/Player1_Rx.c ****     Player1_Rx_SetVector(address);
  98              		.loc 1 95 0
  99 000c 7868     		ldr	r0, [r7, #4]
 100 000e FFF7FEFF 		bl	Player1_Rx_SetVector
  96:.\Generated_Source\PSoC5/Player1_Rx.c **** 
  97:.\Generated_Source\PSoC5/Player1_Rx.c ****     /* Set the priority. */
  98:.\Generated_Source\PSoC5/Player1_Rx.c ****     Player1_Rx_SetPriority((uint8)Player1_Rx_INTC_PRIOR_NUMBER);
 101              		.loc 1 98 0
 102 0012 4FF00700 		mov	r0, #7
 103 0016 FFF7FEFF 		bl	Player1_Rx_SetPriority
  99:.\Generated_Source\PSoC5/Player1_Rx.c **** 
 100:.\Generated_Source\PSoC5/Player1_Rx.c ****     /* Enable it. */
 101:.\Generated_Source\PSoC5/Player1_Rx.c ****     Player1_Rx_Enable();
 104              		.loc 1 101 0
 105 001a FFF7FEFF 		bl	Player1_Rx_Enable
 102:.\Generated_Source\PSoC5/Player1_Rx.c **** }
 106              		.loc 1 102 0
 107 001e 07F10807 		add	r7, r7, #8
 108 0022 BD46     		mov	sp, r7
 109 0024 80BD     		pop	{r7, pc}
 110              		.cfi_endproc
 111              	.LFE1:
 112              		.size	Player1_Rx_StartEx, .-Player1_Rx_StartEx
 113 0026 00BF     		.section	.text.Player1_Rx_Stop,"ax",%progbits
 114              		.align	2
 115              		.global	Player1_Rx_Stop
 116              		.thumb
 117              		.thumb_func
 118              		.type	Player1_Rx_Stop, %function
 119              	Player1_Rx_Stop:
 120              	.LFB2:
 103:.\Generated_Source\PSoC5/Player1_Rx.c **** 
 104:.\Generated_Source\PSoC5/Player1_Rx.c **** 
ARM GAS  C:\Users\Miles\AppData\Local\Temp\ccfRerUr.s 			page 5


 105:.\Generated_Source\PSoC5/Player1_Rx.c **** /*******************************************************************************
 106:.\Generated_Source\PSoC5/Player1_Rx.c **** * Function Name: Player1_Rx_Stop
 107:.\Generated_Source\PSoC5/Player1_Rx.c **** ********************************************************************************
 108:.\Generated_Source\PSoC5/Player1_Rx.c **** *
 109:.\Generated_Source\PSoC5/Player1_Rx.c **** * Summary:
 110:.\Generated_Source\PSoC5/Player1_Rx.c **** *   Disables and removes the interrupt.
 111:.\Generated_Source\PSoC5/Player1_Rx.c **** *
 112:.\Generated_Source\PSoC5/Player1_Rx.c **** * Parameters:  
 113:.\Generated_Source\PSoC5/Player1_Rx.c **** *
 114:.\Generated_Source\PSoC5/Player1_Rx.c **** * Return:
 115:.\Generated_Source\PSoC5/Player1_Rx.c **** *   None
 116:.\Generated_Source\PSoC5/Player1_Rx.c **** *
 117:.\Generated_Source\PSoC5/Player1_Rx.c **** *******************************************************************************/
 118:.\Generated_Source\PSoC5/Player1_Rx.c **** void Player1_Rx_Stop(void)
 119:.\Generated_Source\PSoC5/Player1_Rx.c **** {
 121              		.loc 1 119 0
 122              		.cfi_startproc
 123              		@ args = 0, pretend = 0, frame = 0
 124              		@ frame_needed = 1, uses_anonymous_args = 0
 125 0000 80B5     		push	{r7, lr}
 126              	.LCFI5:
 127              		.cfi_def_cfa_offset 8
 128 0002 00AF     		add	r7, sp, #0
 129              		.cfi_offset 14, -4
 130              		.cfi_offset 7, -8
 131              	.LCFI6:
 132              		.cfi_def_cfa_register 7
 120:.\Generated_Source\PSoC5/Player1_Rx.c ****     /* Disable this interrupt. */
 121:.\Generated_Source\PSoC5/Player1_Rx.c ****     Player1_Rx_Disable();
 133              		.loc 1 121 0
 134 0004 FFF7FEFF 		bl	Player1_Rx_Disable
 122:.\Generated_Source\PSoC5/Player1_Rx.c **** 
 123:.\Generated_Source\PSoC5/Player1_Rx.c ****     /* Set the ISR to point to the passive one. */
 124:.\Generated_Source\PSoC5/Player1_Rx.c ****     Player1_Rx_SetVector(&IntDefaultHandler);
 135              		.loc 1 124 0
 136 0008 40F20000 		movw	r0, #:lower16:IntDefaultHandler
 137 000c C0F20000 		movt	r0, #:upper16:IntDefaultHandler
 138 0010 FFF7FEFF 		bl	Player1_Rx_SetVector
 125:.\Generated_Source\PSoC5/Player1_Rx.c **** }
 139              		.loc 1 125 0
 140 0014 80BD     		pop	{r7, pc}
 141              		.cfi_endproc
 142              	.LFE2:
 143              		.size	Player1_Rx_Stop, .-Player1_Rx_Stop
 144 0016 00BF     		.section	.text.Player1_Rx_Interrupt,"ax",%progbits
 145              		.align	2
 146              		.global	Player1_Rx_Interrupt
 147              		.thumb
 148              		.thumb_func
 149              		.type	Player1_Rx_Interrupt, %function
 150              	Player1_Rx_Interrupt:
 151              	.LFB3:
 126:.\Generated_Source\PSoC5/Player1_Rx.c **** 
 127:.\Generated_Source\PSoC5/Player1_Rx.c **** 
 128:.\Generated_Source\PSoC5/Player1_Rx.c **** /*******************************************************************************
 129:.\Generated_Source\PSoC5/Player1_Rx.c **** * Function Name: Player1_Rx_Interrupt
 130:.\Generated_Source\PSoC5/Player1_Rx.c **** ********************************************************************************
ARM GAS  C:\Users\Miles\AppData\Local\Temp\ccfRerUr.s 			page 6


 131:.\Generated_Source\PSoC5/Player1_Rx.c **** *
 132:.\Generated_Source\PSoC5/Player1_Rx.c **** * Summary:
 133:.\Generated_Source\PSoC5/Player1_Rx.c **** *   The default Interrupt Service Routine for Player1_Rx.
 134:.\Generated_Source\PSoC5/Player1_Rx.c **** *
 135:.\Generated_Source\PSoC5/Player1_Rx.c **** *   Add custom code between the coments to keep the next version of this file
 136:.\Generated_Source\PSoC5/Player1_Rx.c **** *   from over writting your code.
 137:.\Generated_Source\PSoC5/Player1_Rx.c **** *
 138:.\Generated_Source\PSoC5/Player1_Rx.c **** * Parameters:  
 139:.\Generated_Source\PSoC5/Player1_Rx.c **** *
 140:.\Generated_Source\PSoC5/Player1_Rx.c **** * Return:
 141:.\Generated_Source\PSoC5/Player1_Rx.c **** *   None
 142:.\Generated_Source\PSoC5/Player1_Rx.c **** *
 143:.\Generated_Source\PSoC5/Player1_Rx.c **** *******************************************************************************/
 144:.\Generated_Source\PSoC5/Player1_Rx.c **** CY_ISR(Player1_Rx_Interrupt)
 145:.\Generated_Source\PSoC5/Player1_Rx.c **** {
 152              		.loc 1 145 0
 153              		.cfi_startproc
 154              		@ args = 0, pretend = 0, frame = 0
 155              		@ frame_needed = 1, uses_anonymous_args = 0
 156 0000 80B5     		push	{r7, lr}
 157              	.LCFI7:
 158              		.cfi_def_cfa_offset 8
 159 0002 00AF     		add	r7, sp, #0
 160              		.cfi_offset 14, -4
 161              		.cfi_offset 7, -8
 162              	.LCFI8:
 163              		.cfi_def_cfa_register 7
 146:.\Generated_Source\PSoC5/Player1_Rx.c ****     /*  Place your Interrupt code here. */
 147:.\Generated_Source\PSoC5/Player1_Rx.c ****     /* `#START Player1_Rx_Interrupt` */
 148:.\Generated_Source\PSoC5/Player1_Rx.c ****     Player1_Rx = PlayerBT1_ReadRxData();
 164              		.loc 1 148 0
 165 0004 FFF7FEFF 		bl	PlayerBT1_ReadRxData
 166 0008 0346     		mov	r3, r0
 167 000a 1A46     		mov	r2, r3
 168 000c 40F20003 		movw	r3, #:lower16:Player1_Rx
 169 0010 C0F20003 		movt	r3, #:upper16:Player1_Rx
 170 0014 1A60     		str	r2, [r3, #0]
 149:.\Generated_Source\PSoC5/Player1_Rx.c ****     Player1_Rx_flag = 1;
 171              		.loc 1 149 0
 172 0016 40F20003 		movw	r3, #:lower16:Player1_Rx_flag
 173 001a C0F20003 		movt	r3, #:upper16:Player1_Rx_flag
 174 001e 4FF00102 		mov	r2, #1
 175 0022 1A70     		strb	r2, [r3, #0]
 150:.\Generated_Source\PSoC5/Player1_Rx.c ****     /* `#END` */
 151:.\Generated_Source\PSoC5/Player1_Rx.c **** }
 176              		.loc 1 151 0
 177 0024 80BD     		pop	{r7, pc}
 178              		.cfi_endproc
 179              	.LFE3:
 180              		.size	Player1_Rx_Interrupt, .-Player1_Rx_Interrupt
 181 0026 00BF     		.section	.text.Player1_Rx_SetVector,"ax",%progbits
 182              		.align	2
 183              		.global	Player1_Rx_SetVector
 184              		.thumb
 185              		.thumb_func
 186              		.type	Player1_Rx_SetVector, %function
 187              	Player1_Rx_SetVector:
ARM GAS  C:\Users\Miles\AppData\Local\Temp\ccfRerUr.s 			page 7


 188              	.LFB4:
 152:.\Generated_Source\PSoC5/Player1_Rx.c **** 
 153:.\Generated_Source\PSoC5/Player1_Rx.c **** 
 154:.\Generated_Source\PSoC5/Player1_Rx.c **** /*******************************************************************************
 155:.\Generated_Source\PSoC5/Player1_Rx.c **** * Function Name: Player1_Rx_SetVector
 156:.\Generated_Source\PSoC5/Player1_Rx.c **** ********************************************************************************
 157:.\Generated_Source\PSoC5/Player1_Rx.c **** *
 158:.\Generated_Source\PSoC5/Player1_Rx.c **** * Summary:
 159:.\Generated_Source\PSoC5/Player1_Rx.c **** *   Change the ISR vector for the Interrupt. Note calling Player1_Rx_Start
 160:.\Generated_Source\PSoC5/Player1_Rx.c **** *   will override any effect this method would have had. To set the vector 
 161:.\Generated_Source\PSoC5/Player1_Rx.c **** *   before the component has been started use Player1_Rx_StartEx instead.
 162:.\Generated_Source\PSoC5/Player1_Rx.c **** *
 163:.\Generated_Source\PSoC5/Player1_Rx.c **** * Parameters:
 164:.\Generated_Source\PSoC5/Player1_Rx.c **** *   address: Address of the ISR to set in the interrupt vector table.
 165:.\Generated_Source\PSoC5/Player1_Rx.c **** *
 166:.\Generated_Source\PSoC5/Player1_Rx.c **** * Return:
 167:.\Generated_Source\PSoC5/Player1_Rx.c **** *   None
 168:.\Generated_Source\PSoC5/Player1_Rx.c **** *
 169:.\Generated_Source\PSoC5/Player1_Rx.c **** *******************************************************************************/
 170:.\Generated_Source\PSoC5/Player1_Rx.c **** void Player1_Rx_SetVector(cyisraddress address)
 171:.\Generated_Source\PSoC5/Player1_Rx.c **** {
 189              		.loc 1 171 0
 190              		.cfi_startproc
 191              		@ args = 0, pretend = 0, frame = 16
 192              		@ frame_needed = 1, uses_anonymous_args = 0
 193              		@ link register save eliminated.
 194 0000 80B4     		push	{r7}
 195              	.LCFI9:
 196              		.cfi_def_cfa_offset 4
 197 0002 85B0     		sub	sp, sp, #20
 198              	.LCFI10:
 199              		.cfi_def_cfa_offset 24
 200 0004 00AF     		add	r7, sp, #0
 201              		.cfi_offset 7, -4
 202              	.LCFI11:
 203              		.cfi_def_cfa_register 7
 204 0006 7860     		str	r0, [r7, #4]
 172:.\Generated_Source\PSoC5/Player1_Rx.c ****     cyisraddress * ramVectorTable;
 173:.\Generated_Source\PSoC5/Player1_Rx.c **** 
 174:.\Generated_Source\PSoC5/Player1_Rx.c ****     ramVectorTable = (cyisraddress *) *CYINT_VECT_TABLE;
 205              		.loc 1 174 0
 206 0008 4EF60853 		movw	r3, #:lower16:-536810232
 207 000c CEF20003 		movt	r3, #:upper16:-536810232
 208 0010 1B68     		ldr	r3, [r3, #0]
 209 0012 FB60     		str	r3, [r7, #12]
 175:.\Generated_Source\PSoC5/Player1_Rx.c **** 
 176:.\Generated_Source\PSoC5/Player1_Rx.c ****     ramVectorTable[CYINT_IRQ_BASE + (uint32)Player1_Rx__INTC_NUMBER] = address;
 210              		.loc 1 176 0
 211 0014 FB68     		ldr	r3, [r7, #12]
 212 0016 03F14003 		add	r3, r3, #64
 213 001a 7A68     		ldr	r2, [r7, #4]
 214 001c 1A60     		str	r2, [r3, #0]
 177:.\Generated_Source\PSoC5/Player1_Rx.c **** }
 215              		.loc 1 177 0
 216 001e 07F11407 		add	r7, r7, #20
 217 0022 BD46     		mov	sp, r7
 218 0024 80BC     		pop	{r7}
ARM GAS  C:\Users\Miles\AppData\Local\Temp\ccfRerUr.s 			page 8


 219 0026 7047     		bx	lr
 220              		.cfi_endproc
 221              	.LFE4:
 222              		.size	Player1_Rx_SetVector, .-Player1_Rx_SetVector
 223              		.section	.text.Player1_Rx_GetVector,"ax",%progbits
 224              		.align	2
 225              		.global	Player1_Rx_GetVector
 226              		.thumb
 227              		.thumb_func
 228              		.type	Player1_Rx_GetVector, %function
 229              	Player1_Rx_GetVector:
 230              	.LFB5:
 178:.\Generated_Source\PSoC5/Player1_Rx.c **** 
 179:.\Generated_Source\PSoC5/Player1_Rx.c **** 
 180:.\Generated_Source\PSoC5/Player1_Rx.c **** /*******************************************************************************
 181:.\Generated_Source\PSoC5/Player1_Rx.c **** * Function Name: Player1_Rx_GetVector
 182:.\Generated_Source\PSoC5/Player1_Rx.c **** ********************************************************************************
 183:.\Generated_Source\PSoC5/Player1_Rx.c **** *
 184:.\Generated_Source\PSoC5/Player1_Rx.c **** * Summary:
 185:.\Generated_Source\PSoC5/Player1_Rx.c **** *   Gets the "address" of the current ISR vector for the Interrupt.
 186:.\Generated_Source\PSoC5/Player1_Rx.c **** *
 187:.\Generated_Source\PSoC5/Player1_Rx.c **** * Parameters:
 188:.\Generated_Source\PSoC5/Player1_Rx.c **** *   None
 189:.\Generated_Source\PSoC5/Player1_Rx.c **** *
 190:.\Generated_Source\PSoC5/Player1_Rx.c **** * Return:
 191:.\Generated_Source\PSoC5/Player1_Rx.c **** *   Address of the ISR in the interrupt vector table.
 192:.\Generated_Source\PSoC5/Player1_Rx.c **** *
 193:.\Generated_Source\PSoC5/Player1_Rx.c **** *******************************************************************************/
 194:.\Generated_Source\PSoC5/Player1_Rx.c **** cyisraddress Player1_Rx_GetVector(void)
 195:.\Generated_Source\PSoC5/Player1_Rx.c **** {
 231              		.loc 1 195 0
 232              		.cfi_startproc
 233              		@ args = 0, pretend = 0, frame = 8
 234              		@ frame_needed = 1, uses_anonymous_args = 0
 235              		@ link register save eliminated.
 236 0000 80B4     		push	{r7}
 237              	.LCFI12:
 238              		.cfi_def_cfa_offset 4
 239 0002 83B0     		sub	sp, sp, #12
 240              	.LCFI13:
 241              		.cfi_def_cfa_offset 16
 242 0004 00AF     		add	r7, sp, #0
 243              		.cfi_offset 7, -4
 244              	.LCFI14:
 245              		.cfi_def_cfa_register 7
 196:.\Generated_Source\PSoC5/Player1_Rx.c ****     cyisraddress * ramVectorTable;
 197:.\Generated_Source\PSoC5/Player1_Rx.c **** 
 198:.\Generated_Source\PSoC5/Player1_Rx.c ****     ramVectorTable = (cyisraddress *) *CYINT_VECT_TABLE;
 246              		.loc 1 198 0
 247 0006 4EF60853 		movw	r3, #:lower16:-536810232
 248 000a CEF20003 		movt	r3, #:upper16:-536810232
 249 000e 1B68     		ldr	r3, [r3, #0]
 250 0010 7B60     		str	r3, [r7, #4]
 199:.\Generated_Source\PSoC5/Player1_Rx.c **** 
 200:.\Generated_Source\PSoC5/Player1_Rx.c ****     return ramVectorTable[CYINT_IRQ_BASE + (uint32)Player1_Rx__INTC_NUMBER];
 251              		.loc 1 200 0
 252 0012 7B68     		ldr	r3, [r7, #4]
ARM GAS  C:\Users\Miles\AppData\Local\Temp\ccfRerUr.s 			page 9


 253 0014 03F14003 		add	r3, r3, #64
 254 0018 1B68     		ldr	r3, [r3, #0]
 201:.\Generated_Source\PSoC5/Player1_Rx.c **** }
 255              		.loc 1 201 0
 256 001a 1846     		mov	r0, r3
 257 001c 07F10C07 		add	r7, r7, #12
 258 0020 BD46     		mov	sp, r7
 259 0022 80BC     		pop	{r7}
 260 0024 7047     		bx	lr
 261              		.cfi_endproc
 262              	.LFE5:
 263              		.size	Player1_Rx_GetVector, .-Player1_Rx_GetVector
 264 0026 00BF     		.section	.text.Player1_Rx_SetPriority,"ax",%progbits
 265              		.align	2
 266              		.global	Player1_Rx_SetPriority
 267              		.thumb
 268              		.thumb_func
 269              		.type	Player1_Rx_SetPriority, %function
 270              	Player1_Rx_SetPriority:
 271              	.LFB6:
 202:.\Generated_Source\PSoC5/Player1_Rx.c **** 
 203:.\Generated_Source\PSoC5/Player1_Rx.c **** 
 204:.\Generated_Source\PSoC5/Player1_Rx.c **** /*******************************************************************************
 205:.\Generated_Source\PSoC5/Player1_Rx.c **** * Function Name: Player1_Rx_SetPriority
 206:.\Generated_Source\PSoC5/Player1_Rx.c **** ********************************************************************************
 207:.\Generated_Source\PSoC5/Player1_Rx.c **** *
 208:.\Generated_Source\PSoC5/Player1_Rx.c **** * Summary:
 209:.\Generated_Source\PSoC5/Player1_Rx.c **** *   Sets the Priority of the Interrupt. Note calling Player1_Rx_Start
 210:.\Generated_Source\PSoC5/Player1_Rx.c **** *   or Player1_Rx_StartEx will override any effect this method 
 211:.\Generated_Source\PSoC5/Player1_Rx.c **** *   would have had. This method should only be called after 
 212:.\Generated_Source\PSoC5/Player1_Rx.c **** *   Player1_Rx_Start or Player1_Rx_StartEx has been called. To set 
 213:.\Generated_Source\PSoC5/Player1_Rx.c **** *   the initial priority for the component use the cydwr file in the tool.
 214:.\Generated_Source\PSoC5/Player1_Rx.c **** *
 215:.\Generated_Source\PSoC5/Player1_Rx.c **** * Parameters:
 216:.\Generated_Source\PSoC5/Player1_Rx.c **** *   priority: Priority of the interrupt. 0 - 7, 0 being the highest.
 217:.\Generated_Source\PSoC5/Player1_Rx.c **** *
 218:.\Generated_Source\PSoC5/Player1_Rx.c **** * Return:
 219:.\Generated_Source\PSoC5/Player1_Rx.c **** *   None
 220:.\Generated_Source\PSoC5/Player1_Rx.c **** *
 221:.\Generated_Source\PSoC5/Player1_Rx.c **** *******************************************************************************/
 222:.\Generated_Source\PSoC5/Player1_Rx.c **** void Player1_Rx_SetPriority(uint8 priority)
 223:.\Generated_Source\PSoC5/Player1_Rx.c **** {
 272              		.loc 1 223 0
 273              		.cfi_startproc
 274              		@ args = 0, pretend = 0, frame = 8
 275              		@ frame_needed = 1, uses_anonymous_args = 0
 276              		@ link register save eliminated.
 277 0000 80B4     		push	{r7}
 278              	.LCFI15:
 279              		.cfi_def_cfa_offset 4
 280 0002 83B0     		sub	sp, sp, #12
 281              	.LCFI16:
 282              		.cfi_def_cfa_offset 16
 283 0004 00AF     		add	r7, sp, #0
 284              		.cfi_offset 7, -4
 285              	.LCFI17:
 286              		.cfi_def_cfa_register 7
ARM GAS  C:\Users\Miles\AppData\Local\Temp\ccfRerUr.s 			page 10


 287 0006 0346     		mov	r3, r0
 288 0008 FB71     		strb	r3, [r7, #7]
 224:.\Generated_Source\PSoC5/Player1_Rx.c ****     *Player1_Rx_INTC_PRIOR = priority << 5;
 289              		.loc 1 224 0
 290 000a 4EF20043 		movw	r3, #:lower16:-536812544
 291 000e CEF20003 		movt	r3, #:upper16:-536812544
 292 0012 FA79     		ldrb	r2, [r7, #7]
 293 0014 4FEA4212 		lsl	r2, r2, #5
 294 0018 D2B2     		uxtb	r2, r2
 295 001a 1A70     		strb	r2, [r3, #0]
 225:.\Generated_Source\PSoC5/Player1_Rx.c **** }
 296              		.loc 1 225 0
 297 001c 07F10C07 		add	r7, r7, #12
 298 0020 BD46     		mov	sp, r7
 299 0022 80BC     		pop	{r7}
 300 0024 7047     		bx	lr
 301              		.cfi_endproc
 302              	.LFE6:
 303              		.size	Player1_Rx_SetPriority, .-Player1_Rx_SetPriority
 304 0026 00BF     		.section	.text.Player1_Rx_GetPriority,"ax",%progbits
 305              		.align	2
 306              		.global	Player1_Rx_GetPriority
 307              		.thumb
 308              		.thumb_func
 309              		.type	Player1_Rx_GetPriority, %function
 310              	Player1_Rx_GetPriority:
 311              	.LFB7:
 226:.\Generated_Source\PSoC5/Player1_Rx.c **** 
 227:.\Generated_Source\PSoC5/Player1_Rx.c **** 
 228:.\Generated_Source\PSoC5/Player1_Rx.c **** /*******************************************************************************
 229:.\Generated_Source\PSoC5/Player1_Rx.c **** * Function Name: Player1_Rx_GetPriority
 230:.\Generated_Source\PSoC5/Player1_Rx.c **** ********************************************************************************
 231:.\Generated_Source\PSoC5/Player1_Rx.c **** *
 232:.\Generated_Source\PSoC5/Player1_Rx.c **** * Summary:
 233:.\Generated_Source\PSoC5/Player1_Rx.c **** *   Gets the Priority of the Interrupt.
 234:.\Generated_Source\PSoC5/Player1_Rx.c **** *
 235:.\Generated_Source\PSoC5/Player1_Rx.c **** * Parameters:
 236:.\Generated_Source\PSoC5/Player1_Rx.c **** *   None
 237:.\Generated_Source\PSoC5/Player1_Rx.c **** *
 238:.\Generated_Source\PSoC5/Player1_Rx.c **** * Return:
 239:.\Generated_Source\PSoC5/Player1_Rx.c **** *   Priority of the interrupt. 0 - 7, 0 being the highest.
 240:.\Generated_Source\PSoC5/Player1_Rx.c **** *
 241:.\Generated_Source\PSoC5/Player1_Rx.c **** *******************************************************************************/
 242:.\Generated_Source\PSoC5/Player1_Rx.c **** uint8 Player1_Rx_GetPriority(void)
 243:.\Generated_Source\PSoC5/Player1_Rx.c **** {
 312              		.loc 1 243 0
 313              		.cfi_startproc
 314              		@ args = 0, pretend = 0, frame = 8
 315              		@ frame_needed = 1, uses_anonymous_args = 0
 316              		@ link register save eliminated.
 317 0000 80B4     		push	{r7}
 318              	.LCFI18:
 319              		.cfi_def_cfa_offset 4
 320 0002 83B0     		sub	sp, sp, #12
 321              	.LCFI19:
 322              		.cfi_def_cfa_offset 16
 323 0004 00AF     		add	r7, sp, #0
ARM GAS  C:\Users\Miles\AppData\Local\Temp\ccfRerUr.s 			page 11


 324              		.cfi_offset 7, -4
 325              	.LCFI20:
 326              		.cfi_def_cfa_register 7
 244:.\Generated_Source\PSoC5/Player1_Rx.c ****     uint8 priority;
 245:.\Generated_Source\PSoC5/Player1_Rx.c **** 
 246:.\Generated_Source\PSoC5/Player1_Rx.c **** 
 247:.\Generated_Source\PSoC5/Player1_Rx.c ****     priority = *Player1_Rx_INTC_PRIOR >> 5;
 327              		.loc 1 247 0
 328 0006 4EF20043 		movw	r3, #:lower16:-536812544
 329 000a CEF20003 		movt	r3, #:upper16:-536812544
 330 000e 1B78     		ldrb	r3, [r3, #0]
 331 0010 DBB2     		uxtb	r3, r3
 332 0012 4FEA5313 		lsr	r3, r3, #5
 333 0016 FB71     		strb	r3, [r7, #7]
 248:.\Generated_Source\PSoC5/Player1_Rx.c **** 
 249:.\Generated_Source\PSoC5/Player1_Rx.c ****     return priority;
 334              		.loc 1 249 0
 335 0018 FB79     		ldrb	r3, [r7, #7]	@ zero_extendqisi2
 250:.\Generated_Source\PSoC5/Player1_Rx.c **** }
 336              		.loc 1 250 0
 337 001a 1846     		mov	r0, r3
 338 001c 07F10C07 		add	r7, r7, #12
 339 0020 BD46     		mov	sp, r7
 340 0022 80BC     		pop	{r7}
 341 0024 7047     		bx	lr
 342              		.cfi_endproc
 343              	.LFE7:
 344              		.size	Player1_Rx_GetPriority, .-Player1_Rx_GetPriority
 345 0026 00BF     		.section	.text.Player1_Rx_Enable,"ax",%progbits
 346              		.align	2
 347              		.global	Player1_Rx_Enable
 348              		.thumb
 349              		.thumb_func
 350              		.type	Player1_Rx_Enable, %function
 351              	Player1_Rx_Enable:
 352              	.LFB8:
 251:.\Generated_Source\PSoC5/Player1_Rx.c **** 
 252:.\Generated_Source\PSoC5/Player1_Rx.c **** 
 253:.\Generated_Source\PSoC5/Player1_Rx.c **** /*******************************************************************************
 254:.\Generated_Source\PSoC5/Player1_Rx.c **** * Function Name: Player1_Rx_Enable
 255:.\Generated_Source\PSoC5/Player1_Rx.c **** ********************************************************************************
 256:.\Generated_Source\PSoC5/Player1_Rx.c **** *
 257:.\Generated_Source\PSoC5/Player1_Rx.c **** * Summary:
 258:.\Generated_Source\PSoC5/Player1_Rx.c **** *   Enables the interrupt.
 259:.\Generated_Source\PSoC5/Player1_Rx.c **** *
 260:.\Generated_Source\PSoC5/Player1_Rx.c **** * Parameters:
 261:.\Generated_Source\PSoC5/Player1_Rx.c **** *   None
 262:.\Generated_Source\PSoC5/Player1_Rx.c **** *
 263:.\Generated_Source\PSoC5/Player1_Rx.c **** * Return:
 264:.\Generated_Source\PSoC5/Player1_Rx.c **** *   None
 265:.\Generated_Source\PSoC5/Player1_Rx.c **** *
 266:.\Generated_Source\PSoC5/Player1_Rx.c **** *******************************************************************************/
 267:.\Generated_Source\PSoC5/Player1_Rx.c **** void Player1_Rx_Enable(void)
 268:.\Generated_Source\PSoC5/Player1_Rx.c **** {
 353              		.loc 1 268 0
 354              		.cfi_startproc
 355              		@ args = 0, pretend = 0, frame = 0
ARM GAS  C:\Users\Miles\AppData\Local\Temp\ccfRerUr.s 			page 12


 356              		@ frame_needed = 1, uses_anonymous_args = 0
 357              		@ link register save eliminated.
 358 0000 80B4     		push	{r7}
 359              	.LCFI21:
 360              		.cfi_def_cfa_offset 4
 361 0002 00AF     		add	r7, sp, #0
 362              		.cfi_offset 7, -4
 363              	.LCFI22:
 364              		.cfi_def_cfa_register 7
 269:.\Generated_Source\PSoC5/Player1_Rx.c ****     /* Enable the general interrupt. */
 270:.\Generated_Source\PSoC5/Player1_Rx.c ****     *Player1_Rx_INTC_SET_EN = Player1_Rx__INTC_MASK;
 365              		.loc 1 270 0
 366 0004 4EF20013 		movw	r3, #:lower16:-536813312
 367 0008 CEF20003 		movt	r3, #:upper16:-536813312
 368 000c 4FF00102 		mov	r2, #1
 369 0010 1A60     		str	r2, [r3, #0]
 271:.\Generated_Source\PSoC5/Player1_Rx.c **** }
 370              		.loc 1 271 0
 371 0012 BD46     		mov	sp, r7
 372 0014 80BC     		pop	{r7}
 373 0016 7047     		bx	lr
 374              		.cfi_endproc
 375              	.LFE8:
 376              		.size	Player1_Rx_Enable, .-Player1_Rx_Enable
 377              		.section	.text.Player1_Rx_GetState,"ax",%progbits
 378              		.align	2
 379              		.global	Player1_Rx_GetState
 380              		.thumb
 381              		.thumb_func
 382              		.type	Player1_Rx_GetState, %function
 383              	Player1_Rx_GetState:
 384              	.LFB9:
 272:.\Generated_Source\PSoC5/Player1_Rx.c **** 
 273:.\Generated_Source\PSoC5/Player1_Rx.c **** 
 274:.\Generated_Source\PSoC5/Player1_Rx.c **** /*******************************************************************************
 275:.\Generated_Source\PSoC5/Player1_Rx.c **** * Function Name: Player1_Rx_GetState
 276:.\Generated_Source\PSoC5/Player1_Rx.c **** ********************************************************************************
 277:.\Generated_Source\PSoC5/Player1_Rx.c **** *
 278:.\Generated_Source\PSoC5/Player1_Rx.c **** * Summary:
 279:.\Generated_Source\PSoC5/Player1_Rx.c **** *   Gets the state (enabled, disabled) of the Interrupt.
 280:.\Generated_Source\PSoC5/Player1_Rx.c **** *
 281:.\Generated_Source\PSoC5/Player1_Rx.c **** * Parameters:
 282:.\Generated_Source\PSoC5/Player1_Rx.c **** *   None
 283:.\Generated_Source\PSoC5/Player1_Rx.c **** *
 284:.\Generated_Source\PSoC5/Player1_Rx.c **** * Return:
 285:.\Generated_Source\PSoC5/Player1_Rx.c **** *   1 if enabled, 0 if disabled.
 286:.\Generated_Source\PSoC5/Player1_Rx.c **** *
 287:.\Generated_Source\PSoC5/Player1_Rx.c **** *******************************************************************************/
 288:.\Generated_Source\PSoC5/Player1_Rx.c **** uint8 Player1_Rx_GetState(void)
 289:.\Generated_Source\PSoC5/Player1_Rx.c **** {
 385              		.loc 1 289 0
 386              		.cfi_startproc
 387              		@ args = 0, pretend = 0, frame = 0
 388              		@ frame_needed = 1, uses_anonymous_args = 0
 389              		@ link register save eliminated.
 390 0000 80B4     		push	{r7}
 391              	.LCFI23:
ARM GAS  C:\Users\Miles\AppData\Local\Temp\ccfRerUr.s 			page 13


 392              		.cfi_def_cfa_offset 4
 393 0002 00AF     		add	r7, sp, #0
 394              		.cfi_offset 7, -4
 395              	.LCFI24:
 396              		.cfi_def_cfa_register 7
 290:.\Generated_Source\PSoC5/Player1_Rx.c ****     /* Get the state of the general interrupt. */
 291:.\Generated_Source\PSoC5/Player1_Rx.c ****     return ((*Player1_Rx_INTC_SET_EN & (uint32)Player1_Rx__INTC_MASK) != 0u) ? 1u:0u;
 397              		.loc 1 291 0
 398 0004 4EF20013 		movw	r3, #:lower16:-536813312
 399 0008 CEF20003 		movt	r3, #:upper16:-536813312
 400 000c 1B68     		ldr	r3, [r3, #0]
 401 000e 03F00103 		and	r3, r3, #1
 402 0012 DBB2     		uxtb	r3, r3
 403 0014 002B     		cmp	r3, #0
 404 0016 02D0     		beq	.L20
 405 0018 4FF00103 		mov	r3, #1
 406 001c 01E0     		b	.L21
 407              	.L20:
 408 001e 4FF00003 		mov	r3, #0
 409              	.L21:
 292:.\Generated_Source\PSoC5/Player1_Rx.c **** }
 410              		.loc 1 292 0
 411 0022 1846     		mov	r0, r3
 412 0024 BD46     		mov	sp, r7
 413 0026 80BC     		pop	{r7}
 414 0028 7047     		bx	lr
 415              		.cfi_endproc
 416              	.LFE9:
 417              		.size	Player1_Rx_GetState, .-Player1_Rx_GetState
 418 002a 00BF     		.section	.text.Player1_Rx_Disable,"ax",%progbits
 419              		.align	2
 420              		.global	Player1_Rx_Disable
 421              		.thumb
 422              		.thumb_func
 423              		.type	Player1_Rx_Disable, %function
 424              	Player1_Rx_Disable:
 425              	.LFB10:
 293:.\Generated_Source\PSoC5/Player1_Rx.c **** 
 294:.\Generated_Source\PSoC5/Player1_Rx.c **** 
 295:.\Generated_Source\PSoC5/Player1_Rx.c **** /*******************************************************************************
 296:.\Generated_Source\PSoC5/Player1_Rx.c **** * Function Name: Player1_Rx_Disable
 297:.\Generated_Source\PSoC5/Player1_Rx.c **** ********************************************************************************
 298:.\Generated_Source\PSoC5/Player1_Rx.c **** *
 299:.\Generated_Source\PSoC5/Player1_Rx.c **** * Summary:
 300:.\Generated_Source\PSoC5/Player1_Rx.c **** *   Disables the Interrupt.
 301:.\Generated_Source\PSoC5/Player1_Rx.c **** *
 302:.\Generated_Source\PSoC5/Player1_Rx.c **** * Parameters:
 303:.\Generated_Source\PSoC5/Player1_Rx.c **** *   None
 304:.\Generated_Source\PSoC5/Player1_Rx.c **** *
 305:.\Generated_Source\PSoC5/Player1_Rx.c **** * Return:
 306:.\Generated_Source\PSoC5/Player1_Rx.c **** *   None
 307:.\Generated_Source\PSoC5/Player1_Rx.c **** *
 308:.\Generated_Source\PSoC5/Player1_Rx.c **** *******************************************************************************/
 309:.\Generated_Source\PSoC5/Player1_Rx.c **** void Player1_Rx_Disable(void)
 310:.\Generated_Source\PSoC5/Player1_Rx.c **** {
 426              		.loc 1 310 0
 427              		.cfi_startproc
ARM GAS  C:\Users\Miles\AppData\Local\Temp\ccfRerUr.s 			page 14


 428              		@ args = 0, pretend = 0, frame = 0
 429              		@ frame_needed = 1, uses_anonymous_args = 0
 430              		@ link register save eliminated.
 431 0000 80B4     		push	{r7}
 432              	.LCFI25:
 433              		.cfi_def_cfa_offset 4
 434 0002 00AF     		add	r7, sp, #0
 435              		.cfi_offset 7, -4
 436              	.LCFI26:
 437              		.cfi_def_cfa_register 7
 311:.\Generated_Source\PSoC5/Player1_Rx.c ****     /* Disable the general interrupt. */
 312:.\Generated_Source\PSoC5/Player1_Rx.c ****     *Player1_Rx_INTC_CLR_EN = Player1_Rx__INTC_MASK;
 438              		.loc 1 312 0
 439 0004 4EF28013 		movw	r3, #:lower16:-536813184
 440 0008 CEF20003 		movt	r3, #:upper16:-536813184
 441 000c 4FF00102 		mov	r2, #1
 442 0010 1A60     		str	r2, [r3, #0]
 313:.\Generated_Source\PSoC5/Player1_Rx.c **** }
 443              		.loc 1 313 0
 444 0012 BD46     		mov	sp, r7
 445 0014 80BC     		pop	{r7}
 446 0016 7047     		bx	lr
 447              		.cfi_endproc
 448              	.LFE10:
 449              		.size	Player1_Rx_Disable, .-Player1_Rx_Disable
 450              		.section	.text.Player1_Rx_SetPending,"ax",%progbits
 451              		.align	2
 452              		.global	Player1_Rx_SetPending
 453              		.thumb
 454              		.thumb_func
 455              		.type	Player1_Rx_SetPending, %function
 456              	Player1_Rx_SetPending:
 457              	.LFB11:
 314:.\Generated_Source\PSoC5/Player1_Rx.c **** 
 315:.\Generated_Source\PSoC5/Player1_Rx.c **** 
 316:.\Generated_Source\PSoC5/Player1_Rx.c **** /*******************************************************************************
 317:.\Generated_Source\PSoC5/Player1_Rx.c **** * Function Name: Player1_Rx_SetPending
 318:.\Generated_Source\PSoC5/Player1_Rx.c **** ********************************************************************************
 319:.\Generated_Source\PSoC5/Player1_Rx.c **** *
 320:.\Generated_Source\PSoC5/Player1_Rx.c **** * Summary:
 321:.\Generated_Source\PSoC5/Player1_Rx.c **** *   Causes the Interrupt to enter the pending state, a software method of
 322:.\Generated_Source\PSoC5/Player1_Rx.c **** *   generating the interrupt.
 323:.\Generated_Source\PSoC5/Player1_Rx.c **** *
 324:.\Generated_Source\PSoC5/Player1_Rx.c **** * Parameters:
 325:.\Generated_Source\PSoC5/Player1_Rx.c **** *   None
 326:.\Generated_Source\PSoC5/Player1_Rx.c **** *
 327:.\Generated_Source\PSoC5/Player1_Rx.c **** * Return:
 328:.\Generated_Source\PSoC5/Player1_Rx.c **** *   None
 329:.\Generated_Source\PSoC5/Player1_Rx.c **** *
 330:.\Generated_Source\PSoC5/Player1_Rx.c **** *******************************************************************************/
 331:.\Generated_Source\PSoC5/Player1_Rx.c **** void Player1_Rx_SetPending(void)
 332:.\Generated_Source\PSoC5/Player1_Rx.c **** {
 458              		.loc 1 332 0
 459              		.cfi_startproc
 460              		@ args = 0, pretend = 0, frame = 0
 461              		@ frame_needed = 1, uses_anonymous_args = 0
 462              		@ link register save eliminated.
ARM GAS  C:\Users\Miles\AppData\Local\Temp\ccfRerUr.s 			page 15


 463 0000 80B4     		push	{r7}
 464              	.LCFI27:
 465              		.cfi_def_cfa_offset 4
 466 0002 00AF     		add	r7, sp, #0
 467              		.cfi_offset 7, -4
 468              	.LCFI28:
 469              		.cfi_def_cfa_register 7
 333:.\Generated_Source\PSoC5/Player1_Rx.c ****     *Player1_Rx_INTC_SET_PD = Player1_Rx__INTC_MASK;
 470              		.loc 1 333 0
 471 0004 4EF20023 		movw	r3, #:lower16:-536813056
 472 0008 CEF20003 		movt	r3, #:upper16:-536813056
 473 000c 4FF00102 		mov	r2, #1
 474 0010 1A60     		str	r2, [r3, #0]
 334:.\Generated_Source\PSoC5/Player1_Rx.c **** }
 475              		.loc 1 334 0
 476 0012 BD46     		mov	sp, r7
 477 0014 80BC     		pop	{r7}
 478 0016 7047     		bx	lr
 479              		.cfi_endproc
 480              	.LFE11:
 481              		.size	Player1_Rx_SetPending, .-Player1_Rx_SetPending
 482              		.section	.text.Player1_Rx_ClearPending,"ax",%progbits
 483              		.align	2
 484              		.global	Player1_Rx_ClearPending
 485              		.thumb
 486              		.thumb_func
 487              		.type	Player1_Rx_ClearPending, %function
 488              	Player1_Rx_ClearPending:
 489              	.LFB12:
 335:.\Generated_Source\PSoC5/Player1_Rx.c **** 
 336:.\Generated_Source\PSoC5/Player1_Rx.c **** 
 337:.\Generated_Source\PSoC5/Player1_Rx.c **** /*******************************************************************************
 338:.\Generated_Source\PSoC5/Player1_Rx.c **** * Function Name: Player1_Rx_ClearPending
 339:.\Generated_Source\PSoC5/Player1_Rx.c **** ********************************************************************************
 340:.\Generated_Source\PSoC5/Player1_Rx.c **** *
 341:.\Generated_Source\PSoC5/Player1_Rx.c **** * Summary:
 342:.\Generated_Source\PSoC5/Player1_Rx.c **** *   Clears a pending interrupt.
 343:.\Generated_Source\PSoC5/Player1_Rx.c **** *
 344:.\Generated_Source\PSoC5/Player1_Rx.c **** * Parameters:
 345:.\Generated_Source\PSoC5/Player1_Rx.c **** *   None
 346:.\Generated_Source\PSoC5/Player1_Rx.c **** *
 347:.\Generated_Source\PSoC5/Player1_Rx.c **** * Return:
 348:.\Generated_Source\PSoC5/Player1_Rx.c **** *   None
 349:.\Generated_Source\PSoC5/Player1_Rx.c **** *
 350:.\Generated_Source\PSoC5/Player1_Rx.c **** *******************************************************************************/
 351:.\Generated_Source\PSoC5/Player1_Rx.c **** void Player1_Rx_ClearPending(void)
 352:.\Generated_Source\PSoC5/Player1_Rx.c **** {
 490              		.loc 1 352 0
 491              		.cfi_startproc
 492              		@ args = 0, pretend = 0, frame = 0
 493              		@ frame_needed = 1, uses_anonymous_args = 0
 494              		@ link register save eliminated.
 495 0000 80B4     		push	{r7}
 496              	.LCFI29:
 497              		.cfi_def_cfa_offset 4
 498 0002 00AF     		add	r7, sp, #0
 499              		.cfi_offset 7, -4
ARM GAS  C:\Users\Miles\AppData\Local\Temp\ccfRerUr.s 			page 16


 500              	.LCFI30:
 501              		.cfi_def_cfa_register 7
 353:.\Generated_Source\PSoC5/Player1_Rx.c ****     *Player1_Rx_INTC_CLR_PD = Player1_Rx__INTC_MASK;
 502              		.loc 1 353 0
 503 0004 4EF28023 		movw	r3, #:lower16:-536812928
 504 0008 CEF20003 		movt	r3, #:upper16:-536812928
 505 000c 4FF00102 		mov	r2, #1
 506 0010 1A60     		str	r2, [r3, #0]
 354:.\Generated_Source\PSoC5/Player1_Rx.c **** }
 507              		.loc 1 354 0
 508 0012 BD46     		mov	sp, r7
 509 0014 80BC     		pop	{r7}
 510 0016 7047     		bx	lr
 511              		.cfi_endproc
 512              	.LFE12:
 513              		.size	Player1_Rx_ClearPending, .-Player1_Rx_ClearPending
 514              		.text
 515              	.Letext0:
 516              		.section	.debug_loc,"",%progbits
 517              	.Ldebug_loc0:
 518              	.LLST0:
 519 0000 00000000 		.4byte	.LFB0
 520 0004 02000000 		.4byte	.LCFI0
 521 0008 0100     		.2byte	0x1
 522 000a 5D       		.byte	0x5d
 523 000b 02000000 		.4byte	.LCFI0
 524 000f 04000000 		.4byte	.LCFI1
 525 0013 0200     		.2byte	0x2
 526 0015 7D       		.byte	0x7d
 527 0016 08       		.sleb128 8
 528 0017 04000000 		.4byte	.LCFI1
 529 001b 22000000 		.4byte	.LFE0
 530 001f 0200     		.2byte	0x2
 531 0021 77       		.byte	0x77
 532 0022 08       		.sleb128 8
 533 0023 00000000 		.4byte	0x0
 534 0027 00000000 		.4byte	0x0
 535              	.LLST1:
 536 002b 00000000 		.4byte	.LFB1
 537 002f 02000000 		.4byte	.LCFI2
 538 0033 0100     		.2byte	0x1
 539 0035 5D       		.byte	0x5d
 540 0036 02000000 		.4byte	.LCFI2
 541 003a 04000000 		.4byte	.LCFI3
 542 003e 0200     		.2byte	0x2
 543 0040 7D       		.byte	0x7d
 544 0041 08       		.sleb128 8
 545 0042 04000000 		.4byte	.LCFI3
 546 0046 06000000 		.4byte	.LCFI4
 547 004a 0200     		.2byte	0x2
 548 004c 7D       		.byte	0x7d
 549 004d 10       		.sleb128 16
 550 004e 06000000 		.4byte	.LCFI4
 551 0052 26000000 		.4byte	.LFE1
 552 0056 0200     		.2byte	0x2
 553 0058 77       		.byte	0x77
 554 0059 10       		.sleb128 16
ARM GAS  C:\Users\Miles\AppData\Local\Temp\ccfRerUr.s 			page 17


 555 005a 00000000 		.4byte	0x0
 556 005e 00000000 		.4byte	0x0
 557              	.LLST2:
 558 0062 00000000 		.4byte	.LFB2
 559 0066 02000000 		.4byte	.LCFI5
 560 006a 0100     		.2byte	0x1
 561 006c 5D       		.byte	0x5d
 562 006d 02000000 		.4byte	.LCFI5
 563 0071 04000000 		.4byte	.LCFI6
 564 0075 0200     		.2byte	0x2
 565 0077 7D       		.byte	0x7d
 566 0078 08       		.sleb128 8
 567 0079 04000000 		.4byte	.LCFI6
 568 007d 16000000 		.4byte	.LFE2
 569 0081 0200     		.2byte	0x2
 570 0083 77       		.byte	0x77
 571 0084 08       		.sleb128 8
 572 0085 00000000 		.4byte	0x0
 573 0089 00000000 		.4byte	0x0
 574              	.LLST3:
 575 008d 00000000 		.4byte	.LFB3
 576 0091 02000000 		.4byte	.LCFI7
 577 0095 0100     		.2byte	0x1
 578 0097 5D       		.byte	0x5d
 579 0098 02000000 		.4byte	.LCFI7
 580 009c 04000000 		.4byte	.LCFI8
 581 00a0 0200     		.2byte	0x2
 582 00a2 7D       		.byte	0x7d
 583 00a3 08       		.sleb128 8
 584 00a4 04000000 		.4byte	.LCFI8
 585 00a8 26000000 		.4byte	.LFE3
 586 00ac 0200     		.2byte	0x2
 587 00ae 77       		.byte	0x77
 588 00af 08       		.sleb128 8
 589 00b0 00000000 		.4byte	0x0
 590 00b4 00000000 		.4byte	0x0
 591              	.LLST4:
 592 00b8 00000000 		.4byte	.LFB4
 593 00bc 02000000 		.4byte	.LCFI9
 594 00c0 0100     		.2byte	0x1
 595 00c2 5D       		.byte	0x5d
 596 00c3 02000000 		.4byte	.LCFI9
 597 00c7 04000000 		.4byte	.LCFI10
 598 00cb 0200     		.2byte	0x2
 599 00cd 7D       		.byte	0x7d
 600 00ce 04       		.sleb128 4
 601 00cf 04000000 		.4byte	.LCFI10
 602 00d3 06000000 		.4byte	.LCFI11
 603 00d7 0200     		.2byte	0x2
 604 00d9 7D       		.byte	0x7d
 605 00da 18       		.sleb128 24
 606 00db 06000000 		.4byte	.LCFI11
 607 00df 28000000 		.4byte	.LFE4
 608 00e3 0200     		.2byte	0x2
 609 00e5 77       		.byte	0x77
 610 00e6 18       		.sleb128 24
 611 00e7 00000000 		.4byte	0x0
ARM GAS  C:\Users\Miles\AppData\Local\Temp\ccfRerUr.s 			page 18


 612 00eb 00000000 		.4byte	0x0
 613              	.LLST5:
 614 00ef 00000000 		.4byte	.LFB5
 615 00f3 02000000 		.4byte	.LCFI12
 616 00f7 0100     		.2byte	0x1
 617 00f9 5D       		.byte	0x5d
 618 00fa 02000000 		.4byte	.LCFI12
 619 00fe 04000000 		.4byte	.LCFI13
 620 0102 0200     		.2byte	0x2
 621 0104 7D       		.byte	0x7d
 622 0105 04       		.sleb128 4
 623 0106 04000000 		.4byte	.LCFI13
 624 010a 06000000 		.4byte	.LCFI14
 625 010e 0200     		.2byte	0x2
 626 0110 7D       		.byte	0x7d
 627 0111 10       		.sleb128 16
 628 0112 06000000 		.4byte	.LCFI14
 629 0116 26000000 		.4byte	.LFE5
 630 011a 0200     		.2byte	0x2
 631 011c 77       		.byte	0x77
 632 011d 10       		.sleb128 16
 633 011e 00000000 		.4byte	0x0
 634 0122 00000000 		.4byte	0x0
 635              	.LLST6:
 636 0126 00000000 		.4byte	.LFB6
 637 012a 02000000 		.4byte	.LCFI15
 638 012e 0100     		.2byte	0x1
 639 0130 5D       		.byte	0x5d
 640 0131 02000000 		.4byte	.LCFI15
 641 0135 04000000 		.4byte	.LCFI16
 642 0139 0200     		.2byte	0x2
 643 013b 7D       		.byte	0x7d
 644 013c 04       		.sleb128 4
 645 013d 04000000 		.4byte	.LCFI16
 646 0141 06000000 		.4byte	.LCFI17
 647 0145 0200     		.2byte	0x2
 648 0147 7D       		.byte	0x7d
 649 0148 10       		.sleb128 16
 650 0149 06000000 		.4byte	.LCFI17
 651 014d 26000000 		.4byte	.LFE6
 652 0151 0200     		.2byte	0x2
 653 0153 77       		.byte	0x77
 654 0154 10       		.sleb128 16
 655 0155 00000000 		.4byte	0x0
 656 0159 00000000 		.4byte	0x0
 657              	.LLST7:
 658 015d 00000000 		.4byte	.LFB7
 659 0161 02000000 		.4byte	.LCFI18
 660 0165 0100     		.2byte	0x1
 661 0167 5D       		.byte	0x5d
 662 0168 02000000 		.4byte	.LCFI18
 663 016c 04000000 		.4byte	.LCFI19
 664 0170 0200     		.2byte	0x2
 665 0172 7D       		.byte	0x7d
 666 0173 04       		.sleb128 4
 667 0174 04000000 		.4byte	.LCFI19
 668 0178 06000000 		.4byte	.LCFI20
ARM GAS  C:\Users\Miles\AppData\Local\Temp\ccfRerUr.s 			page 19


 669 017c 0200     		.2byte	0x2
 670 017e 7D       		.byte	0x7d
 671 017f 10       		.sleb128 16
 672 0180 06000000 		.4byte	.LCFI20
 673 0184 26000000 		.4byte	.LFE7
 674 0188 0200     		.2byte	0x2
 675 018a 77       		.byte	0x77
 676 018b 10       		.sleb128 16
 677 018c 00000000 		.4byte	0x0
 678 0190 00000000 		.4byte	0x0
 679              	.LLST8:
 680 0194 00000000 		.4byte	.LFB8
 681 0198 02000000 		.4byte	.LCFI21
 682 019c 0100     		.2byte	0x1
 683 019e 5D       		.byte	0x5d
 684 019f 02000000 		.4byte	.LCFI21
 685 01a3 04000000 		.4byte	.LCFI22
 686 01a7 0200     		.2byte	0x2
 687 01a9 7D       		.byte	0x7d
 688 01aa 04       		.sleb128 4
 689 01ab 04000000 		.4byte	.LCFI22
 690 01af 18000000 		.4byte	.LFE8
 691 01b3 0200     		.2byte	0x2
 692 01b5 77       		.byte	0x77
 693 01b6 04       		.sleb128 4
 694 01b7 00000000 		.4byte	0x0
 695 01bb 00000000 		.4byte	0x0
 696              	.LLST9:
 697 01bf 00000000 		.4byte	.LFB9
 698 01c3 02000000 		.4byte	.LCFI23
 699 01c7 0100     		.2byte	0x1
 700 01c9 5D       		.byte	0x5d
 701 01ca 02000000 		.4byte	.LCFI23
 702 01ce 04000000 		.4byte	.LCFI24
 703 01d2 0200     		.2byte	0x2
 704 01d4 7D       		.byte	0x7d
 705 01d5 04       		.sleb128 4
 706 01d6 04000000 		.4byte	.LCFI24
 707 01da 2A000000 		.4byte	.LFE9
 708 01de 0200     		.2byte	0x2
 709 01e0 77       		.byte	0x77
 710 01e1 04       		.sleb128 4
 711 01e2 00000000 		.4byte	0x0
 712 01e6 00000000 		.4byte	0x0
 713              	.LLST10:
 714 01ea 00000000 		.4byte	.LFB10
 715 01ee 02000000 		.4byte	.LCFI25
 716 01f2 0100     		.2byte	0x1
 717 01f4 5D       		.byte	0x5d
 718 01f5 02000000 		.4byte	.LCFI25
 719 01f9 04000000 		.4byte	.LCFI26
 720 01fd 0200     		.2byte	0x2
 721 01ff 7D       		.byte	0x7d
 722 0200 04       		.sleb128 4
 723 0201 04000000 		.4byte	.LCFI26
 724 0205 18000000 		.4byte	.LFE10
 725 0209 0200     		.2byte	0x2
ARM GAS  C:\Users\Miles\AppData\Local\Temp\ccfRerUr.s 			page 20


 726 020b 77       		.byte	0x77
 727 020c 04       		.sleb128 4
 728 020d 00000000 		.4byte	0x0
 729 0211 00000000 		.4byte	0x0
 730              	.LLST11:
 731 0215 00000000 		.4byte	.LFB11
 732 0219 02000000 		.4byte	.LCFI27
 733 021d 0100     		.2byte	0x1
 734 021f 5D       		.byte	0x5d
 735 0220 02000000 		.4byte	.LCFI27
 736 0224 04000000 		.4byte	.LCFI28
 737 0228 0200     		.2byte	0x2
 738 022a 7D       		.byte	0x7d
 739 022b 04       		.sleb128 4
 740 022c 04000000 		.4byte	.LCFI28
 741 0230 18000000 		.4byte	.LFE11
 742 0234 0200     		.2byte	0x2
 743 0236 77       		.byte	0x77
 744 0237 04       		.sleb128 4
 745 0238 00000000 		.4byte	0x0
 746 023c 00000000 		.4byte	0x0
 747              	.LLST12:
 748 0240 00000000 		.4byte	.LFB12
 749 0244 02000000 		.4byte	.LCFI29
 750 0248 0100     		.2byte	0x1
 751 024a 5D       		.byte	0x5d
 752 024b 02000000 		.4byte	.LCFI29
 753 024f 04000000 		.4byte	.LCFI30
 754 0253 0200     		.2byte	0x2
 755 0255 7D       		.byte	0x7d
 756 0256 04       		.sleb128 4
 757 0257 04000000 		.4byte	.LCFI30
 758 025b 18000000 		.4byte	.LFE12
 759 025f 0200     		.2byte	0x2
 760 0261 77       		.byte	0x77
 761 0262 04       		.sleb128 4
 762 0263 00000000 		.4byte	0x0
 763 0267 00000000 		.4byte	0x0
 764              		.file 2 "./Generated_Source/PSoC5/cytypes.h"
 765              		.section	.debug_info
 766 0000 5B020000 		.4byte	0x25b
 767 0004 0200     		.2byte	0x2
 768 0006 00000000 		.4byte	.Ldebug_abbrev0
 769 000a 04       		.byte	0x4
 770 000b 01       		.uleb128 0x1
 771 000c C0010000 		.4byte	.LASF31
 772 0010 01       		.byte	0x1
 773 0011 6A010000 		.4byte	.LASF32
 774 0015 69000000 		.4byte	.LASF33
 775 0019 00000000 		.4byte	0x0
 776 001d 00000000 		.4byte	0x0
 777 0021 00000000 		.4byte	.Ldebug_ranges0+0x0
 778 0025 00000000 		.4byte	.Ldebug_line0
 779 0029 02       		.uleb128 0x2
 780 002a 01       		.byte	0x1
 781 002b 06       		.byte	0x6
 782 002c 23020000 		.4byte	.LASF0
ARM GAS  C:\Users\Miles\AppData\Local\Temp\ccfRerUr.s 			page 21


 783 0030 02       		.uleb128 0x2
 784 0031 01       		.byte	0x1
 785 0032 08       		.byte	0x8
 786 0033 D9000000 		.4byte	.LASF1
 787 0037 02       		.uleb128 0x2
 788 0038 02       		.byte	0x2
 789 0039 05       		.byte	0x5
 790 003a EB010000 		.4byte	.LASF2
 791 003e 02       		.uleb128 0x2
 792 003f 02       		.byte	0x2
 793 0040 07       		.byte	0x7
 794 0041 25000000 		.4byte	.LASF3
 795 0045 03       		.uleb128 0x3
 796 0046 04       		.byte	0x4
 797 0047 05       		.byte	0x5
 798 0048 696E7400 		.ascii	"int\000"
 799 004c 02       		.uleb128 0x2
 800 004d 04       		.byte	0x4
 801 004e 07       		.byte	0x7
 802 004f 3E010000 		.4byte	.LASF4
 803 0053 02       		.uleb128 0x2
 804 0054 08       		.byte	0x8
 805 0055 05       		.byte	0x5
 806 0056 00000000 		.4byte	.LASF5
 807 005a 02       		.uleb128 0x2
 808 005b 08       		.byte	0x8
 809 005c 07       		.byte	0x7
 810 005d 53010000 		.4byte	.LASF6
 811 0061 02       		.uleb128 0x2
 812 0062 04       		.byte	0x4
 813 0063 05       		.byte	0x5
 814 0064 0A020000 		.4byte	.LASF7
 815 0068 04       		.uleb128 0x4
 816 0069 04       		.byte	0x4
 817 006a 07       		.byte	0x7
 818 006b 02       		.uleb128 0x2
 819 006c 04       		.byte	0x4
 820 006d 07       		.byte	0x7
 821 006e B8000000 		.4byte	.LASF8
 822 0072 05       		.uleb128 0x5
 823 0073 01       		.byte	0x1
 824 0074 06       		.uleb128 0x6
 825 0075 04       		.byte	0x4
 826 0076 72000000 		.4byte	0x72
 827 007a 02       		.uleb128 0x2
 828 007b 01       		.byte	0x1
 829 007c 08       		.byte	0x8
 830 007d CC010000 		.4byte	.LASF9
 831 0081 07       		.uleb128 0x7
 832 0082 CA000000 		.4byte	.LASF12
 833 0086 02       		.byte	0x2
 834 0087 4C       		.byte	0x4c
 835 0088 30000000 		.4byte	0x30
 836 008c 02       		.uleb128 0x2
 837 008d 04       		.byte	0x4
 838 008e 04       		.byte	0x4
 839 008f 63000000 		.4byte	.LASF10
ARM GAS  C:\Users\Miles\AppData\Local\Temp\ccfRerUr.s 			page 22


 840 0093 02       		.uleb128 0x2
 841 0094 08       		.byte	0x8
 842 0095 04       		.byte	0x4
 843 0096 E7000000 		.4byte	.LASF11
 844 009a 07       		.uleb128 0x7
 845 009b 90010000 		.4byte	.LASF13
 846 009f 02       		.byte	0x2
 847 00a0 EB       		.byte	0xeb
 848 00a1 74000000 		.4byte	0x74
 849 00a5 08       		.uleb128 0x8
 850 00a6 01       		.byte	0x1
 851 00a7 2D010000 		.4byte	.LASF14
 852 00ab 01       		.byte	0x1
 853 00ac 3B       		.byte	0x3b
 854 00ad 01       		.byte	0x1
 855 00ae 00000000 		.4byte	.LFB0
 856 00b2 22000000 		.4byte	.LFE0
 857 00b6 00000000 		.4byte	.LLST0
 858 00ba 09       		.uleb128 0x9
 859 00bb 01       		.byte	0x1
 860 00bc EE000000 		.4byte	.LASF17
 861 00c0 01       		.byte	0x1
 862 00c1 59       		.byte	0x59
 863 00c2 01       		.byte	0x1
 864 00c3 00000000 		.4byte	.LFB1
 865 00c7 26000000 		.4byte	.LFE1
 866 00cb 2B000000 		.4byte	.LLST1
 867 00cf E2000000 		.4byte	0xe2
 868 00d3 0A       		.uleb128 0xa
 869 00d4 4B010000 		.4byte	.LASF19
 870 00d8 01       		.byte	0x1
 871 00d9 59       		.byte	0x59
 872 00da 9A000000 		.4byte	0x9a
 873 00de 02       		.byte	0x2
 874 00df 91       		.byte	0x91
 875 00e0 74       		.sleb128 -12
 876 00e1 00       		.byte	0x0
 877 00e2 08       		.uleb128 0x8
 878 00e3 01       		.byte	0x1
 879 00e4 13020000 		.4byte	.LASF15
 880 00e8 01       		.byte	0x1
 881 00e9 76       		.byte	0x76
 882 00ea 01       		.byte	0x1
 883 00eb 00000000 		.4byte	.LFB2
 884 00ef 16000000 		.4byte	.LFE2
 885 00f3 62000000 		.4byte	.LLST2
 886 00f7 08       		.uleb128 0x8
 887 00f8 01       		.byte	0x1
 888 00f9 F5010000 		.4byte	.LASF16
 889 00fd 01       		.byte	0x1
 890 00fe 90       		.byte	0x90
 891 00ff 01       		.byte	0x1
 892 0100 00000000 		.4byte	.LFB3
 893 0104 26000000 		.4byte	.LFE3
 894 0108 8D000000 		.4byte	.LLST3
 895 010c 09       		.uleb128 0x9
 896 010d 01       		.byte	0x1
ARM GAS  C:\Users\Miles\AppData\Local\Temp\ccfRerUr.s 			page 23


 897 010e 4E000000 		.4byte	.LASF18
 898 0112 01       		.byte	0x1
 899 0113 AA       		.byte	0xaa
 900 0114 01       		.byte	0x1
 901 0115 00000000 		.4byte	.LFB4
 902 0119 28000000 		.4byte	.LFE4
 903 011d B8000000 		.4byte	.LLST4
 904 0121 42010000 		.4byte	0x142
 905 0125 0A       		.uleb128 0xa
 906 0126 4B010000 		.4byte	.LASF19
 907 012a 01       		.byte	0x1
 908 012b AA       		.byte	0xaa
 909 012c 9A000000 		.4byte	0x9a
 910 0130 02       		.byte	0x2
 911 0131 91       		.byte	0x91
 912 0132 6C       		.sleb128 -20
 913 0133 0B       		.uleb128 0xb
 914 0134 D1010000 		.4byte	.LASF20
 915 0138 01       		.byte	0x1
 916 0139 AC       		.byte	0xac
 917 013a 42010000 		.4byte	0x142
 918 013e 02       		.byte	0x2
 919 013f 91       		.byte	0x91
 920 0140 74       		.sleb128 -12
 921 0141 00       		.byte	0x0
 922 0142 06       		.uleb128 0x6
 923 0143 04       		.byte	0x4
 924 0144 9A000000 		.4byte	0x9a
 925 0148 0C       		.uleb128 0xc
 926 0149 01       		.byte	0x1
 927 014a 18010000 		.4byte	.LASF23
 928 014e 01       		.byte	0x1
 929 014f C2       		.byte	0xc2
 930 0150 01       		.byte	0x1
 931 0151 9A000000 		.4byte	0x9a
 932 0155 00000000 		.4byte	.LFB5
 933 0159 26000000 		.4byte	.LFE5
 934 015d EF000000 		.4byte	.LLST5
 935 0161 74010000 		.4byte	0x174
 936 0165 0B       		.uleb128 0xb
 937 0166 D1010000 		.4byte	.LASF20
 938 016a 01       		.byte	0x1
 939 016b C4       		.byte	0xc4
 940 016c 42010000 		.4byte	0x142
 941 0170 02       		.byte	0x2
 942 0171 91       		.byte	0x91
 943 0172 74       		.sleb128 -12
 944 0173 00       		.byte	0x0
 945 0174 09       		.uleb128 0x9
 946 0175 01       		.byte	0x1
 947 0176 01010000 		.4byte	.LASF21
 948 017a 01       		.byte	0x1
 949 017b DE       		.byte	0xde
 950 017c 01       		.byte	0x1
 951 017d 00000000 		.4byte	.LFB6
 952 0181 26000000 		.4byte	.LFE6
 953 0185 26010000 		.4byte	.LLST6
ARM GAS  C:\Users\Miles\AppData\Local\Temp\ccfRerUr.s 			page 24


 954 0189 9C010000 		.4byte	0x19c
 955 018d 0A       		.uleb128 0xa
 956 018e D0000000 		.4byte	.LASF22
 957 0192 01       		.byte	0x1
 958 0193 DE       		.byte	0xde
 959 0194 81000000 		.4byte	0x81
 960 0198 02       		.byte	0x2
 961 0199 91       		.byte	0x91
 962 019a 77       		.sleb128 -9
 963 019b 00       		.byte	0x0
 964 019c 0C       		.uleb128 0xc
 965 019d 01       		.byte	0x1
 966 019e 0E000000 		.4byte	.LASF24
 967 01a2 01       		.byte	0x1
 968 01a3 F2       		.byte	0xf2
 969 01a4 01       		.byte	0x1
 970 01a5 81000000 		.4byte	0x81
 971 01a9 00000000 		.4byte	.LFB7
 972 01ad 26000000 		.4byte	.LFE7
 973 01b1 5D010000 		.4byte	.LLST7
 974 01b5 C8010000 		.4byte	0x1c8
 975 01b9 0B       		.uleb128 0xb
 976 01ba D0000000 		.4byte	.LASF22
 977 01be 01       		.byte	0x1
 978 01bf F4       		.byte	0xf4
 979 01c0 81000000 		.4byte	0x81
 980 01c4 02       		.byte	0x2
 981 01c5 91       		.byte	0x91
 982 01c6 77       		.sleb128 -9
 983 01c7 00       		.byte	0x0
 984 01c8 0D       		.uleb128 0xd
 985 01c9 01       		.byte	0x1
 986 01ca 2F020000 		.4byte	.LASF25
 987 01ce 01       		.byte	0x1
 988 01cf 0B01     		.2byte	0x10b
 989 01d1 01       		.byte	0x1
 990 01d2 00000000 		.4byte	.LFB8
 991 01d6 18000000 		.4byte	.LFE8
 992 01da 94010000 		.4byte	.LLST8
 993 01de 0E       		.uleb128 0xe
 994 01df 01       		.byte	0x1
 995 01e0 41020000 		.4byte	.LASF34
 996 01e4 01       		.byte	0x1
 997 01e5 2001     		.2byte	0x120
 998 01e7 01       		.byte	0x1
 999 01e8 81000000 		.4byte	0x81
 1000 01ec 00000000 		.4byte	.LFB9
 1001 01f0 2A000000 		.4byte	.LFE9
 1002 01f4 BF010000 		.4byte	.LLST9
 1003 01f8 0D       		.uleb128 0xd
 1004 01f9 01       		.byte	0x1
 1005 01fa 9D010000 		.4byte	.LASF26
 1006 01fe 01       		.byte	0x1
 1007 01ff 3501     		.2byte	0x135
 1008 0201 01       		.byte	0x1
 1009 0202 00000000 		.4byte	.LFB10
 1010 0206 18000000 		.4byte	.LFE10
ARM GAS  C:\Users\Miles\AppData\Local\Temp\ccfRerUr.s 			page 25


 1011 020a EA010000 		.4byte	.LLST10
 1012 020e 0D       		.uleb128 0xd
 1013 020f 01       		.byte	0x1
 1014 0210 38000000 		.4byte	.LASF27
 1015 0214 01       		.byte	0x1
 1016 0215 4B01     		.2byte	0x14b
 1017 0217 01       		.byte	0x1
 1018 0218 00000000 		.4byte	.LFB11
 1019 021c 18000000 		.4byte	.LFE11
 1020 0220 15020000 		.4byte	.LLST11
 1021 0224 0D       		.uleb128 0xd
 1022 0225 01       		.byte	0x1
 1023 0226 A0000000 		.4byte	.LASF28
 1024 022a 01       		.byte	0x1
 1025 022b 5F01     		.2byte	0x15f
 1026 022d 01       		.byte	0x1
 1027 022e 00000000 		.4byte	.LFB12
 1028 0232 18000000 		.4byte	.LFE12
 1029 0236 40020000 		.4byte	.LLST12
 1030 023a 0F       		.uleb128 0xf
 1031 023b E0010000 		.4byte	.LASF29
 1032 023f 01       		.byte	0x1
 1033 0240 1E       		.byte	0x1e
 1034 0241 4C000000 		.4byte	0x4c
 1035 0245 01       		.byte	0x1
 1036 0246 05       		.byte	0x5
 1037 0247 03       		.byte	0x3
 1038 0248 00000000 		.4byte	Player1_Rx
 1039 024c 0F       		.uleb128 0xf
 1040 024d B0010000 		.4byte	.LASF30
 1041 0251 01       		.byte	0x1
 1042 0252 1F       		.byte	0x1f
 1043 0253 81000000 		.4byte	0x81
 1044 0257 01       		.byte	0x1
 1045 0258 05       		.byte	0x5
 1046 0259 03       		.byte	0x3
 1047 025a 00000000 		.4byte	Player1_Rx_flag
 1048 025e 00       		.byte	0x0
 1049              		.section	.debug_abbrev
 1050 0000 01       		.uleb128 0x1
 1051 0001 11       		.uleb128 0x11
 1052 0002 01       		.byte	0x1
 1053 0003 25       		.uleb128 0x25
 1054 0004 0E       		.uleb128 0xe
 1055 0005 13       		.uleb128 0x13
 1056 0006 0B       		.uleb128 0xb
 1057 0007 03       		.uleb128 0x3
 1058 0008 0E       		.uleb128 0xe
 1059 0009 1B       		.uleb128 0x1b
 1060 000a 0E       		.uleb128 0xe
 1061 000b 11       		.uleb128 0x11
 1062 000c 01       		.uleb128 0x1
 1063 000d 52       		.uleb128 0x52
 1064 000e 01       		.uleb128 0x1
 1065 000f 55       		.uleb128 0x55
 1066 0010 06       		.uleb128 0x6
 1067 0011 10       		.uleb128 0x10
ARM GAS  C:\Users\Miles\AppData\Local\Temp\ccfRerUr.s 			page 26


 1068 0012 06       		.uleb128 0x6
 1069 0013 00       		.byte	0x0
 1070 0014 00       		.byte	0x0
 1071 0015 02       		.uleb128 0x2
 1072 0016 24       		.uleb128 0x24
 1073 0017 00       		.byte	0x0
 1074 0018 0B       		.uleb128 0xb
 1075 0019 0B       		.uleb128 0xb
 1076 001a 3E       		.uleb128 0x3e
 1077 001b 0B       		.uleb128 0xb
 1078 001c 03       		.uleb128 0x3
 1079 001d 0E       		.uleb128 0xe
 1080 001e 00       		.byte	0x0
 1081 001f 00       		.byte	0x0
 1082 0020 03       		.uleb128 0x3
 1083 0021 24       		.uleb128 0x24
 1084 0022 00       		.byte	0x0
 1085 0023 0B       		.uleb128 0xb
 1086 0024 0B       		.uleb128 0xb
 1087 0025 3E       		.uleb128 0x3e
 1088 0026 0B       		.uleb128 0xb
 1089 0027 03       		.uleb128 0x3
 1090 0028 08       		.uleb128 0x8
 1091 0029 00       		.byte	0x0
 1092 002a 00       		.byte	0x0
 1093 002b 04       		.uleb128 0x4
 1094 002c 24       		.uleb128 0x24
 1095 002d 00       		.byte	0x0
 1096 002e 0B       		.uleb128 0xb
 1097 002f 0B       		.uleb128 0xb
 1098 0030 3E       		.uleb128 0x3e
 1099 0031 0B       		.uleb128 0xb
 1100 0032 00       		.byte	0x0
 1101 0033 00       		.byte	0x0
 1102 0034 05       		.uleb128 0x5
 1103 0035 15       		.uleb128 0x15
 1104 0036 00       		.byte	0x0
 1105 0037 27       		.uleb128 0x27
 1106 0038 0C       		.uleb128 0xc
 1107 0039 00       		.byte	0x0
 1108 003a 00       		.byte	0x0
 1109 003b 06       		.uleb128 0x6
 1110 003c 0F       		.uleb128 0xf
 1111 003d 00       		.byte	0x0
 1112 003e 0B       		.uleb128 0xb
 1113 003f 0B       		.uleb128 0xb
 1114 0040 49       		.uleb128 0x49
 1115 0041 13       		.uleb128 0x13
 1116 0042 00       		.byte	0x0
 1117 0043 00       		.byte	0x0
 1118 0044 07       		.uleb128 0x7
 1119 0045 16       		.uleb128 0x16
 1120 0046 00       		.byte	0x0
 1121 0047 03       		.uleb128 0x3
 1122 0048 0E       		.uleb128 0xe
 1123 0049 3A       		.uleb128 0x3a
 1124 004a 0B       		.uleb128 0xb
ARM GAS  C:\Users\Miles\AppData\Local\Temp\ccfRerUr.s 			page 27


 1125 004b 3B       		.uleb128 0x3b
 1126 004c 0B       		.uleb128 0xb
 1127 004d 49       		.uleb128 0x49
 1128 004e 13       		.uleb128 0x13
 1129 004f 00       		.byte	0x0
 1130 0050 00       		.byte	0x0
 1131 0051 08       		.uleb128 0x8
 1132 0052 2E       		.uleb128 0x2e
 1133 0053 00       		.byte	0x0
 1134 0054 3F       		.uleb128 0x3f
 1135 0055 0C       		.uleb128 0xc
 1136 0056 03       		.uleb128 0x3
 1137 0057 0E       		.uleb128 0xe
 1138 0058 3A       		.uleb128 0x3a
 1139 0059 0B       		.uleb128 0xb
 1140 005a 3B       		.uleb128 0x3b
 1141 005b 0B       		.uleb128 0xb
 1142 005c 27       		.uleb128 0x27
 1143 005d 0C       		.uleb128 0xc
 1144 005e 11       		.uleb128 0x11
 1145 005f 01       		.uleb128 0x1
 1146 0060 12       		.uleb128 0x12
 1147 0061 01       		.uleb128 0x1
 1148 0062 40       		.uleb128 0x40
 1149 0063 06       		.uleb128 0x6
 1150 0064 00       		.byte	0x0
 1151 0065 00       		.byte	0x0
 1152 0066 09       		.uleb128 0x9
 1153 0067 2E       		.uleb128 0x2e
 1154 0068 01       		.byte	0x1
 1155 0069 3F       		.uleb128 0x3f
 1156 006a 0C       		.uleb128 0xc
 1157 006b 03       		.uleb128 0x3
 1158 006c 0E       		.uleb128 0xe
 1159 006d 3A       		.uleb128 0x3a
 1160 006e 0B       		.uleb128 0xb
 1161 006f 3B       		.uleb128 0x3b
 1162 0070 0B       		.uleb128 0xb
 1163 0071 27       		.uleb128 0x27
 1164 0072 0C       		.uleb128 0xc
 1165 0073 11       		.uleb128 0x11
 1166 0074 01       		.uleb128 0x1
 1167 0075 12       		.uleb128 0x12
 1168 0076 01       		.uleb128 0x1
 1169 0077 40       		.uleb128 0x40
 1170 0078 06       		.uleb128 0x6
 1171 0079 01       		.uleb128 0x1
 1172 007a 13       		.uleb128 0x13
 1173 007b 00       		.byte	0x0
 1174 007c 00       		.byte	0x0
 1175 007d 0A       		.uleb128 0xa
 1176 007e 05       		.uleb128 0x5
 1177 007f 00       		.byte	0x0
 1178 0080 03       		.uleb128 0x3
 1179 0081 0E       		.uleb128 0xe
 1180 0082 3A       		.uleb128 0x3a
 1181 0083 0B       		.uleb128 0xb
ARM GAS  C:\Users\Miles\AppData\Local\Temp\ccfRerUr.s 			page 28


 1182 0084 3B       		.uleb128 0x3b
 1183 0085 0B       		.uleb128 0xb
 1184 0086 49       		.uleb128 0x49
 1185 0087 13       		.uleb128 0x13
 1186 0088 02       		.uleb128 0x2
 1187 0089 0A       		.uleb128 0xa
 1188 008a 00       		.byte	0x0
 1189 008b 00       		.byte	0x0
 1190 008c 0B       		.uleb128 0xb
 1191 008d 34       		.uleb128 0x34
 1192 008e 00       		.byte	0x0
 1193 008f 03       		.uleb128 0x3
 1194 0090 0E       		.uleb128 0xe
 1195 0091 3A       		.uleb128 0x3a
 1196 0092 0B       		.uleb128 0xb
 1197 0093 3B       		.uleb128 0x3b
 1198 0094 0B       		.uleb128 0xb
 1199 0095 49       		.uleb128 0x49
 1200 0096 13       		.uleb128 0x13
 1201 0097 02       		.uleb128 0x2
 1202 0098 0A       		.uleb128 0xa
 1203 0099 00       		.byte	0x0
 1204 009a 00       		.byte	0x0
 1205 009b 0C       		.uleb128 0xc
 1206 009c 2E       		.uleb128 0x2e
 1207 009d 01       		.byte	0x1
 1208 009e 3F       		.uleb128 0x3f
 1209 009f 0C       		.uleb128 0xc
 1210 00a0 03       		.uleb128 0x3
 1211 00a1 0E       		.uleb128 0xe
 1212 00a2 3A       		.uleb128 0x3a
 1213 00a3 0B       		.uleb128 0xb
 1214 00a4 3B       		.uleb128 0x3b
 1215 00a5 0B       		.uleb128 0xb
 1216 00a6 27       		.uleb128 0x27
 1217 00a7 0C       		.uleb128 0xc
 1218 00a8 49       		.uleb128 0x49
 1219 00a9 13       		.uleb128 0x13
 1220 00aa 11       		.uleb128 0x11
 1221 00ab 01       		.uleb128 0x1
 1222 00ac 12       		.uleb128 0x12
 1223 00ad 01       		.uleb128 0x1
 1224 00ae 40       		.uleb128 0x40
 1225 00af 06       		.uleb128 0x6
 1226 00b0 01       		.uleb128 0x1
 1227 00b1 13       		.uleb128 0x13
 1228 00b2 00       		.byte	0x0
 1229 00b3 00       		.byte	0x0
 1230 00b4 0D       		.uleb128 0xd
 1231 00b5 2E       		.uleb128 0x2e
 1232 00b6 00       		.byte	0x0
 1233 00b7 3F       		.uleb128 0x3f
 1234 00b8 0C       		.uleb128 0xc
 1235 00b9 03       		.uleb128 0x3
 1236 00ba 0E       		.uleb128 0xe
 1237 00bb 3A       		.uleb128 0x3a
 1238 00bc 0B       		.uleb128 0xb
ARM GAS  C:\Users\Miles\AppData\Local\Temp\ccfRerUr.s 			page 29


 1239 00bd 3B       		.uleb128 0x3b
 1240 00be 05       		.uleb128 0x5
 1241 00bf 27       		.uleb128 0x27
 1242 00c0 0C       		.uleb128 0xc
 1243 00c1 11       		.uleb128 0x11
 1244 00c2 01       		.uleb128 0x1
 1245 00c3 12       		.uleb128 0x12
 1246 00c4 01       		.uleb128 0x1
 1247 00c5 40       		.uleb128 0x40
 1248 00c6 06       		.uleb128 0x6
 1249 00c7 00       		.byte	0x0
 1250 00c8 00       		.byte	0x0
 1251 00c9 0E       		.uleb128 0xe
 1252 00ca 2E       		.uleb128 0x2e
 1253 00cb 00       		.byte	0x0
 1254 00cc 3F       		.uleb128 0x3f
 1255 00cd 0C       		.uleb128 0xc
 1256 00ce 03       		.uleb128 0x3
 1257 00cf 0E       		.uleb128 0xe
 1258 00d0 3A       		.uleb128 0x3a
 1259 00d1 0B       		.uleb128 0xb
 1260 00d2 3B       		.uleb128 0x3b
 1261 00d3 05       		.uleb128 0x5
 1262 00d4 27       		.uleb128 0x27
 1263 00d5 0C       		.uleb128 0xc
 1264 00d6 49       		.uleb128 0x49
 1265 00d7 13       		.uleb128 0x13
 1266 00d8 11       		.uleb128 0x11
 1267 00d9 01       		.uleb128 0x1
 1268 00da 12       		.uleb128 0x12
 1269 00db 01       		.uleb128 0x1
 1270 00dc 40       		.uleb128 0x40
 1271 00dd 06       		.uleb128 0x6
 1272 00de 00       		.byte	0x0
 1273 00df 00       		.byte	0x0
 1274 00e0 0F       		.uleb128 0xf
 1275 00e1 34       		.uleb128 0x34
 1276 00e2 00       		.byte	0x0
 1277 00e3 03       		.uleb128 0x3
 1278 00e4 0E       		.uleb128 0xe
 1279 00e5 3A       		.uleb128 0x3a
 1280 00e6 0B       		.uleb128 0xb
 1281 00e7 3B       		.uleb128 0x3b
 1282 00e8 0B       		.uleb128 0xb
 1283 00e9 49       		.uleb128 0x49
 1284 00ea 13       		.uleb128 0x13
 1285 00eb 3F       		.uleb128 0x3f
 1286 00ec 0C       		.uleb128 0xc
 1287 00ed 02       		.uleb128 0x2
 1288 00ee 0A       		.uleb128 0xa
 1289 00ef 00       		.byte	0x0
 1290 00f0 00       		.byte	0x0
 1291 00f1 00       		.byte	0x0
 1292              		.section	.debug_pubnames,"",%progbits
 1293 0000 6D010000 		.4byte	0x16d
 1294 0004 0200     		.2byte	0x2
 1295 0006 00000000 		.4byte	.Ldebug_info0
ARM GAS  C:\Users\Miles\AppData\Local\Temp\ccfRerUr.s 			page 30


 1296 000a 5F020000 		.4byte	0x25f
 1297 000e A5000000 		.4byte	0xa5
 1298 0012 506C6179 		.ascii	"Player1_Rx_Start\000"
 1298      6572315F 
 1298      52785F53 
 1298      74617274 
 1298      00
 1299 0023 BA000000 		.4byte	0xba
 1300 0027 506C6179 		.ascii	"Player1_Rx_StartEx\000"
 1300      6572315F 
 1300      52785F53 
 1300      74617274 
 1300      457800
 1301 003a E2000000 		.4byte	0xe2
 1302 003e 506C6179 		.ascii	"Player1_Rx_Stop\000"
 1302      6572315F 
 1302      52785F53 
 1302      746F7000 
 1303 004e F7000000 		.4byte	0xf7
 1304 0052 506C6179 		.ascii	"Player1_Rx_Interrupt\000"
 1304      6572315F 
 1304      52785F49 
 1304      6E746572 
 1304      72757074 
 1305 0067 0C010000 		.4byte	0x10c
 1306 006b 506C6179 		.ascii	"Player1_Rx_SetVector\000"
 1306      6572315F 
 1306      52785F53 
 1306      65745665 
 1306      63746F72 
 1307 0080 48010000 		.4byte	0x148
 1308 0084 506C6179 		.ascii	"Player1_Rx_GetVector\000"
 1308      6572315F 
 1308      52785F47 
 1308      65745665 
 1308      63746F72 
 1309 0099 74010000 		.4byte	0x174
 1310 009d 506C6179 		.ascii	"Player1_Rx_SetPriority\000"
 1310      6572315F 
 1310      52785F53 
 1310      65745072 
 1310      696F7269 
 1311 00b4 9C010000 		.4byte	0x19c
 1312 00b8 506C6179 		.ascii	"Player1_Rx_GetPriority\000"
 1312      6572315F 
 1312      52785F47 
 1312      65745072 
 1312      696F7269 
 1313 00cf C8010000 		.4byte	0x1c8
 1314 00d3 506C6179 		.ascii	"Player1_Rx_Enable\000"
 1314      6572315F 
 1314      52785F45 
 1314      6E61626C 
 1314      6500
 1315 00e5 DE010000 		.4byte	0x1de
 1316 00e9 506C6179 		.ascii	"Player1_Rx_GetState\000"
 1316      6572315F 
ARM GAS  C:\Users\Miles\AppData\Local\Temp\ccfRerUr.s 			page 31


 1316      52785F47 
 1316      65745374 
 1316      61746500 
 1317 00fd F8010000 		.4byte	0x1f8
 1318 0101 506C6179 		.ascii	"Player1_Rx_Disable\000"
 1318      6572315F 
 1318      52785F44 
 1318      69736162 
 1318      6C6500
 1319 0114 0E020000 		.4byte	0x20e
 1320 0118 506C6179 		.ascii	"Player1_Rx_SetPending\000"
 1320      6572315F 
 1320      52785F53 
 1320      65745065 
 1320      6E64696E 
 1321 012e 24020000 		.4byte	0x224
 1322 0132 506C6179 		.ascii	"Player1_Rx_ClearPending\000"
 1322      6572315F 
 1322      52785F43 
 1322      6C656172 
 1322      50656E64 
 1323 014a 3A020000 		.4byte	0x23a
 1324 014e 506C6179 		.ascii	"Player1_Rx\000"
 1324      6572315F 
 1324      527800
 1325 0159 4C020000 		.4byte	0x24c
 1326 015d 506C6179 		.ascii	"Player1_Rx_flag\000"
 1326      6572315F 
 1326      52785F66 
 1326      6C616700 
 1327 016d 00000000 		.4byte	0x0
 1328              		.section	.debug_aranges,"",%progbits
 1329 0000 7C000000 		.4byte	0x7c
 1330 0004 0200     		.2byte	0x2
 1331 0006 00000000 		.4byte	.Ldebug_info0
 1332 000a 04       		.byte	0x4
 1333 000b 00       		.byte	0x0
 1334 000c 0000     		.2byte	0x0
 1335 000e 0000     		.2byte	0x0
 1336 0010 00000000 		.4byte	.LFB0
 1337 0014 22000000 		.4byte	.LFE0-.LFB0
 1338 0018 00000000 		.4byte	.LFB1
 1339 001c 26000000 		.4byte	.LFE1-.LFB1
 1340 0020 00000000 		.4byte	.LFB2
 1341 0024 16000000 		.4byte	.LFE2-.LFB2
 1342 0028 00000000 		.4byte	.LFB3
 1343 002c 26000000 		.4byte	.LFE3-.LFB3
 1344 0030 00000000 		.4byte	.LFB4
 1345 0034 28000000 		.4byte	.LFE4-.LFB4
 1346 0038 00000000 		.4byte	.LFB5
 1347 003c 26000000 		.4byte	.LFE5-.LFB5
 1348 0040 00000000 		.4byte	.LFB6
 1349 0044 26000000 		.4byte	.LFE6-.LFB6
 1350 0048 00000000 		.4byte	.LFB7
 1351 004c 26000000 		.4byte	.LFE7-.LFB7
 1352 0050 00000000 		.4byte	.LFB8
 1353 0054 18000000 		.4byte	.LFE8-.LFB8
ARM GAS  C:\Users\Miles\AppData\Local\Temp\ccfRerUr.s 			page 32


 1354 0058 00000000 		.4byte	.LFB9
 1355 005c 2A000000 		.4byte	.LFE9-.LFB9
 1356 0060 00000000 		.4byte	.LFB10
 1357 0064 18000000 		.4byte	.LFE10-.LFB10
 1358 0068 00000000 		.4byte	.LFB11
 1359 006c 18000000 		.4byte	.LFE11-.LFB11
 1360 0070 00000000 		.4byte	.LFB12
 1361 0074 18000000 		.4byte	.LFE12-.LFB12
 1362 0078 00000000 		.4byte	0x0
 1363 007c 00000000 		.4byte	0x0
 1364              		.section	.debug_ranges,"",%progbits
 1365              	.Ldebug_ranges0:
 1366 0000 00000000 		.4byte	.Ltext0
 1367 0004 00000000 		.4byte	.Letext0
 1368 0008 00000000 		.4byte	.LFB0
 1369 000c 22000000 		.4byte	.LFE0
 1370 0010 00000000 		.4byte	.LFB1
 1371 0014 26000000 		.4byte	.LFE1
 1372 0018 00000000 		.4byte	.LFB2
 1373 001c 16000000 		.4byte	.LFE2
 1374 0020 00000000 		.4byte	.LFB3
 1375 0024 26000000 		.4byte	.LFE3
 1376 0028 00000000 		.4byte	.LFB4
 1377 002c 28000000 		.4byte	.LFE4
 1378 0030 00000000 		.4byte	.LFB5
 1379 0034 26000000 		.4byte	.LFE5
 1380 0038 00000000 		.4byte	.LFB6
 1381 003c 26000000 		.4byte	.LFE6
 1382 0040 00000000 		.4byte	.LFB7
 1383 0044 26000000 		.4byte	.LFE7
 1384 0048 00000000 		.4byte	.LFB8
 1385 004c 18000000 		.4byte	.LFE8
 1386 0050 00000000 		.4byte	.LFB9
 1387 0054 2A000000 		.4byte	.LFE9
 1388 0058 00000000 		.4byte	.LFB10
 1389 005c 18000000 		.4byte	.LFE10
 1390 0060 00000000 		.4byte	.LFB11
 1391 0064 18000000 		.4byte	.LFE11
 1392 0068 00000000 		.4byte	.LFB12
 1393 006c 18000000 		.4byte	.LFE12
 1394 0070 00000000 		.4byte	0x0
 1395 0074 00000000 		.4byte	0x0
 1396              		.section	.debug_str,"MS",%progbits,1
 1397              	.LASF5:
 1398 0000 6C6F6E67 		.ascii	"long long int\000"
 1398      206C6F6E 
 1398      6720696E 
 1398      7400
 1399              	.LASF24:
 1400 000e 506C6179 		.ascii	"Player1_Rx_GetPriority\000"
 1400      6572315F 
 1400      52785F47 
 1400      65745072 
 1400      696F7269 
 1401              	.LASF3:
 1402 0025 73686F72 		.ascii	"short unsigned int\000"
 1402      7420756E 
ARM GAS  C:\Users\Miles\AppData\Local\Temp\ccfRerUr.s 			page 33


 1402      7369676E 
 1402      65642069 
 1402      6E7400
 1403              	.LASF27:
 1404 0038 506C6179 		.ascii	"Player1_Rx_SetPending\000"
 1404      6572315F 
 1404      52785F53 
 1404      65745065 
 1404      6E64696E 
 1405              	.LASF18:
 1406 004e 506C6179 		.ascii	"Player1_Rx_SetVector\000"
 1406      6572315F 
 1406      52785F53 
 1406      65745665 
 1406      63746F72 
 1407              	.LASF10:
 1408 0063 666C6F61 		.ascii	"float\000"
 1408      7400
 1409              	.LASF33:
 1410 0069 433A5C55 		.ascii	"C:\\Users\\Miles\\Documents\\LEDPong\\LEDPong\\LEDP"
 1410      73657273 
 1410      5C4D696C 
 1410      65735C44 
 1410      6F63756D 
 1411 0096 6F6E672E 		.ascii	"ong.cydsn\000"
 1411      63796473 
 1411      6E00
 1412              	.LASF28:
 1413 00a0 506C6179 		.ascii	"Player1_Rx_ClearPending\000"
 1413      6572315F 
 1413      52785F43 
 1413      6C656172 
 1413      50656E64 
 1414              	.LASF8:
 1415 00b8 6C6F6E67 		.ascii	"long unsigned int\000"
 1415      20756E73 
 1415      69676E65 
 1415      6420696E 
 1415      7400
 1416              	.LASF12:
 1417 00ca 75696E74 		.ascii	"uint8\000"
 1417      3800
 1418              	.LASF22:
 1419 00d0 7072696F 		.ascii	"priority\000"
 1419      72697479 
 1419      00
 1420              	.LASF1:
 1421 00d9 756E7369 		.ascii	"unsigned char\000"
 1421      676E6564 
 1421      20636861 
 1421      7200
 1422              	.LASF11:
 1423 00e7 646F7562 		.ascii	"double\000"
 1423      6C6500
 1424              	.LASF17:
 1425 00ee 506C6179 		.ascii	"Player1_Rx_StartEx\000"
 1425      6572315F 
ARM GAS  C:\Users\Miles\AppData\Local\Temp\ccfRerUr.s 			page 34


 1425      52785F53 
 1425      74617274 
 1425      457800
 1426              	.LASF21:
 1427 0101 506C6179 		.ascii	"Player1_Rx_SetPriority\000"
 1427      6572315F 
 1427      52785F53 
 1427      65745072 
 1427      696F7269 
 1428              	.LASF23:
 1429 0118 506C6179 		.ascii	"Player1_Rx_GetVector\000"
 1429      6572315F 
 1429      52785F47 
 1429      65745665 
 1429      63746F72 
 1430              	.LASF14:
 1431 012d 506C6179 		.ascii	"Player1_Rx_Start\000"
 1431      6572315F 
 1431      52785F53 
 1431      74617274 
 1431      00
 1432              	.LASF4:
 1433 013e 756E7369 		.ascii	"unsigned int\000"
 1433      676E6564 
 1433      20696E74 
 1433      00
 1434              	.LASF19:
 1435 014b 61646472 		.ascii	"address\000"
 1435      65737300 
 1436              	.LASF6:
 1437 0153 6C6F6E67 		.ascii	"long long unsigned int\000"
 1437      206C6F6E 
 1437      6720756E 
 1437      7369676E 
 1437      65642069 
 1438              	.LASF32:
 1439 016a 2E5C4765 		.ascii	".\\Generated_Source\\PSoC5\\Player1_Rx.c\000"
 1439      6E657261 
 1439      7465645F 
 1439      536F7572 
 1439      63655C50 
 1440              	.LASF13:
 1441 0190 63796973 		.ascii	"cyisraddress\000"
 1441      72616464 
 1441      72657373 
 1441      00
 1442              	.LASF26:
 1443 019d 506C6179 		.ascii	"Player1_Rx_Disable\000"
 1443      6572315F 
 1443      52785F44 
 1443      69736162 
 1443      6C6500
 1444              	.LASF30:
 1445 01b0 506C6179 		.ascii	"Player1_Rx_flag\000"
 1445      6572315F 
 1445      52785F66 
 1445      6C616700 
ARM GAS  C:\Users\Miles\AppData\Local\Temp\ccfRerUr.s 			page 35


 1446              	.LASF31:
 1447 01c0 474E5520 		.ascii	"GNU C 4.4.1\000"
 1447      4320342E 
 1447      342E3100 
 1448              	.LASF9:
 1449 01cc 63686172 		.ascii	"char\000"
 1449      00
 1450              	.LASF20:
 1451 01d1 72616D56 		.ascii	"ramVectorTable\000"
 1451      6563746F 
 1451      72546162 
 1451      6C6500
 1452              	.LASF29:
 1453 01e0 506C6179 		.ascii	"Player1_Rx\000"
 1453      6572315F 
 1453      527800
 1454              	.LASF2:
 1455 01eb 73686F72 		.ascii	"short int\000"
 1455      7420696E 
 1455      7400
 1456              	.LASF16:
 1457 01f5 506C6179 		.ascii	"Player1_Rx_Interrupt\000"
 1457      6572315F 
 1457      52785F49 
 1457      6E746572 
 1457      72757074 
 1458              	.LASF7:
 1459 020a 6C6F6E67 		.ascii	"long int\000"
 1459      20696E74 
 1459      00
 1460              	.LASF15:
 1461 0213 506C6179 		.ascii	"Player1_Rx_Stop\000"
 1461      6572315F 
 1461      52785F53 
 1461      746F7000 
 1462              	.LASF0:
 1463 0223 7369676E 		.ascii	"signed char\000"
 1463      65642063 
 1463      68617200 
 1464              	.LASF25:
 1465 022f 506C6179 		.ascii	"Player1_Rx_Enable\000"
 1465      6572315F 
 1465      52785F45 
 1465      6E61626C 
 1465      6500
 1466              	.LASF34:
 1467 0241 506C6179 		.ascii	"Player1_Rx_GetState\000"
 1467      6572315F 
 1467      52785F47 
 1467      65745374 
 1467      61746500 
 1468              		.ident	"GCC: (Sourcery G++ Lite 2010q1-188) 4.4.1"
