ARM GAS  C:\Users\milesh\AppData\Local\Temp\ccddjwQY.s 			page 1


   1              		.syntax unified
   2              		.cpu cortex-m3
   3              		.fpu softvfp
   4              		.eabi_attribute 20, 1
   5              		.eabi_attribute 21, 1
   6              		.eabi_attribute 23, 3
   7              		.eabi_attribute 24, 1
   8              		.eabi_attribute 25, 1
   9              		.eabi_attribute 26, 1
  10              		.eabi_attribute 30, 6
  11              		.eabi_attribute 18, 4
  12              		.thumb
  13              		.file	"Player1_Rx.c"
  14              		.section	.debug_abbrev,"",%progbits
  15              	.Ldebug_abbrev0:
  16              		.section	.debug_info,"",%progbits
  17              	.Ldebug_info0:
  18              		.section	.debug_line,"",%progbits
  19              	.Ldebug_line0:
  20 0000 5C010000 		.text
  20      02006200 
  20      00000201 
  20      FB0E0D00 
  20      01010101 
  21              	.Ltext0:
  22              		.cfi_sections	.debug_frame
  23              		.global	Player1_Rx
  24              		.bss
  25              		.type	Player1_Rx, %object
  26              		.size	Player1_Rx, 1
  27              	Player1_Rx:
  28 0000 00       		.space	1
  29              		.global	Player1_Rx_flag
  30              		.type	Player1_Rx_flag, %object
  31              		.size	Player1_Rx_flag, 1
  32              	Player1_Rx_flag:
  33 0001 00       		.space	1
  34              		.section	.text.Player1_Rx_Start,"ax",%progbits
  35              		.align	2
  36              		.global	Player1_Rx_Start
  37              		.thumb
  38              		.thumb_func
  39              		.type	Player1_Rx_Start, %function
  40              	Player1_Rx_Start:
  41              	.LFB0:
  42              		.file 1 ".\\Generated_Source\\PSoC5\\Player1_Rx.c"
   1:.\Generated_Source\PSoC5/Player1_Rx.c **** /*******************************************************************************
   2:.\Generated_Source\PSoC5/Player1_Rx.c **** * File Name: Player1_Rx.c  
   3:.\Generated_Source\PSoC5/Player1_Rx.c **** * Version 1.70
   4:.\Generated_Source\PSoC5/Player1_Rx.c **** *
   5:.\Generated_Source\PSoC5/Player1_Rx.c **** *  Description:
   6:.\Generated_Source\PSoC5/Player1_Rx.c **** *   API for controlling the state of an interrupt.
   7:.\Generated_Source\PSoC5/Player1_Rx.c **** *
   8:.\Generated_Source\PSoC5/Player1_Rx.c **** *
   9:.\Generated_Source\PSoC5/Player1_Rx.c **** *  Note:
  10:.\Generated_Source\PSoC5/Player1_Rx.c **** *
  11:.\Generated_Source\PSoC5/Player1_Rx.c **** ********************************************************************************
ARM GAS  C:\Users\milesh\AppData\Local\Temp\ccddjwQY.s 			page 2


  12:.\Generated_Source\PSoC5/Player1_Rx.c **** * Copyright 2008-2012, Cypress Semiconductor Corporation.  All rights reserved.
  13:.\Generated_Source\PSoC5/Player1_Rx.c **** * You may use this file only in accordance with the license, terms, conditions, 
  14:.\Generated_Source\PSoC5/Player1_Rx.c **** * disclaimers, and limitations in the end user license agreement accompanying 
  15:.\Generated_Source\PSoC5/Player1_Rx.c **** * the software package with which this file was provided.
  16:.\Generated_Source\PSoC5/Player1_Rx.c **** *******************************************************************************/
  17:.\Generated_Source\PSoC5/Player1_Rx.c **** 
  18:.\Generated_Source\PSoC5/Player1_Rx.c **** 
  19:.\Generated_Source\PSoC5/Player1_Rx.c **** #include <CYDEVICE_TRM.H>
  20:.\Generated_Source\PSoC5/Player1_Rx.c **** #include <CYLIB.H>
  21:.\Generated_Source\PSoC5/Player1_Rx.c **** #include <Player1_Rx.H>
  22:.\Generated_Source\PSoC5/Player1_Rx.c **** 
  23:.\Generated_Source\PSoC5/Player1_Rx.c **** #if !defined(Player1_Rx__REMOVED) /* Check for removal by optimization */
  24:.\Generated_Source\PSoC5/Player1_Rx.c **** 
  25:.\Generated_Source\PSoC5/Player1_Rx.c **** /*******************************************************************************
  26:.\Generated_Source\PSoC5/Player1_Rx.c **** *  Place your includes, defines and code here 
  27:.\Generated_Source\PSoC5/Player1_Rx.c **** ********************************************************************************/
  28:.\Generated_Source\PSoC5/Player1_Rx.c **** #include <PlayerBT1.H>
  29:.\Generated_Source\PSoC5/Player1_Rx.c **** /* `#START Player1_Rx_intc` */
  30:.\Generated_Source\PSoC5/Player1_Rx.c **** uint8 Player1_Rx = 0;
  31:.\Generated_Source\PSoC5/Player1_Rx.c **** uint8 Player1_Rx_flag = 0;
  32:.\Generated_Source\PSoC5/Player1_Rx.c **** /* `#END` */
  33:.\Generated_Source\PSoC5/Player1_Rx.c **** 
  34:.\Generated_Source\PSoC5/Player1_Rx.c **** #ifndef CYINT_IRQ_BASE
  35:.\Generated_Source\PSoC5/Player1_Rx.c **** #define CYINT_IRQ_BASE      16
  36:.\Generated_Source\PSoC5/Player1_Rx.c **** #endif /* CYINT_IRQ_BASE */
  37:.\Generated_Source\PSoC5/Player1_Rx.c **** #ifndef CYINT_VECT_TABLE
  38:.\Generated_Source\PSoC5/Player1_Rx.c **** #define CYINT_VECT_TABLE    ((cyisraddress **) CYREG_NVIC_VECT_OFFSET)
  39:.\Generated_Source\PSoC5/Player1_Rx.c **** #endif /* CYINT_VECT_TABLE */
  40:.\Generated_Source\PSoC5/Player1_Rx.c **** 
  41:.\Generated_Source\PSoC5/Player1_Rx.c **** /* Declared in startup, used to set unused interrupts to. */
  42:.\Generated_Source\PSoC5/Player1_Rx.c **** CY_ISR_PROTO(IntDefaultHandler);
  43:.\Generated_Source\PSoC5/Player1_Rx.c **** 
  44:.\Generated_Source\PSoC5/Player1_Rx.c **** 
  45:.\Generated_Source\PSoC5/Player1_Rx.c **** /*******************************************************************************
  46:.\Generated_Source\PSoC5/Player1_Rx.c **** * Function Name: Player1_Rx_Start
  47:.\Generated_Source\PSoC5/Player1_Rx.c **** ********************************************************************************
  48:.\Generated_Source\PSoC5/Player1_Rx.c **** *
  49:.\Generated_Source\PSoC5/Player1_Rx.c **** * Summary:
  50:.\Generated_Source\PSoC5/Player1_Rx.c **** *  Set up the interrupt and enable it.
  51:.\Generated_Source\PSoC5/Player1_Rx.c **** *
  52:.\Generated_Source\PSoC5/Player1_Rx.c **** * Parameters:  
  53:.\Generated_Source\PSoC5/Player1_Rx.c **** *   None
  54:.\Generated_Source\PSoC5/Player1_Rx.c **** *
  55:.\Generated_Source\PSoC5/Player1_Rx.c **** * Return:
  56:.\Generated_Source\PSoC5/Player1_Rx.c **** *   None
  57:.\Generated_Source\PSoC5/Player1_Rx.c **** *
  58:.\Generated_Source\PSoC5/Player1_Rx.c **** *******************************************************************************/
  59:.\Generated_Source\PSoC5/Player1_Rx.c **** void Player1_Rx_Start(void)
  60:.\Generated_Source\PSoC5/Player1_Rx.c **** {
  43              		.loc 1 60 0
  44              		.cfi_startproc
  45              		@ args = 0, pretend = 0, frame = 0
  46              		@ frame_needed = 1, uses_anonymous_args = 0
  47 0000 80B5     		push	{r7, lr}
  48              	.LCFI0:
  49              		.cfi_def_cfa_offset 8
  50 0002 00AF     		add	r7, sp, #0
ARM GAS  C:\Users\milesh\AppData\Local\Temp\ccddjwQY.s 			page 3


  51              		.cfi_offset 14, -4
  52              		.cfi_offset 7, -8
  53              	.LCFI1:
  54              		.cfi_def_cfa_register 7
  61:.\Generated_Source\PSoC5/Player1_Rx.c ****     /* For all we know the interrupt is active. */
  62:.\Generated_Source\PSoC5/Player1_Rx.c ****     Player1_Rx_Disable();
  55              		.loc 1 62 0
  56 0004 FFF7FEFF 		bl	Player1_Rx_Disable
  63:.\Generated_Source\PSoC5/Player1_Rx.c **** 
  64:.\Generated_Source\PSoC5/Player1_Rx.c ****     /* Set the ISR to point to the Player1_Rx Interrupt. */
  65:.\Generated_Source\PSoC5/Player1_Rx.c ****     Player1_Rx_SetVector(&Player1_Rx_Interrupt);
  57              		.loc 1 65 0
  58 0008 40F20000 		movw	r0, #:lower16:Player1_Rx_Interrupt
  59 000c C0F20000 		movt	r0, #:upper16:Player1_Rx_Interrupt
  60 0010 FFF7FEFF 		bl	Player1_Rx_SetVector
  66:.\Generated_Source\PSoC5/Player1_Rx.c **** 
  67:.\Generated_Source\PSoC5/Player1_Rx.c ****     /* Set the priority. */
  68:.\Generated_Source\PSoC5/Player1_Rx.c ****     Player1_Rx_SetPriority((uint8)Player1_Rx_INTC_PRIOR_NUMBER);
  61              		.loc 1 68 0
  62 0014 4FF00700 		mov	r0, #7
  63 0018 FFF7FEFF 		bl	Player1_Rx_SetPriority
  69:.\Generated_Source\PSoC5/Player1_Rx.c **** 
  70:.\Generated_Source\PSoC5/Player1_Rx.c ****     /* Enable it. */
  71:.\Generated_Source\PSoC5/Player1_Rx.c ****     Player1_Rx_Enable();
  64              		.loc 1 71 0
  65 001c FFF7FEFF 		bl	Player1_Rx_Enable
  72:.\Generated_Source\PSoC5/Player1_Rx.c **** }
  66              		.loc 1 72 0
  67 0020 80BD     		pop	{r7, pc}
  68              		.cfi_endproc
  69              	.LFE0:
  70              		.size	Player1_Rx_Start, .-Player1_Rx_Start
  71 0022 00BF     		.section	.text.Player1_Rx_StartEx,"ax",%progbits
  72              		.align	2
  73              		.global	Player1_Rx_StartEx
  74              		.thumb
  75              		.thumb_func
  76              		.type	Player1_Rx_StartEx, %function
  77              	Player1_Rx_StartEx:
  78              	.LFB1:
  73:.\Generated_Source\PSoC5/Player1_Rx.c **** 
  74:.\Generated_Source\PSoC5/Player1_Rx.c **** 
  75:.\Generated_Source\PSoC5/Player1_Rx.c **** /*******************************************************************************
  76:.\Generated_Source\PSoC5/Player1_Rx.c **** * Function Name: Player1_Rx_StartEx
  77:.\Generated_Source\PSoC5/Player1_Rx.c **** ********************************************************************************
  78:.\Generated_Source\PSoC5/Player1_Rx.c **** *
  79:.\Generated_Source\PSoC5/Player1_Rx.c **** * Summary:
  80:.\Generated_Source\PSoC5/Player1_Rx.c **** *  Set up the interrupt and enable it.
  81:.\Generated_Source\PSoC5/Player1_Rx.c **** *
  82:.\Generated_Source\PSoC5/Player1_Rx.c **** * Parameters:  
  83:.\Generated_Source\PSoC5/Player1_Rx.c **** *   address: Address of the ISR to set in the interrupt vector table.
  84:.\Generated_Source\PSoC5/Player1_Rx.c **** *
  85:.\Generated_Source\PSoC5/Player1_Rx.c **** * Return:
  86:.\Generated_Source\PSoC5/Player1_Rx.c **** *   None
  87:.\Generated_Source\PSoC5/Player1_Rx.c **** *
  88:.\Generated_Source\PSoC5/Player1_Rx.c **** *******************************************************************************/
  89:.\Generated_Source\PSoC5/Player1_Rx.c **** void Player1_Rx_StartEx(cyisraddress address)
ARM GAS  C:\Users\milesh\AppData\Local\Temp\ccddjwQY.s 			page 4


  90:.\Generated_Source\PSoC5/Player1_Rx.c **** {
  79              		.loc 1 90 0
  80              		.cfi_startproc
  81              		@ args = 0, pretend = 0, frame = 8
  82              		@ frame_needed = 1, uses_anonymous_args = 0
  83 0000 80B5     		push	{r7, lr}
  84              	.LCFI2:
  85              		.cfi_def_cfa_offset 8
  86 0002 82B0     		sub	sp, sp, #8
  87              	.LCFI3:
  88              		.cfi_def_cfa_offset 16
  89 0004 00AF     		add	r7, sp, #0
  90              		.cfi_offset 14, -4
  91              		.cfi_offset 7, -8
  92              	.LCFI4:
  93              		.cfi_def_cfa_register 7
  94 0006 7860     		str	r0, [r7, #4]
  91:.\Generated_Source\PSoC5/Player1_Rx.c ****     /* For all we know the interrupt is active. */
  92:.\Generated_Source\PSoC5/Player1_Rx.c ****     Player1_Rx_Disable();
  95              		.loc 1 92 0
  96 0008 FFF7FEFF 		bl	Player1_Rx_Disable
  93:.\Generated_Source\PSoC5/Player1_Rx.c **** 
  94:.\Generated_Source\PSoC5/Player1_Rx.c ****     /* Set the ISR to point to the Player1_Rx Interrupt. */
  95:.\Generated_Source\PSoC5/Player1_Rx.c ****     Player1_Rx_SetVector(address);
  97              		.loc 1 95 0
  98 000c 7868     		ldr	r0, [r7, #4]
  99 000e FFF7FEFF 		bl	Player1_Rx_SetVector
  96:.\Generated_Source\PSoC5/Player1_Rx.c **** 
  97:.\Generated_Source\PSoC5/Player1_Rx.c ****     /* Set the priority. */
  98:.\Generated_Source\PSoC5/Player1_Rx.c ****     Player1_Rx_SetPriority((uint8)Player1_Rx_INTC_PRIOR_NUMBER);
 100              		.loc 1 98 0
 101 0012 4FF00700 		mov	r0, #7
 102 0016 FFF7FEFF 		bl	Player1_Rx_SetPriority
  99:.\Generated_Source\PSoC5/Player1_Rx.c **** 
 100:.\Generated_Source\PSoC5/Player1_Rx.c ****     /* Enable it. */
 101:.\Generated_Source\PSoC5/Player1_Rx.c ****     Player1_Rx_Enable();
 103              		.loc 1 101 0
 104 001a FFF7FEFF 		bl	Player1_Rx_Enable
 102:.\Generated_Source\PSoC5/Player1_Rx.c **** }
 105              		.loc 1 102 0
 106 001e 07F10807 		add	r7, r7, #8
 107 0022 BD46     		mov	sp, r7
 108 0024 80BD     		pop	{r7, pc}
 109              		.cfi_endproc
 110              	.LFE1:
 111              		.size	Player1_Rx_StartEx, .-Player1_Rx_StartEx
 112 0026 00BF     		.section	.text.Player1_Rx_Stop,"ax",%progbits
 113              		.align	2
 114              		.global	Player1_Rx_Stop
 115              		.thumb
 116              		.thumb_func
 117              		.type	Player1_Rx_Stop, %function
 118              	Player1_Rx_Stop:
 119              	.LFB2:
 103:.\Generated_Source\PSoC5/Player1_Rx.c **** 
 104:.\Generated_Source\PSoC5/Player1_Rx.c **** 
 105:.\Generated_Source\PSoC5/Player1_Rx.c **** /*******************************************************************************
ARM GAS  C:\Users\milesh\AppData\Local\Temp\ccddjwQY.s 			page 5


 106:.\Generated_Source\PSoC5/Player1_Rx.c **** * Function Name: Player1_Rx_Stop
 107:.\Generated_Source\PSoC5/Player1_Rx.c **** ********************************************************************************
 108:.\Generated_Source\PSoC5/Player1_Rx.c **** *
 109:.\Generated_Source\PSoC5/Player1_Rx.c **** * Summary:
 110:.\Generated_Source\PSoC5/Player1_Rx.c **** *   Disables and removes the interrupt.
 111:.\Generated_Source\PSoC5/Player1_Rx.c **** *
 112:.\Generated_Source\PSoC5/Player1_Rx.c **** * Parameters:  
 113:.\Generated_Source\PSoC5/Player1_Rx.c **** *
 114:.\Generated_Source\PSoC5/Player1_Rx.c **** * Return:
 115:.\Generated_Source\PSoC5/Player1_Rx.c **** *   None
 116:.\Generated_Source\PSoC5/Player1_Rx.c **** *
 117:.\Generated_Source\PSoC5/Player1_Rx.c **** *******************************************************************************/
 118:.\Generated_Source\PSoC5/Player1_Rx.c **** void Player1_Rx_Stop(void)
 119:.\Generated_Source\PSoC5/Player1_Rx.c **** {
 120              		.loc 1 119 0
 121              		.cfi_startproc
 122              		@ args = 0, pretend = 0, frame = 0
 123              		@ frame_needed = 1, uses_anonymous_args = 0
 124 0000 80B5     		push	{r7, lr}
 125              	.LCFI5:
 126              		.cfi_def_cfa_offset 8
 127 0002 00AF     		add	r7, sp, #0
 128              		.cfi_offset 14, -4
 129              		.cfi_offset 7, -8
 130              	.LCFI6:
 131              		.cfi_def_cfa_register 7
 120:.\Generated_Source\PSoC5/Player1_Rx.c ****     /* Disable this interrupt. */
 121:.\Generated_Source\PSoC5/Player1_Rx.c ****     Player1_Rx_Disable();
 132              		.loc 1 121 0
 133 0004 FFF7FEFF 		bl	Player1_Rx_Disable
 122:.\Generated_Source\PSoC5/Player1_Rx.c **** 
 123:.\Generated_Source\PSoC5/Player1_Rx.c ****     /* Set the ISR to point to the passive one. */
 124:.\Generated_Source\PSoC5/Player1_Rx.c ****     Player1_Rx_SetVector(&IntDefaultHandler);
 134              		.loc 1 124 0
 135 0008 40F20000 		movw	r0, #:lower16:IntDefaultHandler
 136 000c C0F20000 		movt	r0, #:upper16:IntDefaultHandler
 137 0010 FFF7FEFF 		bl	Player1_Rx_SetVector
 125:.\Generated_Source\PSoC5/Player1_Rx.c **** }
 138              		.loc 1 125 0
 139 0014 80BD     		pop	{r7, pc}
 140              		.cfi_endproc
 141              	.LFE2:
 142              		.size	Player1_Rx_Stop, .-Player1_Rx_Stop
 143 0016 00BF     		.section	.text.Player1_Rx_Interrupt,"ax",%progbits
 144              		.align	2
 145              		.global	Player1_Rx_Interrupt
 146              		.thumb
 147              		.thumb_func
 148              		.type	Player1_Rx_Interrupt, %function
 149              	Player1_Rx_Interrupt:
 150              	.LFB3:
 126:.\Generated_Source\PSoC5/Player1_Rx.c **** 
 127:.\Generated_Source\PSoC5/Player1_Rx.c **** 
 128:.\Generated_Source\PSoC5/Player1_Rx.c **** /*******************************************************************************
 129:.\Generated_Source\PSoC5/Player1_Rx.c **** * Function Name: Player1_Rx_Interrupt
 130:.\Generated_Source\PSoC5/Player1_Rx.c **** ********************************************************************************
 131:.\Generated_Source\PSoC5/Player1_Rx.c **** *
ARM GAS  C:\Users\milesh\AppData\Local\Temp\ccddjwQY.s 			page 6


 132:.\Generated_Source\PSoC5/Player1_Rx.c **** * Summary:
 133:.\Generated_Source\PSoC5/Player1_Rx.c **** *   The default Interrupt Service Routine for Player1_Rx.
 134:.\Generated_Source\PSoC5/Player1_Rx.c **** *
 135:.\Generated_Source\PSoC5/Player1_Rx.c **** *   Add custom code between the coments to keep the next version of this file
 136:.\Generated_Source\PSoC5/Player1_Rx.c **** *   from over writting your code.
 137:.\Generated_Source\PSoC5/Player1_Rx.c **** *
 138:.\Generated_Source\PSoC5/Player1_Rx.c **** * Parameters:  
 139:.\Generated_Source\PSoC5/Player1_Rx.c **** *
 140:.\Generated_Source\PSoC5/Player1_Rx.c **** * Return:
 141:.\Generated_Source\PSoC5/Player1_Rx.c **** *   None
 142:.\Generated_Source\PSoC5/Player1_Rx.c **** *
 143:.\Generated_Source\PSoC5/Player1_Rx.c **** *******************************************************************************/
 144:.\Generated_Source\PSoC5/Player1_Rx.c **** CY_ISR(Player1_Rx_Interrupt)
 145:.\Generated_Source\PSoC5/Player1_Rx.c **** {
 151              		.loc 1 145 0
 152              		.cfi_startproc
 153              		@ args = 0, pretend = 0, frame = 0
 154              		@ frame_needed = 1, uses_anonymous_args = 0
 155 0000 80B5     		push	{r7, lr}
 156              	.LCFI7:
 157              		.cfi_def_cfa_offset 8
 158 0002 00AF     		add	r7, sp, #0
 159              		.cfi_offset 14, -4
 160              		.cfi_offset 7, -8
 161              	.LCFI8:
 162              		.cfi_def_cfa_register 7
 146:.\Generated_Source\PSoC5/Player1_Rx.c ****     /*  Place your Interrupt code here. */
 147:.\Generated_Source\PSoC5/Player1_Rx.c ****     /* `#START Player1_Rx_Interrupt` */
 148:.\Generated_Source\PSoC5/Player1_Rx.c ****     Player1_Rx = PlayerBT1_GetChar();
 163              		.loc 1 148 0
 164 0004 FFF7FEFF 		bl	PlayerBT1_GetChar
 165 0008 0346     		mov	r3, r0
 166 000a 1A46     		mov	r2, r3
 167 000c 40F20003 		movw	r3, #:lower16:Player1_Rx
 168 0010 C0F20003 		movt	r3, #:upper16:Player1_Rx
 169 0014 1A70     		strb	r2, [r3, #0]
 149:.\Generated_Source\PSoC5/Player1_Rx.c ****     Player1_Rx_flag = 1;
 170              		.loc 1 149 0
 171 0016 40F20003 		movw	r3, #:lower16:Player1_Rx_flag
 172 001a C0F20003 		movt	r3, #:upper16:Player1_Rx_flag
 173 001e 4FF00102 		mov	r2, #1
 174 0022 1A70     		strb	r2, [r3, #0]
 150:.\Generated_Source\PSoC5/Player1_Rx.c ****     /* `#END` */
 151:.\Generated_Source\PSoC5/Player1_Rx.c **** }
 175              		.loc 1 151 0
 176 0024 80BD     		pop	{r7, pc}
 177              		.cfi_endproc
 178              	.LFE3:
 179              		.size	Player1_Rx_Interrupt, .-Player1_Rx_Interrupt
 180 0026 00BF     		.section	.text.Player1_Rx_SetVector,"ax",%progbits
 181              		.align	2
 182              		.global	Player1_Rx_SetVector
 183              		.thumb
 184              		.thumb_func
 185              		.type	Player1_Rx_SetVector, %function
 186              	Player1_Rx_SetVector:
 187              	.LFB4:
ARM GAS  C:\Users\milesh\AppData\Local\Temp\ccddjwQY.s 			page 7


 152:.\Generated_Source\PSoC5/Player1_Rx.c **** 
 153:.\Generated_Source\PSoC5/Player1_Rx.c **** 
 154:.\Generated_Source\PSoC5/Player1_Rx.c **** /*******************************************************************************
 155:.\Generated_Source\PSoC5/Player1_Rx.c **** * Function Name: Player1_Rx_SetVector
 156:.\Generated_Source\PSoC5/Player1_Rx.c **** ********************************************************************************
 157:.\Generated_Source\PSoC5/Player1_Rx.c **** *
 158:.\Generated_Source\PSoC5/Player1_Rx.c **** * Summary:
 159:.\Generated_Source\PSoC5/Player1_Rx.c **** *   Change the ISR vector for the Interrupt. Note calling Player1_Rx_Start
 160:.\Generated_Source\PSoC5/Player1_Rx.c **** *   will override any effect this method would have had. To set the vector 
 161:.\Generated_Source\PSoC5/Player1_Rx.c **** *   before the component has been started use Player1_Rx_StartEx instead.
 162:.\Generated_Source\PSoC5/Player1_Rx.c **** *
 163:.\Generated_Source\PSoC5/Player1_Rx.c **** * Parameters:
 164:.\Generated_Source\PSoC5/Player1_Rx.c **** *   address: Address of the ISR to set in the interrupt vector table.
 165:.\Generated_Source\PSoC5/Player1_Rx.c **** *
 166:.\Generated_Source\PSoC5/Player1_Rx.c **** * Return:
 167:.\Generated_Source\PSoC5/Player1_Rx.c **** *   None
 168:.\Generated_Source\PSoC5/Player1_Rx.c **** *
 169:.\Generated_Source\PSoC5/Player1_Rx.c **** *******************************************************************************/
 170:.\Generated_Source\PSoC5/Player1_Rx.c **** void Player1_Rx_SetVector(cyisraddress address)
 171:.\Generated_Source\PSoC5/Player1_Rx.c **** {
 188              		.loc 1 171 0
 189              		.cfi_startproc
 190              		@ args = 0, pretend = 0, frame = 16
 191              		@ frame_needed = 1, uses_anonymous_args = 0
 192              		@ link register save eliminated.
 193 0000 80B4     		push	{r7}
 194              	.LCFI9:
 195              		.cfi_def_cfa_offset 4
 196 0002 85B0     		sub	sp, sp, #20
 197              	.LCFI10:
 198              		.cfi_def_cfa_offset 24
 199 0004 00AF     		add	r7, sp, #0
 200              		.cfi_offset 7, -4
 201              	.LCFI11:
 202              		.cfi_def_cfa_register 7
 203 0006 7860     		str	r0, [r7, #4]
 172:.\Generated_Source\PSoC5/Player1_Rx.c ****     cyisraddress * ramVectorTable;
 173:.\Generated_Source\PSoC5/Player1_Rx.c **** 
 174:.\Generated_Source\PSoC5/Player1_Rx.c ****     ramVectorTable = (cyisraddress *) *CYINT_VECT_TABLE;
 204              		.loc 1 174 0
 205 0008 4EF60853 		movw	r3, #:lower16:-536810232
 206 000c CEF20003 		movt	r3, #:upper16:-536810232
 207 0010 1B68     		ldr	r3, [r3, #0]
 208 0012 FB60     		str	r3, [r7, #12]
 175:.\Generated_Source\PSoC5/Player1_Rx.c **** 
 176:.\Generated_Source\PSoC5/Player1_Rx.c ****     ramVectorTable[CYINT_IRQ_BASE + (uint32)Player1_Rx__INTC_NUMBER] = address;
 209              		.loc 1 176 0
 210 0014 FB68     		ldr	r3, [r7, #12]
 211 0016 03F14003 		add	r3, r3, #64
 212 001a 7A68     		ldr	r2, [r7, #4]
 213 001c 1A60     		str	r2, [r3, #0]
 177:.\Generated_Source\PSoC5/Player1_Rx.c **** }
 214              		.loc 1 177 0
 215 001e 07F11407 		add	r7, r7, #20
 216 0022 BD46     		mov	sp, r7
 217 0024 80BC     		pop	{r7}
 218 0026 7047     		bx	lr
ARM GAS  C:\Users\milesh\AppData\Local\Temp\ccddjwQY.s 			page 8


 219              		.cfi_endproc
 220              	.LFE4:
 221              		.size	Player1_Rx_SetVector, .-Player1_Rx_SetVector
 222              		.section	.text.Player1_Rx_GetVector,"ax",%progbits
 223              		.align	2
 224              		.global	Player1_Rx_GetVector
 225              		.thumb
 226              		.thumb_func
 227              		.type	Player1_Rx_GetVector, %function
 228              	Player1_Rx_GetVector:
 229              	.LFB5:
 178:.\Generated_Source\PSoC5/Player1_Rx.c **** 
 179:.\Generated_Source\PSoC5/Player1_Rx.c **** 
 180:.\Generated_Source\PSoC5/Player1_Rx.c **** /*******************************************************************************
 181:.\Generated_Source\PSoC5/Player1_Rx.c **** * Function Name: Player1_Rx_GetVector
 182:.\Generated_Source\PSoC5/Player1_Rx.c **** ********************************************************************************
 183:.\Generated_Source\PSoC5/Player1_Rx.c **** *
 184:.\Generated_Source\PSoC5/Player1_Rx.c **** * Summary:
 185:.\Generated_Source\PSoC5/Player1_Rx.c **** *   Gets the "address" of the current ISR vector for the Interrupt.
 186:.\Generated_Source\PSoC5/Player1_Rx.c **** *
 187:.\Generated_Source\PSoC5/Player1_Rx.c **** * Parameters:
 188:.\Generated_Source\PSoC5/Player1_Rx.c **** *   None
 189:.\Generated_Source\PSoC5/Player1_Rx.c **** *
 190:.\Generated_Source\PSoC5/Player1_Rx.c **** * Return:
 191:.\Generated_Source\PSoC5/Player1_Rx.c **** *   Address of the ISR in the interrupt vector table.
 192:.\Generated_Source\PSoC5/Player1_Rx.c **** *
 193:.\Generated_Source\PSoC5/Player1_Rx.c **** *******************************************************************************/
 194:.\Generated_Source\PSoC5/Player1_Rx.c **** cyisraddress Player1_Rx_GetVector(void)
 195:.\Generated_Source\PSoC5/Player1_Rx.c **** {
 230              		.loc 1 195 0
 231              		.cfi_startproc
 232              		@ args = 0, pretend = 0, frame = 8
 233              		@ frame_needed = 1, uses_anonymous_args = 0
 234              		@ link register save eliminated.
 235 0000 80B4     		push	{r7}
 236              	.LCFI12:
 237              		.cfi_def_cfa_offset 4
 238 0002 83B0     		sub	sp, sp, #12
 239              	.LCFI13:
 240              		.cfi_def_cfa_offset 16
 241 0004 00AF     		add	r7, sp, #0
 242              		.cfi_offset 7, -4
 243              	.LCFI14:
 244              		.cfi_def_cfa_register 7
 196:.\Generated_Source\PSoC5/Player1_Rx.c ****     cyisraddress * ramVectorTable;
 197:.\Generated_Source\PSoC5/Player1_Rx.c **** 
 198:.\Generated_Source\PSoC5/Player1_Rx.c ****     ramVectorTable = (cyisraddress *) *CYINT_VECT_TABLE;
 245              		.loc 1 198 0
 246 0006 4EF60853 		movw	r3, #:lower16:-536810232
 247 000a CEF20003 		movt	r3, #:upper16:-536810232
 248 000e 1B68     		ldr	r3, [r3, #0]
 249 0010 7B60     		str	r3, [r7, #4]
 199:.\Generated_Source\PSoC5/Player1_Rx.c **** 
 200:.\Generated_Source\PSoC5/Player1_Rx.c ****     return ramVectorTable[CYINT_IRQ_BASE + (uint32)Player1_Rx__INTC_NUMBER];
 250              		.loc 1 200 0
 251 0012 7B68     		ldr	r3, [r7, #4]
 252 0014 03F14003 		add	r3, r3, #64
ARM GAS  C:\Users\milesh\AppData\Local\Temp\ccddjwQY.s 			page 9


 253 0018 1B68     		ldr	r3, [r3, #0]
 201:.\Generated_Source\PSoC5/Player1_Rx.c **** }
 254              		.loc 1 201 0
 255 001a 1846     		mov	r0, r3
 256 001c 07F10C07 		add	r7, r7, #12
 257 0020 BD46     		mov	sp, r7
 258 0022 80BC     		pop	{r7}
 259 0024 7047     		bx	lr
 260              		.cfi_endproc
 261              	.LFE5:
 262              		.size	Player1_Rx_GetVector, .-Player1_Rx_GetVector
 263 0026 00BF     		.section	.text.Player1_Rx_SetPriority,"ax",%progbits
 264              		.align	2
 265              		.global	Player1_Rx_SetPriority
 266              		.thumb
 267              		.thumb_func
 268              		.type	Player1_Rx_SetPriority, %function
 269              	Player1_Rx_SetPriority:
 270              	.LFB6:
 202:.\Generated_Source\PSoC5/Player1_Rx.c **** 
 203:.\Generated_Source\PSoC5/Player1_Rx.c **** 
 204:.\Generated_Source\PSoC5/Player1_Rx.c **** /*******************************************************************************
 205:.\Generated_Source\PSoC5/Player1_Rx.c **** * Function Name: Player1_Rx_SetPriority
 206:.\Generated_Source\PSoC5/Player1_Rx.c **** ********************************************************************************
 207:.\Generated_Source\PSoC5/Player1_Rx.c **** *
 208:.\Generated_Source\PSoC5/Player1_Rx.c **** * Summary:
 209:.\Generated_Source\PSoC5/Player1_Rx.c **** *   Sets the Priority of the Interrupt. Note calling Player1_Rx_Start
 210:.\Generated_Source\PSoC5/Player1_Rx.c **** *   or Player1_Rx_StartEx will override any effect this method 
 211:.\Generated_Source\PSoC5/Player1_Rx.c **** *   would have had. This method should only be called after 
 212:.\Generated_Source\PSoC5/Player1_Rx.c **** *   Player1_Rx_Start or Player1_Rx_StartEx has been called. To set 
 213:.\Generated_Source\PSoC5/Player1_Rx.c **** *   the initial priority for the component use the cydwr file in the tool.
 214:.\Generated_Source\PSoC5/Player1_Rx.c **** *
 215:.\Generated_Source\PSoC5/Player1_Rx.c **** * Parameters:
 216:.\Generated_Source\PSoC5/Player1_Rx.c **** *   priority: Priority of the interrupt. 0 - 7, 0 being the highest.
 217:.\Generated_Source\PSoC5/Player1_Rx.c **** *
 218:.\Generated_Source\PSoC5/Player1_Rx.c **** * Return:
 219:.\Generated_Source\PSoC5/Player1_Rx.c **** *   None
 220:.\Generated_Source\PSoC5/Player1_Rx.c **** *
 221:.\Generated_Source\PSoC5/Player1_Rx.c **** *******************************************************************************/
 222:.\Generated_Source\PSoC5/Player1_Rx.c **** void Player1_Rx_SetPriority(uint8 priority)
 223:.\Generated_Source\PSoC5/Player1_Rx.c **** {
 271              		.loc 1 223 0
 272              		.cfi_startproc
 273              		@ args = 0, pretend = 0, frame = 8
 274              		@ frame_needed = 1, uses_anonymous_args = 0
 275              		@ link register save eliminated.
 276 0000 80B4     		push	{r7}
 277              	.LCFI15:
 278              		.cfi_def_cfa_offset 4
 279 0002 83B0     		sub	sp, sp, #12
 280              	.LCFI16:
 281              		.cfi_def_cfa_offset 16
 282 0004 00AF     		add	r7, sp, #0
 283              		.cfi_offset 7, -4
 284              	.LCFI17:
 285              		.cfi_def_cfa_register 7
 286 0006 0346     		mov	r3, r0
ARM GAS  C:\Users\milesh\AppData\Local\Temp\ccddjwQY.s 			page 10


 287 0008 FB71     		strb	r3, [r7, #7]
 224:.\Generated_Source\PSoC5/Player1_Rx.c ****     *Player1_Rx_INTC_PRIOR = priority << 5;
 288              		.loc 1 224 0
 289 000a 4EF20043 		movw	r3, #:lower16:-536812544
 290 000e CEF20003 		movt	r3, #:upper16:-536812544
 291 0012 FA79     		ldrb	r2, [r7, #7]
 292 0014 4FEA4212 		lsl	r2, r2, #5
 293 0018 D2B2     		uxtb	r2, r2
 294 001a 1A70     		strb	r2, [r3, #0]
 225:.\Generated_Source\PSoC5/Player1_Rx.c **** }
 295              		.loc 1 225 0
 296 001c 07F10C07 		add	r7, r7, #12
 297 0020 BD46     		mov	sp, r7
 298 0022 80BC     		pop	{r7}
 299 0024 7047     		bx	lr
 300              		.cfi_endproc
 301              	.LFE6:
 302              		.size	Player1_Rx_SetPriority, .-Player1_Rx_SetPriority
 303 0026 00BF     		.section	.text.Player1_Rx_GetPriority,"ax",%progbits
 304              		.align	2
 305              		.global	Player1_Rx_GetPriority
 306              		.thumb
 307              		.thumb_func
 308              		.type	Player1_Rx_GetPriority, %function
 309              	Player1_Rx_GetPriority:
 310              	.LFB7:
 226:.\Generated_Source\PSoC5/Player1_Rx.c **** 
 227:.\Generated_Source\PSoC5/Player1_Rx.c **** 
 228:.\Generated_Source\PSoC5/Player1_Rx.c **** /*******************************************************************************
 229:.\Generated_Source\PSoC5/Player1_Rx.c **** * Function Name: Player1_Rx_GetPriority
 230:.\Generated_Source\PSoC5/Player1_Rx.c **** ********************************************************************************
 231:.\Generated_Source\PSoC5/Player1_Rx.c **** *
 232:.\Generated_Source\PSoC5/Player1_Rx.c **** * Summary:
 233:.\Generated_Source\PSoC5/Player1_Rx.c **** *   Gets the Priority of the Interrupt.
 234:.\Generated_Source\PSoC5/Player1_Rx.c **** *
 235:.\Generated_Source\PSoC5/Player1_Rx.c **** * Parameters:
 236:.\Generated_Source\PSoC5/Player1_Rx.c **** *   None
 237:.\Generated_Source\PSoC5/Player1_Rx.c **** *
 238:.\Generated_Source\PSoC5/Player1_Rx.c **** * Return:
 239:.\Generated_Source\PSoC5/Player1_Rx.c **** *   Priority of the interrupt. 0 - 7, 0 being the highest.
 240:.\Generated_Source\PSoC5/Player1_Rx.c **** *
 241:.\Generated_Source\PSoC5/Player1_Rx.c **** *******************************************************************************/
 242:.\Generated_Source\PSoC5/Player1_Rx.c **** uint8 Player1_Rx_GetPriority(void)
 243:.\Generated_Source\PSoC5/Player1_Rx.c **** {
 311              		.loc 1 243 0
 312              		.cfi_startproc
 313              		@ args = 0, pretend = 0, frame = 8
 314              		@ frame_needed = 1, uses_anonymous_args = 0
 315              		@ link register save eliminated.
 316 0000 80B4     		push	{r7}
 317              	.LCFI18:
 318              		.cfi_def_cfa_offset 4
 319 0002 83B0     		sub	sp, sp, #12
 320              	.LCFI19:
 321              		.cfi_def_cfa_offset 16
 322 0004 00AF     		add	r7, sp, #0
 323              		.cfi_offset 7, -4
ARM GAS  C:\Users\milesh\AppData\Local\Temp\ccddjwQY.s 			page 11


 324              	.LCFI20:
 325              		.cfi_def_cfa_register 7
 244:.\Generated_Source\PSoC5/Player1_Rx.c ****     uint8 priority;
 245:.\Generated_Source\PSoC5/Player1_Rx.c **** 
 246:.\Generated_Source\PSoC5/Player1_Rx.c **** 
 247:.\Generated_Source\PSoC5/Player1_Rx.c ****     priority = *Player1_Rx_INTC_PRIOR >> 5;
 326              		.loc 1 247 0
 327 0006 4EF20043 		movw	r3, #:lower16:-536812544
 328 000a CEF20003 		movt	r3, #:upper16:-536812544
 329 000e 1B78     		ldrb	r3, [r3, #0]
 330 0010 DBB2     		uxtb	r3, r3
 331 0012 4FEA5313 		lsr	r3, r3, #5
 332 0016 FB71     		strb	r3, [r7, #7]
 248:.\Generated_Source\PSoC5/Player1_Rx.c **** 
 249:.\Generated_Source\PSoC5/Player1_Rx.c ****     return priority;
 333              		.loc 1 249 0
 334 0018 FB79     		ldrb	r3, [r7, #7]	@ zero_extendqisi2
 250:.\Generated_Source\PSoC5/Player1_Rx.c **** }
 335              		.loc 1 250 0
 336 001a 1846     		mov	r0, r3
 337 001c 07F10C07 		add	r7, r7, #12
 338 0020 BD46     		mov	sp, r7
 339 0022 80BC     		pop	{r7}
 340 0024 7047     		bx	lr
 341              		.cfi_endproc
 342              	.LFE7:
 343              		.size	Player1_Rx_GetPriority, .-Player1_Rx_GetPriority
 344 0026 00BF     		.section	.text.Player1_Rx_Enable,"ax",%progbits
 345              		.align	2
 346              		.global	Player1_Rx_Enable
 347              		.thumb
 348              		.thumb_func
 349              		.type	Player1_Rx_Enable, %function
 350              	Player1_Rx_Enable:
 351              	.LFB8:
 251:.\Generated_Source\PSoC5/Player1_Rx.c **** 
 252:.\Generated_Source\PSoC5/Player1_Rx.c **** 
 253:.\Generated_Source\PSoC5/Player1_Rx.c **** /*******************************************************************************
 254:.\Generated_Source\PSoC5/Player1_Rx.c **** * Function Name: Player1_Rx_Enable
 255:.\Generated_Source\PSoC5/Player1_Rx.c **** ********************************************************************************
 256:.\Generated_Source\PSoC5/Player1_Rx.c **** *
 257:.\Generated_Source\PSoC5/Player1_Rx.c **** * Summary:
 258:.\Generated_Source\PSoC5/Player1_Rx.c **** *   Enables the interrupt.
 259:.\Generated_Source\PSoC5/Player1_Rx.c **** *
 260:.\Generated_Source\PSoC5/Player1_Rx.c **** * Parameters:
 261:.\Generated_Source\PSoC5/Player1_Rx.c **** *   None
 262:.\Generated_Source\PSoC5/Player1_Rx.c **** *
 263:.\Generated_Source\PSoC5/Player1_Rx.c **** * Return:
 264:.\Generated_Source\PSoC5/Player1_Rx.c **** *   None
 265:.\Generated_Source\PSoC5/Player1_Rx.c **** *
 266:.\Generated_Source\PSoC5/Player1_Rx.c **** *******************************************************************************/
 267:.\Generated_Source\PSoC5/Player1_Rx.c **** void Player1_Rx_Enable(void)
 268:.\Generated_Source\PSoC5/Player1_Rx.c **** {
 352              		.loc 1 268 0
 353              		.cfi_startproc
 354              		@ args = 0, pretend = 0, frame = 0
 355              		@ frame_needed = 1, uses_anonymous_args = 0
ARM GAS  C:\Users\milesh\AppData\Local\Temp\ccddjwQY.s 			page 12


 356              		@ link register save eliminated.
 357 0000 80B4     		push	{r7}
 358              	.LCFI21:
 359              		.cfi_def_cfa_offset 4
 360 0002 00AF     		add	r7, sp, #0
 361              		.cfi_offset 7, -4
 362              	.LCFI22:
 363              		.cfi_def_cfa_register 7
 269:.\Generated_Source\PSoC5/Player1_Rx.c ****     /* Enable the general interrupt. */
 270:.\Generated_Source\PSoC5/Player1_Rx.c ****     *Player1_Rx_INTC_SET_EN = Player1_Rx__INTC_MASK;
 364              		.loc 1 270 0
 365 0004 4EF20013 		movw	r3, #:lower16:-536813312
 366 0008 CEF20003 		movt	r3, #:upper16:-536813312
 367 000c 4FF00102 		mov	r2, #1
 368 0010 1A60     		str	r2, [r3, #0]
 271:.\Generated_Source\PSoC5/Player1_Rx.c **** }
 369              		.loc 1 271 0
 370 0012 BD46     		mov	sp, r7
 371 0014 80BC     		pop	{r7}
 372 0016 7047     		bx	lr
 373              		.cfi_endproc
 374              	.LFE8:
 375              		.size	Player1_Rx_Enable, .-Player1_Rx_Enable
 376              		.section	.text.Player1_Rx_GetState,"ax",%progbits
 377              		.align	2
 378              		.global	Player1_Rx_GetState
 379              		.thumb
 380              		.thumb_func
 381              		.type	Player1_Rx_GetState, %function
 382              	Player1_Rx_GetState:
 383              	.LFB9:
 272:.\Generated_Source\PSoC5/Player1_Rx.c **** 
 273:.\Generated_Source\PSoC5/Player1_Rx.c **** 
 274:.\Generated_Source\PSoC5/Player1_Rx.c **** /*******************************************************************************
 275:.\Generated_Source\PSoC5/Player1_Rx.c **** * Function Name: Player1_Rx_GetState
 276:.\Generated_Source\PSoC5/Player1_Rx.c **** ********************************************************************************
 277:.\Generated_Source\PSoC5/Player1_Rx.c **** *
 278:.\Generated_Source\PSoC5/Player1_Rx.c **** * Summary:
 279:.\Generated_Source\PSoC5/Player1_Rx.c **** *   Gets the state (enabled, disabled) of the Interrupt.
 280:.\Generated_Source\PSoC5/Player1_Rx.c **** *
 281:.\Generated_Source\PSoC5/Player1_Rx.c **** * Parameters:
 282:.\Generated_Source\PSoC5/Player1_Rx.c **** *   None
 283:.\Generated_Source\PSoC5/Player1_Rx.c **** *
 284:.\Generated_Source\PSoC5/Player1_Rx.c **** * Return:
 285:.\Generated_Source\PSoC5/Player1_Rx.c **** *   1 if enabled, 0 if disabled.
 286:.\Generated_Source\PSoC5/Player1_Rx.c **** *
 287:.\Generated_Source\PSoC5/Player1_Rx.c **** *******************************************************************************/
 288:.\Generated_Source\PSoC5/Player1_Rx.c **** uint8 Player1_Rx_GetState(void)
 289:.\Generated_Source\PSoC5/Player1_Rx.c **** {
 384              		.loc 1 289 0
 385              		.cfi_startproc
 386              		@ args = 0, pretend = 0, frame = 0
 387              		@ frame_needed = 1, uses_anonymous_args = 0
 388              		@ link register save eliminated.
 389 0000 80B4     		push	{r7}
 390              	.LCFI23:
 391              		.cfi_def_cfa_offset 4
ARM GAS  C:\Users\milesh\AppData\Local\Temp\ccddjwQY.s 			page 13


 392 0002 00AF     		add	r7, sp, #0
 393              		.cfi_offset 7, -4
 394              	.LCFI24:
 395              		.cfi_def_cfa_register 7
 290:.\Generated_Source\PSoC5/Player1_Rx.c ****     /* Get the state of the general interrupt. */
 291:.\Generated_Source\PSoC5/Player1_Rx.c ****     return ((*Player1_Rx_INTC_SET_EN & (uint32)Player1_Rx__INTC_MASK) != 0u) ? 1u:0u;
 396              		.loc 1 291 0
 397 0004 4EF20013 		movw	r3, #:lower16:-536813312
 398 0008 CEF20003 		movt	r3, #:upper16:-536813312
 399 000c 1B68     		ldr	r3, [r3, #0]
 400 000e 03F00103 		and	r3, r3, #1
 401 0012 DBB2     		uxtb	r3, r3
 402 0014 002B     		cmp	r3, #0
 403 0016 02D0     		beq	.L20
 404 0018 4FF00103 		mov	r3, #1
 405 001c 01E0     		b	.L21
 406              	.L20:
 407 001e 4FF00003 		mov	r3, #0
 408              	.L21:
 292:.\Generated_Source\PSoC5/Player1_Rx.c **** }
 409              		.loc 1 292 0
 410 0022 1846     		mov	r0, r3
 411 0024 BD46     		mov	sp, r7
 412 0026 80BC     		pop	{r7}
 413 0028 7047     		bx	lr
 414              		.cfi_endproc
 415              	.LFE9:
 416              		.size	Player1_Rx_GetState, .-Player1_Rx_GetState
 417 002a 00BF     		.section	.text.Player1_Rx_Disable,"ax",%progbits
 418              		.align	2
 419              		.global	Player1_Rx_Disable
 420              		.thumb
 421              		.thumb_func
 422              		.type	Player1_Rx_Disable, %function
 423              	Player1_Rx_Disable:
 424              	.LFB10:
 293:.\Generated_Source\PSoC5/Player1_Rx.c **** 
 294:.\Generated_Source\PSoC5/Player1_Rx.c **** 
 295:.\Generated_Source\PSoC5/Player1_Rx.c **** /*******************************************************************************
 296:.\Generated_Source\PSoC5/Player1_Rx.c **** * Function Name: Player1_Rx_Disable
 297:.\Generated_Source\PSoC5/Player1_Rx.c **** ********************************************************************************
 298:.\Generated_Source\PSoC5/Player1_Rx.c **** *
 299:.\Generated_Source\PSoC5/Player1_Rx.c **** * Summary:
 300:.\Generated_Source\PSoC5/Player1_Rx.c **** *   Disables the Interrupt.
 301:.\Generated_Source\PSoC5/Player1_Rx.c **** *
 302:.\Generated_Source\PSoC5/Player1_Rx.c **** * Parameters:
 303:.\Generated_Source\PSoC5/Player1_Rx.c **** *   None
 304:.\Generated_Source\PSoC5/Player1_Rx.c **** *
 305:.\Generated_Source\PSoC5/Player1_Rx.c **** * Return:
 306:.\Generated_Source\PSoC5/Player1_Rx.c **** *   None
 307:.\Generated_Source\PSoC5/Player1_Rx.c **** *
 308:.\Generated_Source\PSoC5/Player1_Rx.c **** *******************************************************************************/
 309:.\Generated_Source\PSoC5/Player1_Rx.c **** void Player1_Rx_Disable(void)
 310:.\Generated_Source\PSoC5/Player1_Rx.c **** {
 425              		.loc 1 310 0
 426              		.cfi_startproc
 427              		@ args = 0, pretend = 0, frame = 0
ARM GAS  C:\Users\milesh\AppData\Local\Temp\ccddjwQY.s 			page 14


 428              		@ frame_needed = 1, uses_anonymous_args = 0
 429              		@ link register save eliminated.
 430 0000 80B4     		push	{r7}
 431              	.LCFI25:
 432              		.cfi_def_cfa_offset 4
 433 0002 00AF     		add	r7, sp, #0
 434              		.cfi_offset 7, -4
 435              	.LCFI26:
 436              		.cfi_def_cfa_register 7
 311:.\Generated_Source\PSoC5/Player1_Rx.c ****     /* Disable the general interrupt. */
 312:.\Generated_Source\PSoC5/Player1_Rx.c ****     *Player1_Rx_INTC_CLR_EN = Player1_Rx__INTC_MASK;
 437              		.loc 1 312 0
 438 0004 4EF28013 		movw	r3, #:lower16:-536813184
 439 0008 CEF20003 		movt	r3, #:upper16:-536813184
 440 000c 4FF00102 		mov	r2, #1
 441 0010 1A60     		str	r2, [r3, #0]
 313:.\Generated_Source\PSoC5/Player1_Rx.c **** }
 442              		.loc 1 313 0
 443 0012 BD46     		mov	sp, r7
 444 0014 80BC     		pop	{r7}
 445 0016 7047     		bx	lr
 446              		.cfi_endproc
 447              	.LFE10:
 448              		.size	Player1_Rx_Disable, .-Player1_Rx_Disable
 449              		.section	.text.Player1_Rx_SetPending,"ax",%progbits
 450              		.align	2
 451              		.global	Player1_Rx_SetPending
 452              		.thumb
 453              		.thumb_func
 454              		.type	Player1_Rx_SetPending, %function
 455              	Player1_Rx_SetPending:
 456              	.LFB11:
 314:.\Generated_Source\PSoC5/Player1_Rx.c **** 
 315:.\Generated_Source\PSoC5/Player1_Rx.c **** 
 316:.\Generated_Source\PSoC5/Player1_Rx.c **** /*******************************************************************************
 317:.\Generated_Source\PSoC5/Player1_Rx.c **** * Function Name: Player1_Rx_SetPending
 318:.\Generated_Source\PSoC5/Player1_Rx.c **** ********************************************************************************
 319:.\Generated_Source\PSoC5/Player1_Rx.c **** *
 320:.\Generated_Source\PSoC5/Player1_Rx.c **** * Summary:
 321:.\Generated_Source\PSoC5/Player1_Rx.c **** *   Causes the Interrupt to enter the pending state, a software method of
 322:.\Generated_Source\PSoC5/Player1_Rx.c **** *   generating the interrupt.
 323:.\Generated_Source\PSoC5/Player1_Rx.c **** *
 324:.\Generated_Source\PSoC5/Player1_Rx.c **** * Parameters:
 325:.\Generated_Source\PSoC5/Player1_Rx.c **** *   None
 326:.\Generated_Source\PSoC5/Player1_Rx.c **** *
 327:.\Generated_Source\PSoC5/Player1_Rx.c **** * Return:
 328:.\Generated_Source\PSoC5/Player1_Rx.c **** *   None
 329:.\Generated_Source\PSoC5/Player1_Rx.c **** *
 330:.\Generated_Source\PSoC5/Player1_Rx.c **** *******************************************************************************/
 331:.\Generated_Source\PSoC5/Player1_Rx.c **** void Player1_Rx_SetPending(void)
 332:.\Generated_Source\PSoC5/Player1_Rx.c **** {
 457              		.loc 1 332 0
 458              		.cfi_startproc
 459              		@ args = 0, pretend = 0, frame = 0
 460              		@ frame_needed = 1, uses_anonymous_args = 0
 461              		@ link register save eliminated.
 462 0000 80B4     		push	{r7}
ARM GAS  C:\Users\milesh\AppData\Local\Temp\ccddjwQY.s 			page 15


 463              	.LCFI27:
 464              		.cfi_def_cfa_offset 4
 465 0002 00AF     		add	r7, sp, #0
 466              		.cfi_offset 7, -4
 467              	.LCFI28:
 468              		.cfi_def_cfa_register 7
 333:.\Generated_Source\PSoC5/Player1_Rx.c ****     *Player1_Rx_INTC_SET_PD = Player1_Rx__INTC_MASK;
 469              		.loc 1 333 0
 470 0004 4EF20023 		movw	r3, #:lower16:-536813056
 471 0008 CEF20003 		movt	r3, #:upper16:-536813056
 472 000c 4FF00102 		mov	r2, #1
 473 0010 1A60     		str	r2, [r3, #0]
 334:.\Generated_Source\PSoC5/Player1_Rx.c **** }
 474              		.loc 1 334 0
 475 0012 BD46     		mov	sp, r7
 476 0014 80BC     		pop	{r7}
 477 0016 7047     		bx	lr
 478              		.cfi_endproc
 479              	.LFE11:
 480              		.size	Player1_Rx_SetPending, .-Player1_Rx_SetPending
 481              		.section	.text.Player1_Rx_ClearPending,"ax",%progbits
 482              		.align	2
 483              		.global	Player1_Rx_ClearPending
 484              		.thumb
 485              		.thumb_func
 486              		.type	Player1_Rx_ClearPending, %function
 487              	Player1_Rx_ClearPending:
 488              	.LFB12:
 335:.\Generated_Source\PSoC5/Player1_Rx.c **** 
 336:.\Generated_Source\PSoC5/Player1_Rx.c **** 
 337:.\Generated_Source\PSoC5/Player1_Rx.c **** /*******************************************************************************
 338:.\Generated_Source\PSoC5/Player1_Rx.c **** * Function Name: Player1_Rx_ClearPending
 339:.\Generated_Source\PSoC5/Player1_Rx.c **** ********************************************************************************
 340:.\Generated_Source\PSoC5/Player1_Rx.c **** *
 341:.\Generated_Source\PSoC5/Player1_Rx.c **** * Summary:
 342:.\Generated_Source\PSoC5/Player1_Rx.c **** *   Clears a pending interrupt.
 343:.\Generated_Source\PSoC5/Player1_Rx.c **** *
 344:.\Generated_Source\PSoC5/Player1_Rx.c **** * Parameters:
 345:.\Generated_Source\PSoC5/Player1_Rx.c **** *   None
 346:.\Generated_Source\PSoC5/Player1_Rx.c **** *
 347:.\Generated_Source\PSoC5/Player1_Rx.c **** * Return:
 348:.\Generated_Source\PSoC5/Player1_Rx.c **** *   None
 349:.\Generated_Source\PSoC5/Player1_Rx.c **** *
 350:.\Generated_Source\PSoC5/Player1_Rx.c **** *******************************************************************************/
 351:.\Generated_Source\PSoC5/Player1_Rx.c **** void Player1_Rx_ClearPending(void)
 352:.\Generated_Source\PSoC5/Player1_Rx.c **** {
 489              		.loc 1 352 0
 490              		.cfi_startproc
 491              		@ args = 0, pretend = 0, frame = 0
 492              		@ frame_needed = 1, uses_anonymous_args = 0
 493              		@ link register save eliminated.
 494 0000 80B4     		push	{r7}
 495              	.LCFI29:
 496              		.cfi_def_cfa_offset 4
 497 0002 00AF     		add	r7, sp, #0
 498              		.cfi_offset 7, -4
 499              	.LCFI30:
ARM GAS  C:\Users\milesh\AppData\Local\Temp\ccddjwQY.s 			page 16


 500              		.cfi_def_cfa_register 7
 353:.\Generated_Source\PSoC5/Player1_Rx.c ****     *Player1_Rx_INTC_CLR_PD = Player1_Rx__INTC_MASK;
 501              		.loc 1 353 0
 502 0004 4EF28023 		movw	r3, #:lower16:-536812928
 503 0008 CEF20003 		movt	r3, #:upper16:-536812928
 504 000c 4FF00102 		mov	r2, #1
 505 0010 1A60     		str	r2, [r3, #0]
 354:.\Generated_Source\PSoC5/Player1_Rx.c **** }
 506              		.loc 1 354 0
 507 0012 BD46     		mov	sp, r7
 508 0014 80BC     		pop	{r7}
 509 0016 7047     		bx	lr
 510              		.cfi_endproc
 511              	.LFE12:
 512              		.size	Player1_Rx_ClearPending, .-Player1_Rx_ClearPending
 513              		.text
 514              	.Letext0:
 515              		.section	.debug_loc,"",%progbits
 516              	.Ldebug_loc0:
 517              	.LLST0:
 518 0000 00000000 		.4byte	.LFB0
 519 0004 02000000 		.4byte	.LCFI0
 520 0008 0100     		.2byte	0x1
 521 000a 5D       		.byte	0x5d
 522 000b 02000000 		.4byte	.LCFI0
 523 000f 04000000 		.4byte	.LCFI1
 524 0013 0200     		.2byte	0x2
 525 0015 7D       		.byte	0x7d
 526 0016 08       		.sleb128 8
 527 0017 04000000 		.4byte	.LCFI1
 528 001b 22000000 		.4byte	.LFE0
 529 001f 0200     		.2byte	0x2
 530 0021 77       		.byte	0x77
 531 0022 08       		.sleb128 8
 532 0023 00000000 		.4byte	0x0
 533 0027 00000000 		.4byte	0x0
 534              	.LLST1:
 535 002b 00000000 		.4byte	.LFB1
 536 002f 02000000 		.4byte	.LCFI2
 537 0033 0100     		.2byte	0x1
 538 0035 5D       		.byte	0x5d
 539 0036 02000000 		.4byte	.LCFI2
 540 003a 04000000 		.4byte	.LCFI3
 541 003e 0200     		.2byte	0x2
 542 0040 7D       		.byte	0x7d
 543 0041 08       		.sleb128 8
 544 0042 04000000 		.4byte	.LCFI3
 545 0046 06000000 		.4byte	.LCFI4
 546 004a 0200     		.2byte	0x2
 547 004c 7D       		.byte	0x7d
 548 004d 10       		.sleb128 16
 549 004e 06000000 		.4byte	.LCFI4
 550 0052 26000000 		.4byte	.LFE1
 551 0056 0200     		.2byte	0x2
 552 0058 77       		.byte	0x77
 553 0059 10       		.sleb128 16
 554 005a 00000000 		.4byte	0x0
ARM GAS  C:\Users\milesh\AppData\Local\Temp\ccddjwQY.s 			page 17


 555 005e 00000000 		.4byte	0x0
 556              	.LLST2:
 557 0062 00000000 		.4byte	.LFB2
 558 0066 02000000 		.4byte	.LCFI5
 559 006a 0100     		.2byte	0x1
 560 006c 5D       		.byte	0x5d
 561 006d 02000000 		.4byte	.LCFI5
 562 0071 04000000 		.4byte	.LCFI6
 563 0075 0200     		.2byte	0x2
 564 0077 7D       		.byte	0x7d
 565 0078 08       		.sleb128 8
 566 0079 04000000 		.4byte	.LCFI6
 567 007d 16000000 		.4byte	.LFE2
 568 0081 0200     		.2byte	0x2
 569 0083 77       		.byte	0x77
 570 0084 08       		.sleb128 8
 571 0085 00000000 		.4byte	0x0
 572 0089 00000000 		.4byte	0x0
 573              	.LLST3:
 574 008d 00000000 		.4byte	.LFB3
 575 0091 02000000 		.4byte	.LCFI7
 576 0095 0100     		.2byte	0x1
 577 0097 5D       		.byte	0x5d
 578 0098 02000000 		.4byte	.LCFI7
 579 009c 04000000 		.4byte	.LCFI8
 580 00a0 0200     		.2byte	0x2
 581 00a2 7D       		.byte	0x7d
 582 00a3 08       		.sleb128 8
 583 00a4 04000000 		.4byte	.LCFI8
 584 00a8 26000000 		.4byte	.LFE3
 585 00ac 0200     		.2byte	0x2
 586 00ae 77       		.byte	0x77
 587 00af 08       		.sleb128 8
 588 00b0 00000000 		.4byte	0x0
 589 00b4 00000000 		.4byte	0x0
 590              	.LLST4:
 591 00b8 00000000 		.4byte	.LFB4
 592 00bc 02000000 		.4byte	.LCFI9
 593 00c0 0100     		.2byte	0x1
 594 00c2 5D       		.byte	0x5d
 595 00c3 02000000 		.4byte	.LCFI9
 596 00c7 04000000 		.4byte	.LCFI10
 597 00cb 0200     		.2byte	0x2
 598 00cd 7D       		.byte	0x7d
 599 00ce 04       		.sleb128 4
 600 00cf 04000000 		.4byte	.LCFI10
 601 00d3 06000000 		.4byte	.LCFI11
 602 00d7 0200     		.2byte	0x2
 603 00d9 7D       		.byte	0x7d
 604 00da 18       		.sleb128 24
 605 00db 06000000 		.4byte	.LCFI11
 606 00df 28000000 		.4byte	.LFE4
 607 00e3 0200     		.2byte	0x2
 608 00e5 77       		.byte	0x77
 609 00e6 18       		.sleb128 24
 610 00e7 00000000 		.4byte	0x0
 611 00eb 00000000 		.4byte	0x0
ARM GAS  C:\Users\milesh\AppData\Local\Temp\ccddjwQY.s 			page 18


 612              	.LLST5:
 613 00ef 00000000 		.4byte	.LFB5
 614 00f3 02000000 		.4byte	.LCFI12
 615 00f7 0100     		.2byte	0x1
 616 00f9 5D       		.byte	0x5d
 617 00fa 02000000 		.4byte	.LCFI12
 618 00fe 04000000 		.4byte	.LCFI13
 619 0102 0200     		.2byte	0x2
 620 0104 7D       		.byte	0x7d
 621 0105 04       		.sleb128 4
 622 0106 04000000 		.4byte	.LCFI13
 623 010a 06000000 		.4byte	.LCFI14
 624 010e 0200     		.2byte	0x2
 625 0110 7D       		.byte	0x7d
 626 0111 10       		.sleb128 16
 627 0112 06000000 		.4byte	.LCFI14
 628 0116 26000000 		.4byte	.LFE5
 629 011a 0200     		.2byte	0x2
 630 011c 77       		.byte	0x77
 631 011d 10       		.sleb128 16
 632 011e 00000000 		.4byte	0x0
 633 0122 00000000 		.4byte	0x0
 634              	.LLST6:
 635 0126 00000000 		.4byte	.LFB6
 636 012a 02000000 		.4byte	.LCFI15
 637 012e 0100     		.2byte	0x1
 638 0130 5D       		.byte	0x5d
 639 0131 02000000 		.4byte	.LCFI15
 640 0135 04000000 		.4byte	.LCFI16
 641 0139 0200     		.2byte	0x2
 642 013b 7D       		.byte	0x7d
 643 013c 04       		.sleb128 4
 644 013d 04000000 		.4byte	.LCFI16
 645 0141 06000000 		.4byte	.LCFI17
 646 0145 0200     		.2byte	0x2
 647 0147 7D       		.byte	0x7d
 648 0148 10       		.sleb128 16
 649 0149 06000000 		.4byte	.LCFI17
 650 014d 26000000 		.4byte	.LFE6
 651 0151 0200     		.2byte	0x2
 652 0153 77       		.byte	0x77
 653 0154 10       		.sleb128 16
 654 0155 00000000 		.4byte	0x0
 655 0159 00000000 		.4byte	0x0
 656              	.LLST7:
 657 015d 00000000 		.4byte	.LFB7
 658 0161 02000000 		.4byte	.LCFI18
 659 0165 0100     		.2byte	0x1
 660 0167 5D       		.byte	0x5d
 661 0168 02000000 		.4byte	.LCFI18
 662 016c 04000000 		.4byte	.LCFI19
 663 0170 0200     		.2byte	0x2
 664 0172 7D       		.byte	0x7d
 665 0173 04       		.sleb128 4
 666 0174 04000000 		.4byte	.LCFI19
 667 0178 06000000 		.4byte	.LCFI20
 668 017c 0200     		.2byte	0x2
ARM GAS  C:\Users\milesh\AppData\Local\Temp\ccddjwQY.s 			page 19


 669 017e 7D       		.byte	0x7d
 670 017f 10       		.sleb128 16
 671 0180 06000000 		.4byte	.LCFI20
 672 0184 26000000 		.4byte	.LFE7
 673 0188 0200     		.2byte	0x2
 674 018a 77       		.byte	0x77
 675 018b 10       		.sleb128 16
 676 018c 00000000 		.4byte	0x0
 677 0190 00000000 		.4byte	0x0
 678              	.LLST8:
 679 0194 00000000 		.4byte	.LFB8
 680 0198 02000000 		.4byte	.LCFI21
 681 019c 0100     		.2byte	0x1
 682 019e 5D       		.byte	0x5d
 683 019f 02000000 		.4byte	.LCFI21
 684 01a3 04000000 		.4byte	.LCFI22
 685 01a7 0200     		.2byte	0x2
 686 01a9 7D       		.byte	0x7d
 687 01aa 04       		.sleb128 4
 688 01ab 04000000 		.4byte	.LCFI22
 689 01af 18000000 		.4byte	.LFE8
 690 01b3 0200     		.2byte	0x2
 691 01b5 77       		.byte	0x77
 692 01b6 04       		.sleb128 4
 693 01b7 00000000 		.4byte	0x0
 694 01bb 00000000 		.4byte	0x0
 695              	.LLST9:
 696 01bf 00000000 		.4byte	.LFB9
 697 01c3 02000000 		.4byte	.LCFI23
 698 01c7 0100     		.2byte	0x1
 699 01c9 5D       		.byte	0x5d
 700 01ca 02000000 		.4byte	.LCFI23
 701 01ce 04000000 		.4byte	.LCFI24
 702 01d2 0200     		.2byte	0x2
 703 01d4 7D       		.byte	0x7d
 704 01d5 04       		.sleb128 4
 705 01d6 04000000 		.4byte	.LCFI24
 706 01da 2A000000 		.4byte	.LFE9
 707 01de 0200     		.2byte	0x2
 708 01e0 77       		.byte	0x77
 709 01e1 04       		.sleb128 4
 710 01e2 00000000 		.4byte	0x0
 711 01e6 00000000 		.4byte	0x0
 712              	.LLST10:
 713 01ea 00000000 		.4byte	.LFB10
 714 01ee 02000000 		.4byte	.LCFI25
 715 01f2 0100     		.2byte	0x1
 716 01f4 5D       		.byte	0x5d
 717 01f5 02000000 		.4byte	.LCFI25
 718 01f9 04000000 		.4byte	.LCFI26
 719 01fd 0200     		.2byte	0x2
 720 01ff 7D       		.byte	0x7d
 721 0200 04       		.sleb128 4
 722 0201 04000000 		.4byte	.LCFI26
 723 0205 18000000 		.4byte	.LFE10
 724 0209 0200     		.2byte	0x2
 725 020b 77       		.byte	0x77
ARM GAS  C:\Users\milesh\AppData\Local\Temp\ccddjwQY.s 			page 20


 726 020c 04       		.sleb128 4
 727 020d 00000000 		.4byte	0x0
 728 0211 00000000 		.4byte	0x0
 729              	.LLST11:
 730 0215 00000000 		.4byte	.LFB11
 731 0219 02000000 		.4byte	.LCFI27
 732 021d 0100     		.2byte	0x1
 733 021f 5D       		.byte	0x5d
 734 0220 02000000 		.4byte	.LCFI27
 735 0224 04000000 		.4byte	.LCFI28
 736 0228 0200     		.2byte	0x2
 737 022a 7D       		.byte	0x7d
 738 022b 04       		.sleb128 4
 739 022c 04000000 		.4byte	.LCFI28
 740 0230 18000000 		.4byte	.LFE11
 741 0234 0200     		.2byte	0x2
 742 0236 77       		.byte	0x77
 743 0237 04       		.sleb128 4
 744 0238 00000000 		.4byte	0x0
 745 023c 00000000 		.4byte	0x0
 746              	.LLST12:
 747 0240 00000000 		.4byte	.LFB12
 748 0244 02000000 		.4byte	.LCFI29
 749 0248 0100     		.2byte	0x1
 750 024a 5D       		.byte	0x5d
 751 024b 02000000 		.4byte	.LCFI29
 752 024f 04000000 		.4byte	.LCFI30
 753 0253 0200     		.2byte	0x2
 754 0255 7D       		.byte	0x7d
 755 0256 04       		.sleb128 4
 756 0257 04000000 		.4byte	.LCFI30
 757 025b 18000000 		.4byte	.LFE12
 758 025f 0200     		.2byte	0x2
 759 0261 77       		.byte	0x77
 760 0262 04       		.sleb128 4
 761 0263 00000000 		.4byte	0x0
 762 0267 00000000 		.4byte	0x0
 763              		.file 2 "./Generated_Source/PSoC5/cytypes.h"
 764              		.section	.debug_info
 765 0000 5B020000 		.4byte	0x25b
 766 0004 0200     		.2byte	0x2
 767 0006 00000000 		.4byte	.Ldebug_abbrev0
 768 000a 04       		.byte	0x4
 769 000b 01       		.uleb128 0x1
 770 000c B9010000 		.4byte	.LASF31
 771 0010 01       		.byte	0x1
 772 0011 63010000 		.4byte	.LASF32
 773 0015 A2000000 		.4byte	.LASF33
 774 0019 00000000 		.4byte	0x0
 775 001d 00000000 		.4byte	0x0
 776 0021 00000000 		.4byte	.Ldebug_ranges0+0x0
 777 0025 00000000 		.4byte	.Ldebug_line0
 778 0029 02       		.uleb128 0x2
 779 002a 01       		.byte	0x1
 780 002b 06       		.byte	0x6
 781 002c 1C020000 		.4byte	.LASF0
 782 0030 02       		.uleb128 0x2
ARM GAS  C:\Users\milesh\AppData\Local\Temp\ccddjwQY.s 			page 21


 783 0031 01       		.byte	0x1
 784 0032 08       		.byte	0x8
 785 0033 D2000000 		.4byte	.LASF1
 786 0037 02       		.uleb128 0x2
 787 0038 02       		.byte	0x2
 788 0039 05       		.byte	0x5
 789 003a E4010000 		.4byte	.LASF2
 790 003e 02       		.uleb128 0x2
 791 003f 02       		.byte	0x2
 792 0040 07       		.byte	0x7
 793 0041 25000000 		.4byte	.LASF3
 794 0045 03       		.uleb128 0x3
 795 0046 04       		.byte	0x4
 796 0047 05       		.byte	0x5
 797 0048 696E7400 		.ascii	"int\000"
 798 004c 02       		.uleb128 0x2
 799 004d 04       		.byte	0x4
 800 004e 07       		.byte	0x7
 801 004f 37010000 		.4byte	.LASF4
 802 0053 02       		.uleb128 0x2
 803 0054 08       		.byte	0x8
 804 0055 05       		.byte	0x5
 805 0056 00000000 		.4byte	.LASF5
 806 005a 02       		.uleb128 0x2
 807 005b 08       		.byte	0x8
 808 005c 07       		.byte	0x7
 809 005d 4C010000 		.4byte	.LASF6
 810 0061 02       		.uleb128 0x2
 811 0062 04       		.byte	0x4
 812 0063 05       		.byte	0x5
 813 0064 03020000 		.4byte	.LASF7
 814 0068 04       		.uleb128 0x4
 815 0069 04       		.byte	0x4
 816 006a 07       		.byte	0x7
 817 006b 02       		.uleb128 0x2
 818 006c 04       		.byte	0x4
 819 006d 07       		.byte	0x7
 820 006e 81000000 		.4byte	.LASF8
 821 0072 05       		.uleb128 0x5
 822 0073 01       		.byte	0x1
 823 0074 06       		.uleb128 0x6
 824 0075 04       		.byte	0x4
 825 0076 72000000 		.4byte	0x72
 826 007a 02       		.uleb128 0x2
 827 007b 01       		.byte	0x1
 828 007c 08       		.byte	0x8
 829 007d C5010000 		.4byte	.LASF9
 830 0081 07       		.uleb128 0x7
 831 0082 93000000 		.4byte	.LASF12
 832 0086 02       		.byte	0x2
 833 0087 4C       		.byte	0x4c
 834 0088 30000000 		.4byte	0x30
 835 008c 02       		.uleb128 0x2
 836 008d 04       		.byte	0x4
 837 008e 04       		.byte	0x4
 838 008f 63000000 		.4byte	.LASF10
 839 0093 02       		.uleb128 0x2
ARM GAS  C:\Users\milesh\AppData\Local\Temp\ccddjwQY.s 			page 22


 840 0094 08       		.byte	0x8
 841 0095 04       		.byte	0x4
 842 0096 E0000000 		.4byte	.LASF11
 843 009a 07       		.uleb128 0x7
 844 009b 89010000 		.4byte	.LASF13
 845 009f 02       		.byte	0x2
 846 00a0 EB       		.byte	0xeb
 847 00a1 74000000 		.4byte	0x74
 848 00a5 08       		.uleb128 0x8
 849 00a6 01       		.byte	0x1
 850 00a7 26010000 		.4byte	.LASF14
 851 00ab 01       		.byte	0x1
 852 00ac 3B       		.byte	0x3b
 853 00ad 01       		.byte	0x1
 854 00ae 00000000 		.4byte	.LFB0
 855 00b2 22000000 		.4byte	.LFE0
 856 00b6 00000000 		.4byte	.LLST0
 857 00ba 09       		.uleb128 0x9
 858 00bb 01       		.byte	0x1
 859 00bc E7000000 		.4byte	.LASF17
 860 00c0 01       		.byte	0x1
 861 00c1 59       		.byte	0x59
 862 00c2 01       		.byte	0x1
 863 00c3 00000000 		.4byte	.LFB1
 864 00c7 26000000 		.4byte	.LFE1
 865 00cb 2B000000 		.4byte	.LLST1
 866 00cf E2000000 		.4byte	0xe2
 867 00d3 0A       		.uleb128 0xa
 868 00d4 44010000 		.4byte	.LASF19
 869 00d8 01       		.byte	0x1
 870 00d9 59       		.byte	0x59
 871 00da 9A000000 		.4byte	0x9a
 872 00de 02       		.byte	0x2
 873 00df 91       		.byte	0x91
 874 00e0 74       		.sleb128 -12
 875 00e1 00       		.byte	0x0
 876 00e2 08       		.uleb128 0x8
 877 00e3 01       		.byte	0x1
 878 00e4 0C020000 		.4byte	.LASF15
 879 00e8 01       		.byte	0x1
 880 00e9 76       		.byte	0x76
 881 00ea 01       		.byte	0x1
 882 00eb 00000000 		.4byte	.LFB2
 883 00ef 16000000 		.4byte	.LFE2
 884 00f3 62000000 		.4byte	.LLST2
 885 00f7 08       		.uleb128 0x8
 886 00f8 01       		.byte	0x1
 887 00f9 EE010000 		.4byte	.LASF16
 888 00fd 01       		.byte	0x1
 889 00fe 90       		.byte	0x90
 890 00ff 01       		.byte	0x1
 891 0100 00000000 		.4byte	.LFB3
 892 0104 26000000 		.4byte	.LFE3
 893 0108 8D000000 		.4byte	.LLST3
 894 010c 09       		.uleb128 0x9
 895 010d 01       		.byte	0x1
 896 010e 4E000000 		.4byte	.LASF18
ARM GAS  C:\Users\milesh\AppData\Local\Temp\ccddjwQY.s 			page 23


 897 0112 01       		.byte	0x1
 898 0113 AA       		.byte	0xaa
 899 0114 01       		.byte	0x1
 900 0115 00000000 		.4byte	.LFB4
 901 0119 28000000 		.4byte	.LFE4
 902 011d B8000000 		.4byte	.LLST4
 903 0121 42010000 		.4byte	0x142
 904 0125 0A       		.uleb128 0xa
 905 0126 44010000 		.4byte	.LASF19
 906 012a 01       		.byte	0x1
 907 012b AA       		.byte	0xaa
 908 012c 9A000000 		.4byte	0x9a
 909 0130 02       		.byte	0x2
 910 0131 91       		.byte	0x91
 911 0132 6C       		.sleb128 -20
 912 0133 0B       		.uleb128 0xb
 913 0134 CA010000 		.4byte	.LASF20
 914 0138 01       		.byte	0x1
 915 0139 AC       		.byte	0xac
 916 013a 42010000 		.4byte	0x142
 917 013e 02       		.byte	0x2
 918 013f 91       		.byte	0x91
 919 0140 74       		.sleb128 -12
 920 0141 00       		.byte	0x0
 921 0142 06       		.uleb128 0x6
 922 0143 04       		.byte	0x4
 923 0144 9A000000 		.4byte	0x9a
 924 0148 0C       		.uleb128 0xc
 925 0149 01       		.byte	0x1
 926 014a 11010000 		.4byte	.LASF23
 927 014e 01       		.byte	0x1
 928 014f C2       		.byte	0xc2
 929 0150 01       		.byte	0x1
 930 0151 9A000000 		.4byte	0x9a
 931 0155 00000000 		.4byte	.LFB5
 932 0159 26000000 		.4byte	.LFE5
 933 015d EF000000 		.4byte	.LLST5
 934 0161 74010000 		.4byte	0x174
 935 0165 0B       		.uleb128 0xb
 936 0166 CA010000 		.4byte	.LASF20
 937 016a 01       		.byte	0x1
 938 016b C4       		.byte	0xc4
 939 016c 42010000 		.4byte	0x142
 940 0170 02       		.byte	0x2
 941 0171 91       		.byte	0x91
 942 0172 74       		.sleb128 -12
 943 0173 00       		.byte	0x0
 944 0174 09       		.uleb128 0x9
 945 0175 01       		.byte	0x1
 946 0176 FA000000 		.4byte	.LASF21
 947 017a 01       		.byte	0x1
 948 017b DE       		.byte	0xde
 949 017c 01       		.byte	0x1
 950 017d 00000000 		.4byte	.LFB6
 951 0181 26000000 		.4byte	.LFE6
 952 0185 26010000 		.4byte	.LLST6
 953 0189 9C010000 		.4byte	0x19c
ARM GAS  C:\Users\milesh\AppData\Local\Temp\ccddjwQY.s 			page 24


 954 018d 0A       		.uleb128 0xa
 955 018e 99000000 		.4byte	.LASF22
 956 0192 01       		.byte	0x1
 957 0193 DE       		.byte	0xde
 958 0194 81000000 		.4byte	0x81
 959 0198 02       		.byte	0x2
 960 0199 91       		.byte	0x91
 961 019a 77       		.sleb128 -9
 962 019b 00       		.byte	0x0
 963 019c 0C       		.uleb128 0xc
 964 019d 01       		.byte	0x1
 965 019e 0E000000 		.4byte	.LASF24
 966 01a2 01       		.byte	0x1
 967 01a3 F2       		.byte	0xf2
 968 01a4 01       		.byte	0x1
 969 01a5 81000000 		.4byte	0x81
 970 01a9 00000000 		.4byte	.LFB7
 971 01ad 26000000 		.4byte	.LFE7
 972 01b1 5D010000 		.4byte	.LLST7
 973 01b5 C8010000 		.4byte	0x1c8
 974 01b9 0B       		.uleb128 0xb
 975 01ba 99000000 		.4byte	.LASF22
 976 01be 01       		.byte	0x1
 977 01bf F4       		.byte	0xf4
 978 01c0 81000000 		.4byte	0x81
 979 01c4 02       		.byte	0x2
 980 01c5 91       		.byte	0x91
 981 01c6 77       		.sleb128 -9
 982 01c7 00       		.byte	0x0
 983 01c8 0D       		.uleb128 0xd
 984 01c9 01       		.byte	0x1
 985 01ca 28020000 		.4byte	.LASF25
 986 01ce 01       		.byte	0x1
 987 01cf 0B01     		.2byte	0x10b
 988 01d1 01       		.byte	0x1
 989 01d2 00000000 		.4byte	.LFB8
 990 01d6 18000000 		.4byte	.LFE8
 991 01da 94010000 		.4byte	.LLST8
 992 01de 0E       		.uleb128 0xe
 993 01df 01       		.byte	0x1
 994 01e0 3A020000 		.4byte	.LASF34
 995 01e4 01       		.byte	0x1
 996 01e5 2001     		.2byte	0x120
 997 01e7 01       		.byte	0x1
 998 01e8 81000000 		.4byte	0x81
 999 01ec 00000000 		.4byte	.LFB9
 1000 01f0 2A000000 		.4byte	.LFE9
 1001 01f4 BF010000 		.4byte	.LLST9
 1002 01f8 0D       		.uleb128 0xd
 1003 01f9 01       		.byte	0x1
 1004 01fa 96010000 		.4byte	.LASF26
 1005 01fe 01       		.byte	0x1
 1006 01ff 3501     		.2byte	0x135
 1007 0201 01       		.byte	0x1
 1008 0202 00000000 		.4byte	.LFB10
 1009 0206 18000000 		.4byte	.LFE10
 1010 020a EA010000 		.4byte	.LLST10
ARM GAS  C:\Users\milesh\AppData\Local\Temp\ccddjwQY.s 			page 25


 1011 020e 0D       		.uleb128 0xd
 1012 020f 01       		.byte	0x1
 1013 0210 38000000 		.4byte	.LASF27
 1014 0214 01       		.byte	0x1
 1015 0215 4B01     		.2byte	0x14b
 1016 0217 01       		.byte	0x1
 1017 0218 00000000 		.4byte	.LFB11
 1018 021c 18000000 		.4byte	.LFE11
 1019 0220 15020000 		.4byte	.LLST11
 1020 0224 0D       		.uleb128 0xd
 1021 0225 01       		.byte	0x1
 1022 0226 69000000 		.4byte	.LASF28
 1023 022a 01       		.byte	0x1
 1024 022b 5F01     		.2byte	0x15f
 1025 022d 01       		.byte	0x1
 1026 022e 00000000 		.4byte	.LFB12
 1027 0232 18000000 		.4byte	.LFE12
 1028 0236 40020000 		.4byte	.LLST12
 1029 023a 0F       		.uleb128 0xf
 1030 023b D9010000 		.4byte	.LASF29
 1031 023f 01       		.byte	0x1
 1032 0240 1E       		.byte	0x1e
 1033 0241 81000000 		.4byte	0x81
 1034 0245 01       		.byte	0x1
 1035 0246 05       		.byte	0x5
 1036 0247 03       		.byte	0x3
 1037 0248 00000000 		.4byte	Player1_Rx
 1038 024c 0F       		.uleb128 0xf
 1039 024d A9010000 		.4byte	.LASF30
 1040 0251 01       		.byte	0x1
 1041 0252 1F       		.byte	0x1f
 1042 0253 81000000 		.4byte	0x81
 1043 0257 01       		.byte	0x1
 1044 0258 05       		.byte	0x5
 1045 0259 03       		.byte	0x3
 1046 025a 00000000 		.4byte	Player1_Rx_flag
 1047 025e 00       		.byte	0x0
 1048              		.section	.debug_abbrev
 1049 0000 01       		.uleb128 0x1
 1050 0001 11       		.uleb128 0x11
 1051 0002 01       		.byte	0x1
 1052 0003 25       		.uleb128 0x25
 1053 0004 0E       		.uleb128 0xe
 1054 0005 13       		.uleb128 0x13
 1055 0006 0B       		.uleb128 0xb
 1056 0007 03       		.uleb128 0x3
 1057 0008 0E       		.uleb128 0xe
 1058 0009 1B       		.uleb128 0x1b
 1059 000a 0E       		.uleb128 0xe
 1060 000b 11       		.uleb128 0x11
 1061 000c 01       		.uleb128 0x1
 1062 000d 52       		.uleb128 0x52
 1063 000e 01       		.uleb128 0x1
 1064 000f 55       		.uleb128 0x55
 1065 0010 06       		.uleb128 0x6
 1066 0011 10       		.uleb128 0x10
 1067 0012 06       		.uleb128 0x6
ARM GAS  C:\Users\milesh\AppData\Local\Temp\ccddjwQY.s 			page 26


 1068 0013 00       		.byte	0x0
 1069 0014 00       		.byte	0x0
 1070 0015 02       		.uleb128 0x2
 1071 0016 24       		.uleb128 0x24
 1072 0017 00       		.byte	0x0
 1073 0018 0B       		.uleb128 0xb
 1074 0019 0B       		.uleb128 0xb
 1075 001a 3E       		.uleb128 0x3e
 1076 001b 0B       		.uleb128 0xb
 1077 001c 03       		.uleb128 0x3
 1078 001d 0E       		.uleb128 0xe
 1079 001e 00       		.byte	0x0
 1080 001f 00       		.byte	0x0
 1081 0020 03       		.uleb128 0x3
 1082 0021 24       		.uleb128 0x24
 1083 0022 00       		.byte	0x0
 1084 0023 0B       		.uleb128 0xb
 1085 0024 0B       		.uleb128 0xb
 1086 0025 3E       		.uleb128 0x3e
 1087 0026 0B       		.uleb128 0xb
 1088 0027 03       		.uleb128 0x3
 1089 0028 08       		.uleb128 0x8
 1090 0029 00       		.byte	0x0
 1091 002a 00       		.byte	0x0
 1092 002b 04       		.uleb128 0x4
 1093 002c 24       		.uleb128 0x24
 1094 002d 00       		.byte	0x0
 1095 002e 0B       		.uleb128 0xb
 1096 002f 0B       		.uleb128 0xb
 1097 0030 3E       		.uleb128 0x3e
 1098 0031 0B       		.uleb128 0xb
 1099 0032 00       		.byte	0x0
 1100 0033 00       		.byte	0x0
 1101 0034 05       		.uleb128 0x5
 1102 0035 15       		.uleb128 0x15
 1103 0036 00       		.byte	0x0
 1104 0037 27       		.uleb128 0x27
 1105 0038 0C       		.uleb128 0xc
 1106 0039 00       		.byte	0x0
 1107 003a 00       		.byte	0x0
 1108 003b 06       		.uleb128 0x6
 1109 003c 0F       		.uleb128 0xf
 1110 003d 00       		.byte	0x0
 1111 003e 0B       		.uleb128 0xb
 1112 003f 0B       		.uleb128 0xb
 1113 0040 49       		.uleb128 0x49
 1114 0041 13       		.uleb128 0x13
 1115 0042 00       		.byte	0x0
 1116 0043 00       		.byte	0x0
 1117 0044 07       		.uleb128 0x7
 1118 0045 16       		.uleb128 0x16
 1119 0046 00       		.byte	0x0
 1120 0047 03       		.uleb128 0x3
 1121 0048 0E       		.uleb128 0xe
 1122 0049 3A       		.uleb128 0x3a
 1123 004a 0B       		.uleb128 0xb
 1124 004b 3B       		.uleb128 0x3b
ARM GAS  C:\Users\milesh\AppData\Local\Temp\ccddjwQY.s 			page 27


 1125 004c 0B       		.uleb128 0xb
 1126 004d 49       		.uleb128 0x49
 1127 004e 13       		.uleb128 0x13
 1128 004f 00       		.byte	0x0
 1129 0050 00       		.byte	0x0
 1130 0051 08       		.uleb128 0x8
 1131 0052 2E       		.uleb128 0x2e
 1132 0053 00       		.byte	0x0
 1133 0054 3F       		.uleb128 0x3f
 1134 0055 0C       		.uleb128 0xc
 1135 0056 03       		.uleb128 0x3
 1136 0057 0E       		.uleb128 0xe
 1137 0058 3A       		.uleb128 0x3a
 1138 0059 0B       		.uleb128 0xb
 1139 005a 3B       		.uleb128 0x3b
 1140 005b 0B       		.uleb128 0xb
 1141 005c 27       		.uleb128 0x27
 1142 005d 0C       		.uleb128 0xc
 1143 005e 11       		.uleb128 0x11
 1144 005f 01       		.uleb128 0x1
 1145 0060 12       		.uleb128 0x12
 1146 0061 01       		.uleb128 0x1
 1147 0062 40       		.uleb128 0x40
 1148 0063 06       		.uleb128 0x6
 1149 0064 00       		.byte	0x0
 1150 0065 00       		.byte	0x0
 1151 0066 09       		.uleb128 0x9
 1152 0067 2E       		.uleb128 0x2e
 1153 0068 01       		.byte	0x1
 1154 0069 3F       		.uleb128 0x3f
 1155 006a 0C       		.uleb128 0xc
 1156 006b 03       		.uleb128 0x3
 1157 006c 0E       		.uleb128 0xe
 1158 006d 3A       		.uleb128 0x3a
 1159 006e 0B       		.uleb128 0xb
 1160 006f 3B       		.uleb128 0x3b
 1161 0070 0B       		.uleb128 0xb
 1162 0071 27       		.uleb128 0x27
 1163 0072 0C       		.uleb128 0xc
 1164 0073 11       		.uleb128 0x11
 1165 0074 01       		.uleb128 0x1
 1166 0075 12       		.uleb128 0x12
 1167 0076 01       		.uleb128 0x1
 1168 0077 40       		.uleb128 0x40
 1169 0078 06       		.uleb128 0x6
 1170 0079 01       		.uleb128 0x1
 1171 007a 13       		.uleb128 0x13
 1172 007b 00       		.byte	0x0
 1173 007c 00       		.byte	0x0
 1174 007d 0A       		.uleb128 0xa
 1175 007e 05       		.uleb128 0x5
 1176 007f 00       		.byte	0x0
 1177 0080 03       		.uleb128 0x3
 1178 0081 0E       		.uleb128 0xe
 1179 0082 3A       		.uleb128 0x3a
 1180 0083 0B       		.uleb128 0xb
 1181 0084 3B       		.uleb128 0x3b
ARM GAS  C:\Users\milesh\AppData\Local\Temp\ccddjwQY.s 			page 28


 1182 0085 0B       		.uleb128 0xb
 1183 0086 49       		.uleb128 0x49
 1184 0087 13       		.uleb128 0x13
 1185 0088 02       		.uleb128 0x2
 1186 0089 0A       		.uleb128 0xa
 1187 008a 00       		.byte	0x0
 1188 008b 00       		.byte	0x0
 1189 008c 0B       		.uleb128 0xb
 1190 008d 34       		.uleb128 0x34
 1191 008e 00       		.byte	0x0
 1192 008f 03       		.uleb128 0x3
 1193 0090 0E       		.uleb128 0xe
 1194 0091 3A       		.uleb128 0x3a
 1195 0092 0B       		.uleb128 0xb
 1196 0093 3B       		.uleb128 0x3b
 1197 0094 0B       		.uleb128 0xb
 1198 0095 49       		.uleb128 0x49
 1199 0096 13       		.uleb128 0x13
 1200 0097 02       		.uleb128 0x2
 1201 0098 0A       		.uleb128 0xa
 1202 0099 00       		.byte	0x0
 1203 009a 00       		.byte	0x0
 1204 009b 0C       		.uleb128 0xc
 1205 009c 2E       		.uleb128 0x2e
 1206 009d 01       		.byte	0x1
 1207 009e 3F       		.uleb128 0x3f
 1208 009f 0C       		.uleb128 0xc
 1209 00a0 03       		.uleb128 0x3
 1210 00a1 0E       		.uleb128 0xe
 1211 00a2 3A       		.uleb128 0x3a
 1212 00a3 0B       		.uleb128 0xb
 1213 00a4 3B       		.uleb128 0x3b
 1214 00a5 0B       		.uleb128 0xb
 1215 00a6 27       		.uleb128 0x27
 1216 00a7 0C       		.uleb128 0xc
 1217 00a8 49       		.uleb128 0x49
 1218 00a9 13       		.uleb128 0x13
 1219 00aa 11       		.uleb128 0x11
 1220 00ab 01       		.uleb128 0x1
 1221 00ac 12       		.uleb128 0x12
 1222 00ad 01       		.uleb128 0x1
 1223 00ae 40       		.uleb128 0x40
 1224 00af 06       		.uleb128 0x6
 1225 00b0 01       		.uleb128 0x1
 1226 00b1 13       		.uleb128 0x13
 1227 00b2 00       		.byte	0x0
 1228 00b3 00       		.byte	0x0
 1229 00b4 0D       		.uleb128 0xd
 1230 00b5 2E       		.uleb128 0x2e
 1231 00b6 00       		.byte	0x0
 1232 00b7 3F       		.uleb128 0x3f
 1233 00b8 0C       		.uleb128 0xc
 1234 00b9 03       		.uleb128 0x3
 1235 00ba 0E       		.uleb128 0xe
 1236 00bb 3A       		.uleb128 0x3a
 1237 00bc 0B       		.uleb128 0xb
 1238 00bd 3B       		.uleb128 0x3b
ARM GAS  C:\Users\milesh\AppData\Local\Temp\ccddjwQY.s 			page 29


 1239 00be 05       		.uleb128 0x5
 1240 00bf 27       		.uleb128 0x27
 1241 00c0 0C       		.uleb128 0xc
 1242 00c1 11       		.uleb128 0x11
 1243 00c2 01       		.uleb128 0x1
 1244 00c3 12       		.uleb128 0x12
 1245 00c4 01       		.uleb128 0x1
 1246 00c5 40       		.uleb128 0x40
 1247 00c6 06       		.uleb128 0x6
 1248 00c7 00       		.byte	0x0
 1249 00c8 00       		.byte	0x0
 1250 00c9 0E       		.uleb128 0xe
 1251 00ca 2E       		.uleb128 0x2e
 1252 00cb 00       		.byte	0x0
 1253 00cc 3F       		.uleb128 0x3f
 1254 00cd 0C       		.uleb128 0xc
 1255 00ce 03       		.uleb128 0x3
 1256 00cf 0E       		.uleb128 0xe
 1257 00d0 3A       		.uleb128 0x3a
 1258 00d1 0B       		.uleb128 0xb
 1259 00d2 3B       		.uleb128 0x3b
 1260 00d3 05       		.uleb128 0x5
 1261 00d4 27       		.uleb128 0x27
 1262 00d5 0C       		.uleb128 0xc
 1263 00d6 49       		.uleb128 0x49
 1264 00d7 13       		.uleb128 0x13
 1265 00d8 11       		.uleb128 0x11
 1266 00d9 01       		.uleb128 0x1
 1267 00da 12       		.uleb128 0x12
 1268 00db 01       		.uleb128 0x1
 1269 00dc 40       		.uleb128 0x40
 1270 00dd 06       		.uleb128 0x6
 1271 00de 00       		.byte	0x0
 1272 00df 00       		.byte	0x0
 1273 00e0 0F       		.uleb128 0xf
 1274 00e1 34       		.uleb128 0x34
 1275 00e2 00       		.byte	0x0
 1276 00e3 03       		.uleb128 0x3
 1277 00e4 0E       		.uleb128 0xe
 1278 00e5 3A       		.uleb128 0x3a
 1279 00e6 0B       		.uleb128 0xb
 1280 00e7 3B       		.uleb128 0x3b
 1281 00e8 0B       		.uleb128 0xb
 1282 00e9 49       		.uleb128 0x49
 1283 00ea 13       		.uleb128 0x13
 1284 00eb 3F       		.uleb128 0x3f
 1285 00ec 0C       		.uleb128 0xc
 1286 00ed 02       		.uleb128 0x2
 1287 00ee 0A       		.uleb128 0xa
 1288 00ef 00       		.byte	0x0
 1289 00f0 00       		.byte	0x0
 1290 00f1 00       		.byte	0x0
 1291              		.section	.debug_pubnames,"",%progbits
 1292 0000 6D010000 		.4byte	0x16d
 1293 0004 0200     		.2byte	0x2
 1294 0006 00000000 		.4byte	.Ldebug_info0
 1295 000a 5F020000 		.4byte	0x25f
ARM GAS  C:\Users\milesh\AppData\Local\Temp\ccddjwQY.s 			page 30


 1296 000e A5000000 		.4byte	0xa5
 1297 0012 506C6179 		.ascii	"Player1_Rx_Start\000"
 1297      6572315F 
 1297      52785F53 
 1297      74617274 
 1297      00
 1298 0023 BA000000 		.4byte	0xba
 1299 0027 506C6179 		.ascii	"Player1_Rx_StartEx\000"
 1299      6572315F 
 1299      52785F53 
 1299      74617274 
 1299      457800
 1300 003a E2000000 		.4byte	0xe2
 1301 003e 506C6179 		.ascii	"Player1_Rx_Stop\000"
 1301      6572315F 
 1301      52785F53 
 1301      746F7000 
 1302 004e F7000000 		.4byte	0xf7
 1303 0052 506C6179 		.ascii	"Player1_Rx_Interrupt\000"
 1303      6572315F 
 1303      52785F49 
 1303      6E746572 
 1303      72757074 
 1304 0067 0C010000 		.4byte	0x10c
 1305 006b 506C6179 		.ascii	"Player1_Rx_SetVector\000"
 1305      6572315F 
 1305      52785F53 
 1305      65745665 
 1305      63746F72 
 1306 0080 48010000 		.4byte	0x148
 1307 0084 506C6179 		.ascii	"Player1_Rx_GetVector\000"
 1307      6572315F 
 1307      52785F47 
 1307      65745665 
 1307      63746F72 
 1308 0099 74010000 		.4byte	0x174
 1309 009d 506C6179 		.ascii	"Player1_Rx_SetPriority\000"
 1309      6572315F 
 1309      52785F53 
 1309      65745072 
 1309      696F7269 
 1310 00b4 9C010000 		.4byte	0x19c
 1311 00b8 506C6179 		.ascii	"Player1_Rx_GetPriority\000"
 1311      6572315F 
 1311      52785F47 
 1311      65745072 
 1311      696F7269 
 1312 00cf C8010000 		.4byte	0x1c8
 1313 00d3 506C6179 		.ascii	"Player1_Rx_Enable\000"
 1313      6572315F 
 1313      52785F45 
 1313      6E61626C 
 1313      6500
 1314 00e5 DE010000 		.4byte	0x1de
 1315 00e9 506C6179 		.ascii	"Player1_Rx_GetState\000"
 1315      6572315F 
 1315      52785F47 
ARM GAS  C:\Users\milesh\AppData\Local\Temp\ccddjwQY.s 			page 31


 1315      65745374 
 1315      61746500 
 1316 00fd F8010000 		.4byte	0x1f8
 1317 0101 506C6179 		.ascii	"Player1_Rx_Disable\000"
 1317      6572315F 
 1317      52785F44 
 1317      69736162 
 1317      6C6500
 1318 0114 0E020000 		.4byte	0x20e
 1319 0118 506C6179 		.ascii	"Player1_Rx_SetPending\000"
 1319      6572315F 
 1319      52785F53 
 1319      65745065 
 1319      6E64696E 
 1320 012e 24020000 		.4byte	0x224
 1321 0132 506C6179 		.ascii	"Player1_Rx_ClearPending\000"
 1321      6572315F 
 1321      52785F43 
 1321      6C656172 
 1321      50656E64 
 1322 014a 3A020000 		.4byte	0x23a
 1323 014e 506C6179 		.ascii	"Player1_Rx\000"
 1323      6572315F 
 1323      527800
 1324 0159 4C020000 		.4byte	0x24c
 1325 015d 506C6179 		.ascii	"Player1_Rx_flag\000"
 1325      6572315F 
 1325      52785F66 
 1325      6C616700 
 1326 016d 00000000 		.4byte	0x0
 1327              		.section	.debug_aranges,"",%progbits
 1328 0000 7C000000 		.4byte	0x7c
 1329 0004 0200     		.2byte	0x2
 1330 0006 00000000 		.4byte	.Ldebug_info0
 1331 000a 04       		.byte	0x4
 1332 000b 00       		.byte	0x0
 1333 000c 0000     		.2byte	0x0
 1334 000e 0000     		.2byte	0x0
 1335 0010 00000000 		.4byte	.LFB0
 1336 0014 22000000 		.4byte	.LFE0-.LFB0
 1337 0018 00000000 		.4byte	.LFB1
 1338 001c 26000000 		.4byte	.LFE1-.LFB1
 1339 0020 00000000 		.4byte	.LFB2
 1340 0024 16000000 		.4byte	.LFE2-.LFB2
 1341 0028 00000000 		.4byte	.LFB3
 1342 002c 26000000 		.4byte	.LFE3-.LFB3
 1343 0030 00000000 		.4byte	.LFB4
 1344 0034 28000000 		.4byte	.LFE4-.LFB4
 1345 0038 00000000 		.4byte	.LFB5
 1346 003c 26000000 		.4byte	.LFE5-.LFB5
 1347 0040 00000000 		.4byte	.LFB6
 1348 0044 26000000 		.4byte	.LFE6-.LFB6
 1349 0048 00000000 		.4byte	.LFB7
 1350 004c 26000000 		.4byte	.LFE7-.LFB7
 1351 0050 00000000 		.4byte	.LFB8
 1352 0054 18000000 		.4byte	.LFE8-.LFB8
 1353 0058 00000000 		.4byte	.LFB9
ARM GAS  C:\Users\milesh\AppData\Local\Temp\ccddjwQY.s 			page 32


 1354 005c 2A000000 		.4byte	.LFE9-.LFB9
 1355 0060 00000000 		.4byte	.LFB10
 1356 0064 18000000 		.4byte	.LFE10-.LFB10
 1357 0068 00000000 		.4byte	.LFB11
 1358 006c 18000000 		.4byte	.LFE11-.LFB11
 1359 0070 00000000 		.4byte	.LFB12
 1360 0074 18000000 		.4byte	.LFE12-.LFB12
 1361 0078 00000000 		.4byte	0x0
 1362 007c 00000000 		.4byte	0x0
 1363              		.section	.debug_ranges,"",%progbits
 1364              	.Ldebug_ranges0:
 1365 0000 00000000 		.4byte	.Ltext0
 1366 0004 00000000 		.4byte	.Letext0
 1367 0008 00000000 		.4byte	.LFB0
 1368 000c 22000000 		.4byte	.LFE0
 1369 0010 00000000 		.4byte	.LFB1
 1370 0014 26000000 		.4byte	.LFE1
 1371 0018 00000000 		.4byte	.LFB2
 1372 001c 16000000 		.4byte	.LFE2
 1373 0020 00000000 		.4byte	.LFB3
 1374 0024 26000000 		.4byte	.LFE3
 1375 0028 00000000 		.4byte	.LFB4
 1376 002c 28000000 		.4byte	.LFE4
 1377 0030 00000000 		.4byte	.LFB5
 1378 0034 26000000 		.4byte	.LFE5
 1379 0038 00000000 		.4byte	.LFB6
 1380 003c 26000000 		.4byte	.LFE6
 1381 0040 00000000 		.4byte	.LFB7
 1382 0044 26000000 		.4byte	.LFE7
 1383 0048 00000000 		.4byte	.LFB8
 1384 004c 18000000 		.4byte	.LFE8
 1385 0050 00000000 		.4byte	.LFB9
 1386 0054 2A000000 		.4byte	.LFE9
 1387 0058 00000000 		.4byte	.LFB10
 1388 005c 18000000 		.4byte	.LFE10
 1389 0060 00000000 		.4byte	.LFB11
 1390 0064 18000000 		.4byte	.LFE11
 1391 0068 00000000 		.4byte	.LFB12
 1392 006c 18000000 		.4byte	.LFE12
 1393 0070 00000000 		.4byte	0x0
 1394 0074 00000000 		.4byte	0x0
 1395              		.section	.debug_str,"MS",%progbits,1
 1396              	.LASF5:
 1397 0000 6C6F6E67 		.ascii	"long long int\000"
 1397      206C6F6E 
 1397      6720696E 
 1397      7400
 1398              	.LASF24:
 1399 000e 506C6179 		.ascii	"Player1_Rx_GetPriority\000"
 1399      6572315F 
 1399      52785F47 
 1399      65745072 
 1399      696F7269 
 1400              	.LASF3:
 1401 0025 73686F72 		.ascii	"short unsigned int\000"
 1401      7420756E 
 1401      7369676E 
ARM GAS  C:\Users\milesh\AppData\Local\Temp\ccddjwQY.s 			page 33


 1401      65642069 
 1401      6E7400
 1402              	.LASF27:
 1403 0038 506C6179 		.ascii	"Player1_Rx_SetPending\000"
 1403      6572315F 
 1403      52785F53 
 1403      65745065 
 1403      6E64696E 
 1404              	.LASF18:
 1405 004e 506C6179 		.ascii	"Player1_Rx_SetVector\000"
 1405      6572315F 
 1405      52785F53 
 1405      65745665 
 1405      63746F72 
 1406              	.LASF10:
 1407 0063 666C6F61 		.ascii	"float\000"
 1407      7400
 1408              	.LASF28:
 1409 0069 506C6179 		.ascii	"Player1_Rx_ClearPending\000"
 1409      6572315F 
 1409      52785F43 
 1409      6C656172 
 1409      50656E64 
 1410              	.LASF8:
 1411 0081 6C6F6E67 		.ascii	"long unsigned int\000"
 1411      20756E73 
 1411      69676E65 
 1411      6420696E 
 1411      7400
 1412              	.LASF12:
 1413 0093 75696E74 		.ascii	"uint8\000"
 1413      3800
 1414              	.LASF22:
 1415 0099 7072696F 		.ascii	"priority\000"
 1415      72697479 
 1415      00
 1416              	.LASF33:
 1417 00a2 433A5C67 		.ascii	"C:\\githubIGNOREME\\LEDPong\\LEDPong\\LEDPong.cydsn"
 1417      69746875 
 1417      6249474E 
 1417      4F52454D 
 1417      455C4C45 
 1418 00d1 00       		.ascii	"\000"
 1419              	.LASF1:
 1420 00d2 756E7369 		.ascii	"unsigned char\000"
 1420      676E6564 
 1420      20636861 
 1420      7200
 1421              	.LASF11:
 1422 00e0 646F7562 		.ascii	"double\000"
 1422      6C6500
 1423              	.LASF17:
 1424 00e7 506C6179 		.ascii	"Player1_Rx_StartEx\000"
 1424      6572315F 
 1424      52785F53 
 1424      74617274 
 1424      457800
ARM GAS  C:\Users\milesh\AppData\Local\Temp\ccddjwQY.s 			page 34


 1425              	.LASF21:
 1426 00fa 506C6179 		.ascii	"Player1_Rx_SetPriority\000"
 1426      6572315F 
 1426      52785F53 
 1426      65745072 
 1426      696F7269 
 1427              	.LASF23:
 1428 0111 506C6179 		.ascii	"Player1_Rx_GetVector\000"
 1428      6572315F 
 1428      52785F47 
 1428      65745665 
 1428      63746F72 
 1429              	.LASF14:
 1430 0126 506C6179 		.ascii	"Player1_Rx_Start\000"
 1430      6572315F 
 1430      52785F53 
 1430      74617274 
 1430      00
 1431              	.LASF4:
 1432 0137 756E7369 		.ascii	"unsigned int\000"
 1432      676E6564 
 1432      20696E74 
 1432      00
 1433              	.LASF19:
 1434 0144 61646472 		.ascii	"address\000"
 1434      65737300 
 1435              	.LASF6:
 1436 014c 6C6F6E67 		.ascii	"long long unsigned int\000"
 1436      206C6F6E 
 1436      6720756E 
 1436      7369676E 
 1436      65642069 
 1437              	.LASF32:
 1438 0163 2E5C4765 		.ascii	".\\Generated_Source\\PSoC5\\Player1_Rx.c\000"
 1438      6E657261 
 1438      7465645F 
 1438      536F7572 
 1438      63655C50 
 1439              	.LASF13:
 1440 0189 63796973 		.ascii	"cyisraddress\000"
 1440      72616464 
 1440      72657373 
 1440      00
 1441              	.LASF26:
 1442 0196 506C6179 		.ascii	"Player1_Rx_Disable\000"
 1442      6572315F 
 1442      52785F44 
 1442      69736162 
 1442      6C6500
 1443              	.LASF30:
 1444 01a9 506C6179 		.ascii	"Player1_Rx_flag\000"
 1444      6572315F 
 1444      52785F66 
 1444      6C616700 
 1445              	.LASF31:
 1446 01b9 474E5520 		.ascii	"GNU C 4.4.1\000"
 1446      4320342E 
ARM GAS  C:\Users\milesh\AppData\Local\Temp\ccddjwQY.s 			page 35


 1446      342E3100 
 1447              	.LASF9:
 1448 01c5 63686172 		.ascii	"char\000"
 1448      00
 1449              	.LASF20:
 1450 01ca 72616D56 		.ascii	"ramVectorTable\000"
 1450      6563746F 
 1450      72546162 
 1450      6C6500
 1451              	.LASF29:
 1452 01d9 506C6179 		.ascii	"Player1_Rx\000"
 1452      6572315F 
 1452      527800
 1453              	.LASF2:
 1454 01e4 73686F72 		.ascii	"short int\000"
 1454      7420696E 
 1454      7400
 1455              	.LASF16:
 1456 01ee 506C6179 		.ascii	"Player1_Rx_Interrupt\000"
 1456      6572315F 
 1456      52785F49 
 1456      6E746572 
 1456      72757074 
 1457              	.LASF7:
 1458 0203 6C6F6E67 		.ascii	"long int\000"
 1458      20696E74 
 1458      00
 1459              	.LASF15:
 1460 020c 506C6179 		.ascii	"Player1_Rx_Stop\000"
 1460      6572315F 
 1460      52785F53 
 1460      746F7000 
 1461              	.LASF0:
 1462 021c 7369676E 		.ascii	"signed char\000"
 1462      65642063 
 1462      68617200 
 1463              	.LASF25:
 1464 0228 506C6179 		.ascii	"Player1_Rx_Enable\000"
 1464      6572315F 
 1464      52785F45 
 1464      6E61626C 
 1464      6500
 1465              	.LASF34:
 1466 023a 506C6179 		.ascii	"Player1_Rx_GetState\000"
 1466      6572315F 
 1466      52785F47 
 1466      65745374 
 1466      61746500 
 1467              		.ident	"GCC: (Sourcery G++ Lite 2010q1-188) 4.4.1"
